Archive member included because of file (symbol)

../../BSP/Debug\libBSP.a(keypad.o)
                              ./lab12-foreback.o (keypad_scan)
../../BSP/Debug\libBSP.a(lcd.o)
                              ./lab12-foreback.o (lcd_init)
../../BSP/Debug\libBSP.a(leds.o)
                              ./lab12-foreback.o (leds_init)
../../BSP/Debug\libBSP.a(pbs.o)
                              ./lab12-foreback.o (pbs_init)
../../BSP/Debug\libBSP.a(rtc.o)
                              ./lab12-foreback.o (rtc_init)
../../BSP/Debug\libBSP.a(segs.o)
                              ./lab12-foreback.o (segs_init)
../../BSP/Debug\libBSP.a(system.o)
                              ./lab12-foreback.o (sys_init)
../../BSP/Debug\libBSP.a(timers.o)
                              ./lab12-foreback.o (timers_init)
../../BSP/Debug\libBSP.a(uart.o)
                              ./lab12-foreback.o (uart0_init)
../../BSP/Debug\libBSP.a(font8x16.o)
                              ../../BSP/Debug\libBSP.a(lcd.o) (font)
d:/target/eclipsearm/sourcery-g++-lite-arm-2011.03/bin/../lib/gcc/arm-none-eabi/4.5.2\libgcc.a(_udivsi3.o)
                              ../../BSP/Debug\libBSP.a(timers.o) (__aeabi_uidiv)
d:/target/eclipsearm/sourcery-g++-lite-arm-2011.03/bin/../lib/gcc/arm-none-eabi/4.5.2\libgcc.a(_dvmd_tls.o)
                              d:/target/eclipsearm/sourcery-g++-lite-arm-2011.03/bin/../lib/gcc/arm-none-eabi/4.5.2\libgcc.a(_udivsi3.o) (__aeabi_idiv0)
d:/target/eclipsearm/sourcery-g++-lite-arm-2011.03/bin/../lib/gcc/arm-none-eabi/4.5.2\libgcc.a(_aeabi_uldivmod.o)
                              ../../BSP/Debug\libBSP.a(timers.o) (__aeabi_uldivmod)
d:/target/eclipsearm/sourcery-g++-lite-arm-2011.03/bin/../lib/gcc/arm-none-eabi/4.5.2\libgcc.a(bpabi.o)
                              d:/target/eclipsearm/sourcery-g++-lite-arm-2011.03/bin/../lib/gcc/arm-none-eabi/4.5.2\libgcc.a(_aeabi_uldivmod.o) (__gnu_uldivmod_helper)
d:/target/eclipsearm/sourcery-g++-lite-arm-2011.03/bin/../lib/gcc/arm-none-eabi/4.5.2\libgcc.a(_divdi3.o)
                              d:/target/eclipsearm/sourcery-g++-lite-arm-2011.03/bin/../lib/gcc/arm-none-eabi/4.5.2\libgcc.a(bpabi.o) (__divdi3)
d:/target/eclipsearm/sourcery-g++-lite-arm-2011.03/bin/../lib/gcc/arm-none-eabi/4.5.2\libgcc.a(_udivdi3.o)
                              d:/target/eclipsearm/sourcery-g++-lite-arm-2011.03/bin/../lib/gcc/arm-none-eabi/4.5.2\libgcc.a(bpabi.o) (__udivdi3)
d:/target/eclipsearm/sourcery-g++-lite-arm-2011.03/bin/../lib/gcc/arm-none-eabi/4.5.2\libgcc.a(_clzsi2.o)
                              d:/target/eclipsearm/sourcery-g++-lite-arm-2011.03/bin/../lib/gcc/arm-none-eabi/4.5.2\libgcc.a(_divdi3.o) (__clzsi2)

Allocating common symbols
Common symbol       size              file

flagTask9           0x1               ./lab12-foreback.o
scancode            0x1               ./lab12-foreback.o
lcd_buffer          0x9600            ../../BSP/Debug\libBSP.a(lcd.o)
flagTask5           0x1               ./lab12-foreback.o
flagTask6           0x1               ./lab12-foreback.o
flagReadKeypad      0x1               ./lab12-foreback.o
flagPb              0x1               ./lab12-foreback.o
flagToggleLeds      0x1               ./lab12-foreback.o
flagWriteTicks      0x1               ./lab12-foreback.o
flagWriteRTC        0x1               ./lab12-foreback.o
flagTask8           0x1               ./lab12-foreback.o

Memory Configuration

Name             Origin             Length             Attributes
*default*        0x00000000         0xffffffff

Linker script and memory map

LOAD ./lab12-foreback.o
LOAD ../../BSP/Debug\libBSP.a
START GROUP
LOAD d:/target/eclipsearm/sourcery-g++-lite-arm-2011.03/bin/../lib/gcc/arm-none-eabi/4.5.2\libgcc.a
LOAD d:/target/eclipsearm/sourcery-g++-lite-arm-2011.03/bin/../lib/gcc/arm-none-eabi/4.5.2/../../../../arm-none-eabi/lib\libc.a
END GROUP
                0x0c100000                . = 0xc100000

.text           0x0c100000     0x5598
 *(.text)
 .text          0x0c100000      0x964 ./lab12-foreback.o
                0x0c100000                main
                0x0c100264                Task8
                0x0c1002e0                Task9
                0x0c1003b4                Task1
                0x0c10041c                Task2
                0x0c100548                Task3
                0x0c1005ec                Task4
                0x0c100680                Task5
                0x0c1006f4                Task6
                0x0c100750                Task7
                0x0c1007a4                isr_pb
                0x0c1007f4                isr_tick
 .text          0x0c100964      0x500 ../../BSP/Debug\libBSP.a(keypad.o)
                0x0c100964                keypad_scan
                0x0c100b88                keypad_pressed
                0x0c100bc0                keypad_open
                0x0c100c18                keypad_close
                0x0c100c5c                keypad_init
                0x0c100c78                keypad_getchar
                0x0c100cec                keypad_getchartime
                0x0c100d94                keypad_timeout_getchar
 .text          0x0c100e64     0x12a0 ../../BSP/Debug\libBSP.a(lcd.o)
                0x0c100e64                lcd_init
                0x0c100fe8                lcd_on
                0x0c101024                lcd_off
                0x0c101060                lcd_status
                0x0c101088                lcd_clear
                0x0c10110c                lcd_putpixel
                0x0c1011f8                lcd_getpixel
                0x0c101290                lcd_draw_hrow
                0x0c101338                lcd_draw_vrow
                0x0c1013e0                lcd_draw_box
                0x0c1014dc                lcd_putchar
                0x0c101630                lcd_puts
                0x0c1016bc                lcd_putint
                0x0c1017f4                lcd_puthex
                0x0c1018d4                lcd_putWallpaper
                0x0c101a30                lcd_putchar_x2
                0x0c101e60                lcd_puts_x2
                0x0c101eec                lcd_putint_x2
                0x0c102024                lcd_puthex_x2
 .text          0x0c102104      0x170 ../../BSP/Debug\libBSP.a(leds.o)
                0x0c102104                leds_init
                0x0c10212c                led_on
                0x0c102174                led_off
                0x0c1021b8                led_toggle
                0x0c102218                led_status
 .text          0x0c102274      0x34c ../../BSP/Debug\libBSP.a(pbs.o)
                0x0c102274                pbs_init
                0x0c102290                pb_scan
                0x0c1022ec                pb_pressed
                0x0c102324                pb_getchar
                0x0c102398                pb_timeout_getchar
                0x0c10246c                pb_getchartime
                0x0c102514                pbs_open
                0x0c10257c                pbs_close
 .text          0x0c1025c0      0x6bc ../../BSP/Debug\libBSP.a(rtc.o)
                0x0c1025c0                dectoBCD
                0x0c102654                BCDtodec
                0x0c10270c                rtc_init
                0x0c102848                rtc_puttime
                0x0c102974                rtc_gettime
                0x0c102bac                rtc_open
                0x0c102c28                rtc_close
 .text          0x0c102c7c       0xd4 ../../BSP/Debug\libBSP.a(segs.o)
                0x0c102c7c                segs_init
                0x0c102c98                segs_off
                0x0c102cd0                segs_putchar
                0x0c102d28                segs_status
 .text          0x0c102d50      0xcfc ../../BSP/Debug\libBSP.a(system.o)
                0x0c102d50                sys_init
                0x0c1032c0                isr_SWI_dummy
                0x0c1032ec                isr_UNDEF_dummy
                0x0c103318                isr_IRQ_dummy
                0x0c103344                isr_FIQ_dummy
                0x0c103370                isr_PABORT_dummy
                0x0c10339c                isr_DABORT_dummy
                0x0c1033c8                isr_ADC_dummy
                0x0c1033f0                isr_RTC_dummy
                0x0c103418                isr_UTXD1_dummy
                0x0c103440                isr_UTXD0_dummy
                0x0c103468                isr_SIO_dummy
                0x0c103490                isr_IIC_dummy
                0x0c1034b8                isr_URXD1_dummy
                0x0c1034e0                isr_URXD0_dummy
                0x0c103508                isr_TIMER5_dummy
                0x0c103530                isr_TIMER4_dummy
                0x0c103558                isr_TIMER3_dummy
                0x0c103580                isr_TIMER2_dummy
                0x0c1035a8                isr_TIMER1_dummy
                0x0c1035d0                isr_TIMER0_dummy
                0x0c1035f8                isr_UERR01_dummy
                0x0c103620                isr_WDT_dummy
                0x0c103648                isr_BDMA1_dummy
                0x0c103670                isr_BDMA0_dummy
                0x0c103698                isr_ZDMA1_dummy
                0x0c1036c0                isr_ZDMA0_dummy
                0x0c1036e8                isr_TICK_dummy
                0x0c103710                isr_PB_dummy
                0x0c103738                isr_ETHERNET_dummy
                0x0c103760                isr_TS_dummy
                0x0c103788                isr_KEYPAD_dummy
                0x0c1037b0                isr_USB_dummy
                0x0c1037fc                sleep
 .text          0x0c103a4c      0xa50 ../../BSP/Debug\libBSP.a(timers.o)
                0x0c103a4c                timers_init
                0x0c103c0c                wait_for_1ms
                0x0c103cc4                timer3_delay_ms
                0x0c103d08                sw_delay_ms
                0x0c103d60                wait_for_1s
                0x0c103e24                timer3_delay_s
                0x0c103e68                sw_delay_s
                0x0c103ec0                timer3_start
                0x0c103f70                timer3_stop
                0x0c103fc4                timer3_start_timeout
                0x0c10407c                timer3_timeout
                0x0c1040b8                timer0_open_tick
                0x0c1042fc                timer0_open_ms
                0x0c104408                timer0_close
 .text          0x0c10449c      0x604 ../../BSP/Debug\libBSP.a(uart.o)
                0x0c10449c                uart0_init
                0x0c104500                uart0_putchar
                0x0c104560                uart0_getchar
                0x0c1045a8                uart0_puts
                0x0c104610                uart0_putint
                0x0c104720                uart0_puthex
                0x0c1047d8                uart0_gets
                0x0c104844                uart0_getint
                0x0c1048fc                uart0_gethex
 .text          0x0c104aa0        0x0 ../../BSP/Debug\libBSP.a(font8x16.o)
 .text          0x0c104aa0      0x114 d:/target/eclipsearm/sourcery-g++-lite-arm-2011.03/bin/../lib/gcc/arm-none-eabi/4.5.2\libgcc.a(_udivsi3.o)
                0x0c104aa0                __aeabi_uidiv
                0x0c104aa0                __udivsi3
                0x0c104b94                __aeabi_uidivmod
 .text          0x0c104bb4        0x4 d:/target/eclipsearm/sourcery-g++-lite-arm-2011.03/bin/../lib/gcc/arm-none-eabi/4.5.2\libgcc.a(_dvmd_tls.o)
                0x0c104bb4                __aeabi_idiv0
                0x0c104bb4                __aeabi_ldiv0
 .text          0x0c104bb8       0x3c d:/target/eclipsearm/sourcery-g++-lite-arm-2011.03/bin/../lib/gcc/arm-none-eabi/4.5.2\libgcc.a(_aeabi_uldivmod.o)
                0x0c104bb8                __aeabi_uldivmod
 .text          0x0c104bf4       0x80 d:/target/eclipsearm/sourcery-g++-lite-arm-2011.03/bin/../lib/gcc/arm-none-eabi/4.5.2\libgcc.a(bpabi.o)
                0x0c104bf4                __gnu_ldivmod_helper
                0x0c104c34                __gnu_uldivmod_helper
 .text          0x0c104c74      0x4a8 d:/target/eclipsearm/sourcery-g++-lite-arm-2011.03/bin/../lib/gcc/arm-none-eabi/4.5.2\libgcc.a(_divdi3.o)
                0x0c104c74                __divdi3
 .text          0x0c10511c      0x434 d:/target/eclipsearm/sourcery-g++-lite-arm-2011.03/bin/../lib/gcc/arm-none-eabi/4.5.2\libgcc.a(_udivdi3.o)
                0x0c10511c                __udivdi3
 .text          0x0c105550       0x48 d:/target/eclipsearm/sourcery-g++-lite-arm-2011.03/bin/../lib/gcc/arm-none-eabi/4.5.2\libgcc.a(_clzsi2.o)
                0x0c105550                __clzsi2

.glue_7         0x0c105598        0x0
 .glue_7        0x00000000        0x0 linker stubs

.glue_7t        0x0c105598        0x0
 .glue_7t       0x00000000        0x0 linker stubs

.vfp11_veneer   0x0c105598        0x0
 .vfp11_veneer  0x00000000        0x0 linker stubs

.v4_bx          0x0c105598        0x0
 .v4_bx         0x00000000        0x0 linker stubs

.rodata         0x0c105598     0x176c
 *(.rodata)
 .rodata        0x0c105598      0x1a8 ./lab12-foreback.o
 .rodata        0x0c105740       0x10 ../../BSP/Debug\libBSP.a(segs.o)
 .rodata        0x0c105750      0x5b4 ../../BSP/Debug\libBSP.a(system.o)
 .rodata        0x0c105d04     0x1000 ../../BSP/Debug\libBSP.a(font8x16.o)
                0x0c105d04                font

.ARM.extab      0x0c106d04        0x0
 .ARM.extab     0x0c106d04        0x0 d:/target/eclipsearm/sourcery-g++-lite-arm-2011.03/bin/../lib/gcc/arm-none-eabi/4.5.2\libgcc.a(_divdi3.o)
 .ARM.extab     0x0c106d04        0x0 d:/target/eclipsearm/sourcery-g++-lite-arm-2011.03/bin/../lib/gcc/arm-none-eabi/4.5.2\libgcc.a(_udivdi3.o)

.ARM.exidx      0x0c106d04        0x8
 .ARM.exidx     0x0c106d04        0x8 d:/target/eclipsearm/sourcery-g++-lite-arm-2011.03/bin/../lib/gcc/arm-none-eabi/4.5.2\libgcc.a(_divdi3.o)
 .ARM.exidx     0x0c106d0c        0x0 d:/target/eclipsearm/sourcery-g++-lite-arm-2011.03/bin/../lib/gcc/arm-none-eabi/4.5.2\libgcc.a(_udivdi3.o)
                                  0x8 (size before relaxing)

.data           0x0c106d0c       0x12
 *(.data)
 .data          0x0c106d0c       0x12 ./lab12-foreback.o
 .data          0x0c106d1e        0x0 ../../BSP/Debug\libBSP.a(keypad.o)
 .data          0x0c106d1e        0x0 ../../BSP/Debug\libBSP.a(lcd.o)
 .data          0x0c106d1e        0x0 ../../BSP/Debug\libBSP.a(leds.o)
 .data          0x0c106d1e        0x0 ../../BSP/Debug\libBSP.a(pbs.o)
 .data          0x0c106d1e        0x0 ../../BSP/Debug\libBSP.a(rtc.o)
 .data          0x0c106d1e        0x0 ../../BSP/Debug\libBSP.a(segs.o)
 .data          0x0c106d1e        0x0 ../../BSP/Debug\libBSP.a(system.o)
 .data          0x0c106d1e        0x0 ../../BSP/Debug\libBSP.a(timers.o)
 .data          0x0c106d1e        0x0 ../../BSP/Debug\libBSP.a(uart.o)
 .data          0x0c106d1e        0x0 ../../BSP/Debug\libBSP.a(font8x16.o)
 .data          0x0c106d1e        0x0 d:/target/eclipsearm/sourcery-g++-lite-arm-2011.03/bin/../lib/gcc/arm-none-eabi/4.5.2\libgcc.a(_udivsi3.o)
 .data          0x0c106d1e        0x0 d:/target/eclipsearm/sourcery-g++-lite-arm-2011.03/bin/../lib/gcc/arm-none-eabi/4.5.2\libgcc.a(_dvmd_tls.o)
 .data          0x0c106d1e        0x0 d:/target/eclipsearm/sourcery-g++-lite-arm-2011.03/bin/../lib/gcc/arm-none-eabi/4.5.2\libgcc.a(_aeabi_uldivmod.o)
 .data          0x0c106d1e        0x0 d:/target/eclipsearm/sourcery-g++-lite-arm-2011.03/bin/../lib/gcc/arm-none-eabi/4.5.2\libgcc.a(bpabi.o)
 .data          0x0c106d1e        0x0 d:/target/eclipsearm/sourcery-g++-lite-arm-2011.03/bin/../lib/gcc/arm-none-eabi/4.5.2\libgcc.a(_divdi3.o)
 .data          0x0c106d1e        0x0 d:/target/eclipsearm/sourcery-g++-lite-arm-2011.03/bin/../lib/gcc/arm-none-eabi/4.5.2\libgcc.a(_udivdi3.o)
 .data          0x0c106d1e        0x0 d:/target/eclipsearm/sourcery-g++-lite-arm-2011.03/bin/../lib/gcc/arm-none-eabi/4.5.2\libgcc.a(_clzsi2.o)

.bss            0x0c106d20     0x9620
 *(.bss)
 .bss           0x0c106d20        0x8 ./lab12-foreback.o
 .bss           0x0c106d28        0x0 ../../BSP/Debug\libBSP.a(keypad.o)
 .bss           0x0c106d28        0x1 ../../BSP/Debug\libBSP.a(lcd.o)
 .bss           0x0c106d29        0x0 ../../BSP/Debug\libBSP.a(leds.o)
 .bss           0x0c106d29        0x0 ../../BSP/Debug\libBSP.a(pbs.o)
 .bss           0x0c106d29        0x0 ../../BSP/Debug\libBSP.a(rtc.o)
 .bss           0x0c106d29        0x1 ../../BSP/Debug\libBSP.a(segs.o)
 .bss           0x0c106d2a        0x0 ../../BSP/Debug\libBSP.a(system.o)
 *fill*         0x0c106d2a        0x2 00
 .bss           0x0c106d2c        0x8 ../../BSP/Debug\libBSP.a(timers.o)
 .bss           0x0c106d34        0x0 ../../BSP/Debug\libBSP.a(uart.o)
 .bss           0x0c106d34        0x0 ../../BSP/Debug\libBSP.a(font8x16.o)
 .bss           0x0c106d34        0x0 d:/target/eclipsearm/sourcery-g++-lite-arm-2011.03/bin/../lib/gcc/arm-none-eabi/4.5.2\libgcc.a(_udivsi3.o)
 .bss           0x0c106d34        0x0 d:/target/eclipsearm/sourcery-g++-lite-arm-2011.03/bin/../lib/gcc/arm-none-eabi/4.5.2\libgcc.a(_dvmd_tls.o)
 .bss           0x0c106d34        0x0 d:/target/eclipsearm/sourcery-g++-lite-arm-2011.03/bin/../lib/gcc/arm-none-eabi/4.5.2\libgcc.a(_aeabi_uldivmod.o)
 .bss           0x0c106d34        0x0 d:/target/eclipsearm/sourcery-g++-lite-arm-2011.03/bin/../lib/gcc/arm-none-eabi/4.5.2\libgcc.a(bpabi.o)
 .bss           0x0c106d34        0x0 d:/target/eclipsearm/sourcery-g++-lite-arm-2011.03/bin/../lib/gcc/arm-none-eabi/4.5.2\libgcc.a(_divdi3.o)
 .bss           0x0c106d34        0x0 d:/target/eclipsearm/sourcery-g++-lite-arm-2011.03/bin/../lib/gcc/arm-none-eabi/4.5.2\libgcc.a(_udivdi3.o)
 .bss           0x0c106d34        0x0 d:/target/eclipsearm/sourcery-g++-lite-arm-2011.03/bin/../lib/gcc/arm-none-eabi/4.5.2\libgcc.a(_clzsi2.o)
 COMMON         0x0c106d34        0xa ./lab12-foreback.o
                0x0c106d34                flagTask9
                0x0c106d35                scancode
                0x0c106d36                flagTask5
                0x0c106d37                flagTask6
                0x0c106d38                flagReadKeypad
                0x0c106d39                flagPb
                0x0c106d3a                flagToggleLeds
                0x0c106d3b                flagWriteTicks
                0x0c106d3c                flagWriteRTC
                0x0c106d3d                flagTask8
 *fill*         0x0c106d3e        0x2 00
 COMMON         0x0c106d40     0x9600 ../../BSP/Debug\libBSP.a(lcd.o)
                0x0c106d40                lcd_buffer
                0x0c110340                end = .
OUTPUT(lab12-foreback.elf elf32-littlearm)

.debug_abbrev   0x00000000      0x9a2
 .debug_abbrev  0x00000000      0x119 ./lab12-foreback.o
 .debug_abbrev  0x00000119       0xe9 ../../BSP/Debug\libBSP.a(keypad.o)
 .debug_abbrev  0x00000202      0x160 ../../BSP/Debug\libBSP.a(lcd.o)
 .debug_abbrev  0x00000362       0x9a ../../BSP/Debug\libBSP.a(leds.o)
 .debug_abbrev  0x000003fc       0xd2 ../../BSP/Debug\libBSP.a(pbs.o)
 .debug_abbrev  0x000004ce       0xe6 ../../BSP/Debug\libBSP.a(rtc.o)
 .debug_abbrev  0x000005b4       0xb3 ../../BSP/Debug\libBSP.a(segs.o)
 .debug_abbrev  0x00000667       0xeb ../../BSP/Debug\libBSP.a(system.o)
 .debug_abbrev  0x00000752       0xf0 ../../BSP/Debug\libBSP.a(timers.o)
 .debug_abbrev  0x00000842       0xfd ../../BSP/Debug\libBSP.a(uart.o)
 .debug_abbrev  0x0000093f       0x63 ../../BSP/Debug\libBSP.a(font8x16.o)

.debug_info     0x00000000     0x1ec8
 .debug_info    0x00000000      0x4c0 ./lab12-foreback.o
 .debug_info    0x000004c0      0x1be ../../BSP/Debug\libBSP.a(keypad.o)
 .debug_info    0x0000067e      0x7c6 ../../BSP/Debug\libBSP.a(lcd.o)
 .debug_info    0x00000e44      0x13a ../../BSP/Debug\libBSP.a(leds.o)
 .debug_info    0x00000f7e      0x1af ../../BSP/Debug\libBSP.a(pbs.o)
 .debug_info    0x0000112d      0x23c ../../BSP/Debug\libBSP.a(rtc.o)
 .debug_info    0x00001369      0x10d ../../BSP/Debug\libBSP.a(segs.o)
 .debug_info    0x00001476      0x422 ../../BSP/Debug\libBSP.a(system.o)
 .debug_info    0x00001898      0x2c6 ../../BSP/Debug\libBSP.a(timers.o)
 .debug_info    0x00001b5e      0x2d5 ../../BSP/Debug\libBSP.a(uart.o)
 .debug_info    0x00001e33       0x95 ../../BSP/Debug\libBSP.a(font8x16.o)

.debug_line     0x00000000      0xd0b
 .debug_line    0x00000000      0x19e ./lab12-foreback.o
 .debug_line    0x0000019e      0x11f ../../BSP/Debug\libBSP.a(keypad.o)
 .debug_line    0x000002bd      0x235 ../../BSP/Debug\libBSP.a(lcd.o)
 .debug_line    0x000004f2       0x8c ../../BSP/Debug\libBSP.a(leds.o)
 .debug_line    0x0000057e       0xf6 ../../BSP/Debug\libBSP.a(pbs.o)
 .debug_line    0x00000674       0xd6 ../../BSP/Debug\libBSP.a(rtc.o)
 .debug_line    0x0000074a       0x93 ../../BSP/Debug\libBSP.a(segs.o)
 .debug_line    0x000007dd      0x230 ../../BSP/Debug\libBSP.a(system.o)
 .debug_line    0x00000a0d      0x18f ../../BSP/Debug\libBSP.a(timers.o)
 .debug_line    0x00000b9c      0x119 ../../BSP/Debug\libBSP.a(uart.o)
 .debug_line    0x00000cb5       0x56 ../../BSP/Debug\libBSP.a(font8x16.o)

.debug_macinfo  0x00000000    0x31b37
 .debug_macinfo
                0x00000000     0x5561 ./lab12-foreback.o
 .debug_macinfo
                0x00005561     0x4eba ../../BSP/Debug\libBSP.a(keypad.o)
 .debug_macinfo
                0x0000a41b     0x439b ../../BSP/Debug\libBSP.a(lcd.o)
 .debug_macinfo
                0x0000e7b6     0x432c ../../BSP/Debug\libBSP.a(leds.o)
 .debug_macinfo
                0x00012ae2     0x4d91 ../../BSP/Debug\libBSP.a(pbs.o)
 .debug_macinfo
                0x00017873     0x4cee ../../BSP/Debug\libBSP.a(rtc.o)
 .debug_macinfo
                0x0001c561     0x4d01 ../../BSP/Debug\libBSP.a(segs.o)
 .debug_macinfo
                0x00021262     0x5574 ../../BSP/Debug\libBSP.a(system.o)
 .debug_macinfo
                0x000267d6     0x4d1b ../../BSP/Debug\libBSP.a(timers.o)
 .debug_macinfo
                0x0002b4f1     0x430d ../../BSP/Debug\libBSP.a(uart.o)
 .debug_macinfo
                0x0002f7fe     0x2339 ../../BSP/Debug\libBSP.a(font8x16.o)

.debug_loc      0x00000000     0x157c
 .debug_loc     0x00000000      0x210 ./lab12-foreback.o
 .debug_loc     0x00000210      0x160 ../../BSP/Debug\libBSP.a(keypad.o)
 .debug_loc     0x00000370      0x344 ../../BSP/Debug\libBSP.a(lcd.o)
 .debug_loc     0x000006b4       0xdc ../../BSP/Debug\libBSP.a(leds.o)
 .debug_loc     0x00000790      0x160 ../../BSP/Debug\libBSP.a(pbs.o)
 .debug_loc     0x000008f0      0x134 ../../BSP/Debug\libBSP.a(rtc.o)
 .debug_loc     0x00000a24       0xb0 ../../BSP/Debug\libBSP.a(segs.o)
 .debug_loc     0x00000ad4      0x688 ../../BSP/Debug\libBSP.a(system.o)
 .debug_loc     0x0000115c      0x294 ../../BSP/Debug\libBSP.a(timers.o)
 .debug_loc     0x000013f0      0x18c ../../BSP/Debug\libBSP.a(uart.o)

.debug_pubnames
                0x00000000      0x935
 .debug_pubnames
                0x00000000      0x127 ./lab12-foreback.o
 .debug_pubnames
                0x00000127       0xab ../../BSP/Debug\libBSP.a(keypad.o)
 .debug_pubnames
                0x000001d2      0x150 ../../BSP/Debug\libBSP.a(lcd.o)
 .debug_pubnames
                0x00000322       0x55 ../../BSP/Debug\libBSP.a(leds.o)
 .debug_pubnames
                0x00000377       0x8e ../../BSP/Debug\libBSP.a(pbs.o)
 .debug_pubnames
                0x00000405       0x74 ../../BSP/Debug\libBSP.a(rtc.o)
 .debug_pubnames
                0x00000479       0x4e ../../BSP/Debug\libBSP.a(segs.o)
 .debug_pubnames
                0x000004c7      0x29d ../../BSP/Debug\libBSP.a(system.o)
 .debug_pubnames
                0x00000764      0x10f ../../BSP/Debug\libBSP.a(timers.o)
 .debug_pubnames
                0x00000873       0xa7 ../../BSP/Debug\libBSP.a(uart.o)
 .debug_pubnames
                0x0000091a       0x1b ../../BSP/Debug\libBSP.a(font8x16.o)

.debug_pubtypes
                0x00000000      0x217
 .debug_pubtypes
                0x00000000       0x4d ./lab12-foreback.o
 .debug_pubtypes
                0x0000004d       0x32 ../../BSP/Debug\libBSP.a(keypad.o)
 .debug_pubtypes
                0x0000007f       0x3c ../../BSP/Debug\libBSP.a(lcd.o)
 .debug_pubtypes
                0x000000bb       0x27 ../../BSP/Debug\libBSP.a(leds.o)
 .debug_pubtypes
                0x000000e2       0x32 ../../BSP/Debug\libBSP.a(pbs.o)
 .debug_pubtypes
                0x00000114       0x36 ../../BSP/Debug\libBSP.a(rtc.o)
 .debug_pubtypes
                0x0000014a       0x1c ../../BSP/Debug\libBSP.a(segs.o)
 .debug_pubtypes
                0x00000166       0x27 ../../BSP/Debug\libBSP.a(system.o)
 .debug_pubtypes
                0x0000018d       0x3d ../../BSP/Debug\libBSP.a(timers.o)
 .debug_pubtypes
                0x000001ca       0x31 ../../BSP/Debug\libBSP.a(uart.o)
 .debug_pubtypes
                0x000001fb       0x1c ../../BSP/Debug\libBSP.a(font8x16.o)

.debug_aranges  0x00000000      0x140
 .debug_aranges
                0x00000000       0x20 ./lab12-foreback.o
 .debug_aranges
                0x00000020       0x20 ../../BSP/Debug\libBSP.a(keypad.o)
 .debug_aranges
                0x00000040       0x20 ../../BSP/Debug\libBSP.a(lcd.o)
 .debug_aranges
                0x00000060       0x20 ../../BSP/Debug\libBSP.a(leds.o)
 .debug_aranges
                0x00000080       0x20 ../../BSP/Debug\libBSP.a(pbs.o)
 .debug_aranges
                0x000000a0       0x20 ../../BSP/Debug\libBSP.a(rtc.o)
 .debug_aranges
                0x000000c0       0x20 ../../BSP/Debug\libBSP.a(segs.o)
 .debug_aranges
                0x000000e0       0x20 ../../BSP/Debug\libBSP.a(system.o)
 .debug_aranges
                0x00000100       0x20 ../../BSP/Debug\libBSP.a(timers.o)
 .debug_aranges
                0x00000120       0x20 ../../BSP/Debug\libBSP.a(uart.o)

.debug_str      0x00000000      0x919
 .debug_str     0x00000000      0x1d4 ./lab12-foreback.o
                                0x215 (size before relaxing)
 .debug_str     0x000001d4       0xa0 ../../BSP/Debug\libBSP.a(keypad.o)
                                0x132 (size before relaxing)
 .debug_str     0x00000274      0x154 ../../BSP/Debug\libBSP.a(lcd.o)
                                0x20b (size before relaxing)
 .debug_str     0x000003c8       0x3d ../../BSP/Debug\libBSP.a(leds.o)
                                 0xd6 (size before relaxing)
 .debug_str     0x00000405       0x69 ../../BSP/Debug\libBSP.a(pbs.o)
                                0x112 (size before relaxing)
 .debug_str     0x0000046e       0x74 ../../BSP/Debug\libBSP.a(rtc.o)
                                0x135 (size before relaxing)
 .debug_str     0x000004e2       0x43 ../../BSP/Debug\libBSP.a(segs.o)
                                 0xdb (size before relaxing)
 .debug_str     0x00000525      0x26a ../../BSP/Debug\libBSP.a(system.o)
                                0x303 (size before relaxing)
 .debug_str     0x0000078f       0xf9 ../../BSP/Debug\libBSP.a(timers.o)
                                0x19e (size before relaxing)
 .debug_str     0x00000888       0x7f ../../BSP/Debug\libBSP.a(uart.o)
                                0x129 (size before relaxing)
 .debug_str     0x00000907       0x12 ../../BSP/Debug\libBSP.a(font8x16.o)
                                 0xa9 (size before relaxing)

.comment        0x00000000       0x2a
 .comment       0x00000000       0x2a ./lab12-foreback.o
                                 0x2b (size before relaxing)
 .comment       0x00000000       0x2b ../../BSP/Debug\libBSP.a(keypad.o)
 .comment       0x00000000       0x2b ../../BSP/Debug\libBSP.a(lcd.o)
 .comment       0x00000000       0x2b ../../BSP/Debug\libBSP.a(leds.o)
 .comment       0x00000000       0x2b ../../BSP/Debug\libBSP.a(pbs.o)
 .comment       0x00000000       0x2b ../../BSP/Debug\libBSP.a(rtc.o)
 .comment       0x00000000       0x2b ../../BSP/Debug\libBSP.a(segs.o)
 .comment       0x00000000       0x2b ../../BSP/Debug\libBSP.a(system.o)
 .comment       0x00000000       0x2b ../../BSP/Debug\libBSP.a(timers.o)
 .comment       0x00000000       0x2b ../../BSP/Debug\libBSP.a(uart.o)
 .comment       0x00000000       0x2b ../../BSP/Debug\libBSP.a(font8x16.o)

.ARM.attributes
                0x00000000       0x32
 .ARM.attributes
                0x00000000       0x32 ./lab12-foreback.o
 .ARM.attributes
                0x00000032       0x32 ../../BSP/Debug\libBSP.a(keypad.o)
 .ARM.attributes
                0x00000064       0x32 ../../BSP/Debug\libBSP.a(lcd.o)
 .ARM.attributes
                0x00000096       0x32 ../../BSP/Debug\libBSP.a(leds.o)
 .ARM.attributes
                0x000000c8       0x32 ../../BSP/Debug\libBSP.a(pbs.o)
 .ARM.attributes
                0x000000fa       0x32 ../../BSP/Debug\libBSP.a(rtc.o)
 .ARM.attributes
                0x0000012c       0x32 ../../BSP/Debug\libBSP.a(segs.o)
 .ARM.attributes
                0x0000015e       0x32 ../../BSP/Debug\libBSP.a(system.o)
 .ARM.attributes
                0x00000190       0x32 ../../BSP/Debug\libBSP.a(timers.o)
 .ARM.attributes
                0x000001c2       0x32 ../../BSP/Debug\libBSP.a(uart.o)
 .ARM.attributes
                0x000001f4       0x32 ../../BSP/Debug\libBSP.a(font8x16.o)
 .ARM.attributes
                0x00000226       0x1a d:/target/eclipsearm/sourcery-g++-lite-arm-2011.03/bin/../lib/gcc/arm-none-eabi/4.5.2\libgcc.a(_udivsi3.o)
 .ARM.attributes
                0x00000240       0x18 d:/target/eclipsearm/sourcery-g++-lite-arm-2011.03/bin/../lib/gcc/arm-none-eabi/4.5.2\libgcc.a(_dvmd_tls.o)
 .ARM.attributes
                0x00000258       0x1a d:/target/eclipsearm/sourcery-g++-lite-arm-2011.03/bin/../lib/gcc/arm-none-eabi/4.5.2\libgcc.a(_aeabi_uldivmod.o)
 .ARM.attributes
                0x00000272       0x34 d:/target/eclipsearm/sourcery-g++-lite-arm-2011.03/bin/../lib/gcc/arm-none-eabi/4.5.2\libgcc.a(bpabi.o)
 .ARM.attributes
                0x000002a6       0x34 d:/target/eclipsearm/sourcery-g++-lite-arm-2011.03/bin/../lib/gcc/arm-none-eabi/4.5.2\libgcc.a(_divdi3.o)
 .ARM.attributes
                0x000002da       0x34 d:/target/eclipsearm/sourcery-g++-lite-arm-2011.03/bin/../lib/gcc/arm-none-eabi/4.5.2\libgcc.a(_udivdi3.o)
 .ARM.attributes
                0x0000030e       0x1a d:/target/eclipsearm/sourcery-g++-lite-arm-2011.03/bin/../lib/gcc/arm-none-eabi/4.5.2\libgcc.a(_clzsi2.o)

.debug_frame    0x00000000     0x118c
 .debug_frame   0x00000000      0x1a0 ./lab12-foreback.o
 .debug_frame   0x000001a0      0x110 ../../BSP/Debug\libBSP.a(keypad.o)
 .debug_frame   0x000002b0      0x270 ../../BSP/Debug\libBSP.a(lcd.o)
 .debug_frame   0x00000520       0xb0 ../../BSP/Debug\libBSP.a(leds.o)
 .debug_frame   0x000005d0      0x110 ../../BSP/Debug\libBSP.a(pbs.o)
 .debug_frame   0x000006e0       0xf4 ../../BSP/Debug\libBSP.a(rtc.o)
 .debug_frame   0x000007d4       0x90 ../../BSP/Debug\libBSP.a(segs.o)
 .debug_frame   0x00000864      0x518 ../../BSP/Debug\libBSP.a(system.o)
 .debug_frame   0x00000d7c      0x1f8 ../../BSP/Debug\libBSP.a(timers.o)
 .debug_frame   0x00000f74      0x130 ../../BSP/Debug\libBSP.a(uart.o)
 .debug_frame   0x000010a4       0x20 d:/target/eclipsearm/sourcery-g++-lite-arm-2011.03/bin/../lib/gcc/arm-none-eabi/4.5.2\libgcc.a(_udivsi3.o)
 .debug_frame   0x000010c4       0x50 d:/target/eclipsearm/sourcery-g++-lite-arm-2011.03/bin/../lib/gcc/arm-none-eabi/4.5.2\libgcc.a(bpabi.o)
 .debug_frame   0x00001114       0x3c d:/target/eclipsearm/sourcery-g++-lite-arm-2011.03/bin/../lib/gcc/arm-none-eabi/4.5.2\libgcc.a(_divdi3.o)
 .debug_frame   0x00001150       0x3c d:/target/eclipsearm/sourcery-g++-lite-arm-2011.03/bin/../lib/gcc/arm-none-eabi/4.5.2\libgcc.a(_udivdi3.o)
