Archive member included because of file (symbol)

../../BSP/Debug\libBSP.a(keypad.o)
                              ./lab13.o (keypad_scan)
../../BSP/Debug\libBSP.a(lcd.o)
                              ./lab13.o (lcd_init)
../../BSP/Debug\libBSP.a(leds.o)
                              ./lab13.o (leds_init)
../../BSP/Debug\libBSP.a(pbs.o)
                              ./lab13.o (pbs_init)
../../BSP/Debug\libBSP.a(rtc.o)
                              ./lab13.o (rtc_init)
../../BSP/Debug\libBSP.a(segs.o)
                              ./lab13.o (segs_init)
../../BSP/Debug\libBSP.a(system.o)
                              ./lab13.o (sys_init)
../../BSP/Debug\libBSP.a(timers.o)
                              ./lab13.o (timers_init)
../../BSP/Debug\libBSP.a(uart.o)
                              ./lab13.o (uart0_init)
../../BSP/Debug\libBSP.a(font8x16.o)
                              ../../BSP/Debug\libBSP.a(lcd.o) (font)
d:/target/eclipsearm/sourcery-g++-lite-arm-2011.03/bin/../lib/gcc/arm-none-eabi/4.5.2\libgcc.a(_udivsi3.o)
                              ../../BSP/Debug\libBSP.a(timers.o) (__aeabi_uidiv)
d:/target/eclipsearm/sourcery-g++-lite-arm-2011.03/bin/../lib/gcc/arm-none-eabi/4.5.2\libgcc.a(_dvmd_tls.o)
                              d:/target/eclipsearm/sourcery-g++-lite-arm-2011.03/bin/../lib/gcc/arm-none-eabi/4.5.2\libgcc.a(_udivsi3.o) (__aeabi_idiv0)
d:/target/eclipsearm/sourcery-g++-lite-arm-2011.03/bin/../lib/gcc/arm-none-eabi/4.5.2\libgcc.a(_aeabi_uldivmod.o)
                              ../../BSP/Debug\libBSP.a(timers.o) (__aeabi_uldivmod)
d:/target/eclipsearm/sourcery-g++-lite-arm-2011.03/bin/../lib/gcc/arm-none-eabi/4.5.2\libgcc.a(bpabi.o)
                              d:/target/eclipsearm/sourcery-g++-lite-arm-2011.03/bin/../lib/gcc/arm-none-eabi/4.5.2\libgcc.a(_aeabi_uldivmod.o) (__gnu_uldivmod_helper)
d:/target/eclipsearm/sourcery-g++-lite-arm-2011.03/bin/../lib/gcc/arm-none-eabi/4.5.2\libgcc.a(_divdi3.o)
                              d:/target/eclipsearm/sourcery-g++-lite-arm-2011.03/bin/../lib/gcc/arm-none-eabi/4.5.2\libgcc.a(bpabi.o) (__divdi3)
d:/target/eclipsearm/sourcery-g++-lite-arm-2011.03/bin/../lib/gcc/arm-none-eabi/4.5.2\libgcc.a(_udivdi3.o)
                              d:/target/eclipsearm/sourcery-g++-lite-arm-2011.03/bin/../lib/gcc/arm-none-eabi/4.5.2\libgcc.a(bpabi.o) (__udivdi3)
d:/target/eclipsearm/sourcery-g++-lite-arm-2011.03/bin/../lib/gcc/arm-none-eabi/4.5.2\libgcc.a(_clzsi2.o)
                              d:/target/eclipsearm/sourcery-g++-lite-arm-2011.03/bin/../lib/gcc/arm-none-eabi/4.5.2\libgcc.a(_divdi3.o) (__clzsi2)

Allocating common symbols
Common symbol       size              file

scancode            0x1               ./lab13.o
lcd_buffer          0x9600            ../../BSP/Debug\libBSP.a(lcd.o)
flagTask5           0x1               ./lab13.o
flagTask6           0x1               ./lab13.o
flagPb              0x1               ./lab13.o
flagTask8           0x1               ./lab13.o

Memory Configuration

Name             Origin             Length             Attributes
*default*        0x00000000         0xffffffff

Linker script and memory map

LOAD ./kernelcoop.o
LOAD ./lab13.o
LOAD ../../BSP/Debug\libBSP.a
START GROUP
LOAD d:/target/eclipsearm/sourcery-g++-lite-arm-2011.03/bin/../lib/gcc/arm-none-eabi/4.5.2\libgcc.a
LOAD d:/target/eclipsearm/sourcery-g++-lite-arm-2011.03/bin/../lib/gcc/arm-none-eabi/4.5.2/../../../../arm-none-eabi/lib\libc.a
END GROUP
                0x0c100000                . = 0xc100000

.text           0x0c100000     0x5718
 *(.text)
 .text          0x0c100000      0x388 ./kernelcoop.o
                0x0c100000                delete_task
                0x0c100094                create_task
                0x0c100178                scheduler_init
                0x0c1001c0                scheduler
                0x0c1002ec                dispacher
 .text          0x0c100388      0x760 ./lab13.o
                0x0c100388                main
                0x0c1004d4                Task8
                0x0c100570                Task9
                0x0c100644                Task1
                0x0c1006ac                Task2
                0x0c1007d8                Task3
                0x0c10087c                Task4
                0x0c100910                Task5
                0x0c1009a4                Task6
                0x0c100a20                Task7
                0x0c100a98                isr_pb
 .text          0x0c100ae8      0x500 ../../BSP/Debug\libBSP.a(keypad.o)
                0x0c100ae8                keypad_scan
                0x0c100d0c                keypad_pressed
                0x0c100d44                keypad_open
                0x0c100d9c                keypad_close
                0x0c100de0                keypad_init
                0x0c100dfc                keypad_getchar
                0x0c100e70                keypad_getchartime
                0x0c100f18                keypad_timeout_getchar
 .text          0x0c100fe8     0x12a0 ../../BSP/Debug\libBSP.a(lcd.o)
                0x0c100fe8                lcd_init
                0x0c10116c                lcd_on
                0x0c1011a8                lcd_off
                0x0c1011e4                lcd_status
                0x0c10120c                lcd_clear
                0x0c101290                lcd_putpixel
                0x0c10137c                lcd_getpixel
                0x0c101414                lcd_draw_hrow
                0x0c1014bc                lcd_draw_vrow
                0x0c101564                lcd_draw_box
                0x0c101660                lcd_putchar
                0x0c1017b4                lcd_puts
                0x0c101840                lcd_putint
                0x0c101978                lcd_puthex
                0x0c101a58                lcd_putWallpaper
                0x0c101bb4                lcd_putchar_x2
                0x0c101fe4                lcd_puts_x2
                0x0c102070                lcd_putint_x2
                0x0c1021a8                lcd_puthex_x2
 .text          0x0c102288      0x170 ../../BSP/Debug\libBSP.a(leds.o)
                0x0c102288                leds_init
                0x0c1022b0                led_on
                0x0c1022f8                led_off
                0x0c10233c                led_toggle
                0x0c10239c                led_status
 .text          0x0c1023f8      0x348 ../../BSP/Debug\libBSP.a(pbs.o)
                0x0c1023f8                pbs_init
                0x0c102414                pb_scan
                0x0c102470                pb_pressed
                0x0c1024a8                pb_getchar
                0x0c10251c                pb_timeout_getchar
                0x0c1025ec                pb_getchartime
                0x0c102694                pbs_open
                0x0c1026fc                pbs_close
 .text          0x0c102740      0x6bc ../../BSP/Debug\libBSP.a(rtc.o)
                0x0c102740                dectoBCD
                0x0c1027d4                BCDtodec
                0x0c10288c                rtc_init
                0x0c1029c8                rtc_puttime
                0x0c102af4                rtc_gettime
                0x0c102d2c                rtc_open
                0x0c102da8                rtc_close
 .text          0x0c102dfc       0xd4 ../../BSP/Debug\libBSP.a(segs.o)
                0x0c102dfc                segs_init
                0x0c102e18                segs_off
                0x0c102e50                segs_putchar
                0x0c102ea8                segs_status
 .text          0x0c102ed0      0xcfc ../../BSP/Debug\libBSP.a(system.o)
                0x0c102ed0                sys_init
                0x0c103440                isr_SWI_dummy
                0x0c10346c                isr_UNDEF_dummy
                0x0c103498                isr_IRQ_dummy
                0x0c1034c4                isr_FIQ_dummy
                0x0c1034f0                isr_PABORT_dummy
                0x0c10351c                isr_DABORT_dummy
                0x0c103548                isr_ADC_dummy
                0x0c103570                isr_RTC_dummy
                0x0c103598                isr_UTXD1_dummy
                0x0c1035c0                isr_UTXD0_dummy
                0x0c1035e8                isr_SIO_dummy
                0x0c103610                isr_IIC_dummy
                0x0c103638                isr_URXD1_dummy
                0x0c103660                isr_URXD0_dummy
                0x0c103688                isr_TIMER5_dummy
                0x0c1036b0                isr_TIMER4_dummy
                0x0c1036d8                isr_TIMER3_dummy
                0x0c103700                isr_TIMER2_dummy
                0x0c103728                isr_TIMER1_dummy
                0x0c103750                isr_TIMER0_dummy
                0x0c103778                isr_UERR01_dummy
                0x0c1037a0                isr_WDT_dummy
                0x0c1037c8                isr_BDMA1_dummy
                0x0c1037f0                isr_BDMA0_dummy
                0x0c103818                isr_ZDMA1_dummy
                0x0c103840                isr_ZDMA0_dummy
                0x0c103868                isr_TICK_dummy
                0x0c103890                isr_PB_dummy
                0x0c1038b8                isr_ETHERNET_dummy
                0x0c1038e0                isr_TS_dummy
                0x0c103908                isr_KEYPAD_dummy
                0x0c103930                isr_USB_dummy
                0x0c10397c                sleep
 .text          0x0c103bcc      0xa50 ../../BSP/Debug\libBSP.a(timers.o)
                0x0c103bcc                timers_init
                0x0c103d8c                wait_for_1ms
                0x0c103e44                timer3_delay_ms
                0x0c103e88                sw_delay_ms
                0x0c103ee0                wait_for_1s
                0x0c103fa4                timer3_delay_s
                0x0c103fe8                sw_delay_s
                0x0c104040                timer3_start
                0x0c1040f0                timer3_stop
                0x0c104144                timer3_start_timeout
                0x0c1041fc                timer3_timeout
                0x0c104238                timer0_open_tick
                0x0c10447c                timer0_open_ms
                0x0c104588                timer0_close
 .text          0x0c10461c      0x604 ../../BSP/Debug\libBSP.a(uart.o)
                0x0c10461c                uart0_init
                0x0c104680                uart0_putchar
                0x0c1046e0                uart0_getchar
                0x0c104728                uart0_puts
                0x0c104790                uart0_putint
                0x0c1048a0                uart0_puthex
                0x0c104958                uart0_gets
                0x0c1049c4                uart0_getint
                0x0c104a7c                uart0_gethex
 .text          0x0c104c20        0x0 ../../BSP/Debug\libBSP.a(font8x16.o)
 .text          0x0c104c20      0x114 d:/target/eclipsearm/sourcery-g++-lite-arm-2011.03/bin/../lib/gcc/arm-none-eabi/4.5.2\libgcc.a(_udivsi3.o)
                0x0c104c20                __aeabi_uidiv
                0x0c104c20                __udivsi3
                0x0c104d14                __aeabi_uidivmod
 .text          0x0c104d34        0x4 d:/target/eclipsearm/sourcery-g++-lite-arm-2011.03/bin/../lib/gcc/arm-none-eabi/4.5.2\libgcc.a(_dvmd_tls.o)
                0x0c104d34                __aeabi_idiv0
                0x0c104d34                __aeabi_ldiv0
 .text          0x0c104d38       0x3c d:/target/eclipsearm/sourcery-g++-lite-arm-2011.03/bin/../lib/gcc/arm-none-eabi/4.5.2\libgcc.a(_aeabi_uldivmod.o)
                0x0c104d38                __aeabi_uldivmod
 .text          0x0c104d74       0x80 d:/target/eclipsearm/sourcery-g++-lite-arm-2011.03/bin/../lib/gcc/arm-none-eabi/4.5.2\libgcc.a(bpabi.o)
                0x0c104d74                __gnu_ldivmod_helper
                0x0c104db4                __gnu_uldivmod_helper
 .text          0x0c104df4      0x4a8 d:/target/eclipsearm/sourcery-g++-lite-arm-2011.03/bin/../lib/gcc/arm-none-eabi/4.5.2\libgcc.a(_divdi3.o)
                0x0c104df4                __divdi3
 .text          0x0c10529c      0x434 d:/target/eclipsearm/sourcery-g++-lite-arm-2011.03/bin/../lib/gcc/arm-none-eabi/4.5.2\libgcc.a(_udivdi3.o)
                0x0c10529c                __udivdi3
 .text          0x0c1056d0       0x48 d:/target/eclipsearm/sourcery-g++-lite-arm-2011.03/bin/../lib/gcc/arm-none-eabi/4.5.2\libgcc.a(_clzsi2.o)
                0x0c1056d0                __clzsi2

.glue_7         0x0c105718        0x0
 .glue_7        0x00000000        0x0 linker stubs

.glue_7t        0x0c105718        0x0
 .glue_7t       0x00000000        0x0 linker stubs

.vfp11_veneer   0x0c105718        0x0
 .vfp11_veneer  0x00000000        0x0 linker stubs

.v4_bx          0x0c105718        0x0
 .v4_bx         0x00000000        0x0 linker stubs

.rodata         0x0c105718     0x1774
 *(.rodata)
 .rodata        0x0c105718      0x1b0 ./lab13.o
 .rodata        0x0c1058c8       0x10 ../../BSP/Debug\libBSP.a(segs.o)
 .rodata        0x0c1058d8      0x5b4 ../../BSP/Debug\libBSP.a(system.o)
 .rodata        0x0c105e8c     0x1000 ../../BSP/Debug\libBSP.a(font8x16.o)
                0x0c105e8c                font

.ARM.extab      0x0c106e8c        0x0
 .ARM.extab     0x0c106e8c        0x0 d:/target/eclipsearm/sourcery-g++-lite-arm-2011.03/bin/../lib/gcc/arm-none-eabi/4.5.2\libgcc.a(_divdi3.o)
 .ARM.extab     0x0c106e8c        0x0 d:/target/eclipsearm/sourcery-g++-lite-arm-2011.03/bin/../lib/gcc/arm-none-eabi/4.5.2\libgcc.a(_udivdi3.o)

.ARM.exidx      0x0c106e8c        0x8
 .ARM.exidx     0x0c106e8c        0x8 d:/target/eclipsearm/sourcery-g++-lite-arm-2011.03/bin/../lib/gcc/arm-none-eabi/4.5.2\libgcc.a(_divdi3.o)
 .ARM.exidx     0x0c106e94        0x0 d:/target/eclipsearm/sourcery-g++-lite-arm-2011.03/bin/../lib/gcc/arm-none-eabi/4.5.2\libgcc.a(_udivdi3.o)
                                  0x8 (size before relaxing)

.data           0x0c106e94        0x9
 *(.data)
 .data          0x0c106e94        0x0 ./kernelcoop.o
 .data          0x0c106e94        0x9 ./lab13.o
 .data          0x0c106e9d        0x0 ../../BSP/Debug\libBSP.a(keypad.o)
 .data          0x0c106e9d        0x0 ../../BSP/Debug\libBSP.a(lcd.o)
 .data          0x0c106e9d        0x0 ../../BSP/Debug\libBSP.a(leds.o)
 .data          0x0c106e9d        0x0 ../../BSP/Debug\libBSP.a(pbs.o)
 .data          0x0c106e9d        0x0 ../../BSP/Debug\libBSP.a(rtc.o)
 .data          0x0c106e9d        0x0 ../../BSP/Debug\libBSP.a(segs.o)
 .data          0x0c106e9d        0x0 ../../BSP/Debug\libBSP.a(system.o)
 .data          0x0c106e9d        0x0 ../../BSP/Debug\libBSP.a(timers.o)
 .data          0x0c106e9d        0x0 ../../BSP/Debug\libBSP.a(uart.o)
 .data          0x0c106e9d        0x0 ../../BSP/Debug\libBSP.a(font8x16.o)
 .data          0x0c106e9d        0x0 d:/target/eclipsearm/sourcery-g++-lite-arm-2011.03/bin/../lib/gcc/arm-none-eabi/4.5.2\libgcc.a(_udivsi3.o)
 .data          0x0c106e9d        0x0 d:/target/eclipsearm/sourcery-g++-lite-arm-2011.03/bin/../lib/gcc/arm-none-eabi/4.5.2\libgcc.a(_dvmd_tls.o)
 .data          0x0c106e9d        0x0 d:/target/eclipsearm/sourcery-g++-lite-arm-2011.03/bin/../lib/gcc/arm-none-eabi/4.5.2\libgcc.a(_aeabi_uldivmod.o)
 .data          0x0c106e9d        0x0 d:/target/eclipsearm/sourcery-g++-lite-arm-2011.03/bin/../lib/gcc/arm-none-eabi/4.5.2\libgcc.a(bpabi.o)
 .data          0x0c106e9d        0x0 d:/target/eclipsearm/sourcery-g++-lite-arm-2011.03/bin/../lib/gcc/arm-none-eabi/4.5.2\libgcc.a(_divdi3.o)
 .data          0x0c106e9d        0x0 d:/target/eclipsearm/sourcery-g++-lite-arm-2011.03/bin/../lib/gcc/arm-none-eabi/4.5.2\libgcc.a(_udivdi3.o)
 .data          0x0c106e9d        0x0 d:/target/eclipsearm/sourcery-g++-lite-arm-2011.03/bin/../lib/gcc/arm-none-eabi/4.5.2\libgcc.a(_clzsi2.o)

.bss            0x0c106ea0     0x96bc
 *(.bss)
 .bss           0x0c106ea0       0xa0 ./kernelcoop.o
 .bss           0x0c106f40        0x8 ./lab13.o
 .bss           0x0c106f48        0x0 ../../BSP/Debug\libBSP.a(keypad.o)
 .bss           0x0c106f48        0x1 ../../BSP/Debug\libBSP.a(lcd.o)
 .bss           0x0c106f49        0x0 ../../BSP/Debug\libBSP.a(leds.o)
 .bss           0x0c106f49        0x0 ../../BSP/Debug\libBSP.a(pbs.o)
 .bss           0x0c106f49        0x0 ../../BSP/Debug\libBSP.a(rtc.o)
 .bss           0x0c106f49        0x1 ../../BSP/Debug\libBSP.a(segs.o)
 .bss           0x0c106f4a        0x0 ../../BSP/Debug\libBSP.a(system.o)
 *fill*         0x0c106f4a        0x2 00
 .bss           0x0c106f4c        0x8 ../../BSP/Debug\libBSP.a(timers.o)
 .bss           0x0c106f54        0x0 ../../BSP/Debug\libBSP.a(uart.o)
 .bss           0x0c106f54        0x0 ../../BSP/Debug\libBSP.a(font8x16.o)
 .bss           0x0c106f54        0x0 d:/target/eclipsearm/sourcery-g++-lite-arm-2011.03/bin/../lib/gcc/arm-none-eabi/4.5.2\libgcc.a(_udivsi3.o)
 .bss           0x0c106f54        0x0 d:/target/eclipsearm/sourcery-g++-lite-arm-2011.03/bin/../lib/gcc/arm-none-eabi/4.5.2\libgcc.a(_dvmd_tls.o)
 .bss           0x0c106f54        0x0 d:/target/eclipsearm/sourcery-g++-lite-arm-2011.03/bin/../lib/gcc/arm-none-eabi/4.5.2\libgcc.a(_aeabi_uldivmod.o)
 .bss           0x0c106f54        0x0 d:/target/eclipsearm/sourcery-g++-lite-arm-2011.03/bin/../lib/gcc/arm-none-eabi/4.5.2\libgcc.a(bpabi.o)
 .bss           0x0c106f54        0x0 d:/target/eclipsearm/sourcery-g++-lite-arm-2011.03/bin/../lib/gcc/arm-none-eabi/4.5.2\libgcc.a(_divdi3.o)
 .bss           0x0c106f54        0x0 d:/target/eclipsearm/sourcery-g++-lite-arm-2011.03/bin/../lib/gcc/arm-none-eabi/4.5.2\libgcc.a(_udivdi3.o)
 .bss           0x0c106f54        0x0 d:/target/eclipsearm/sourcery-g++-lite-arm-2011.03/bin/../lib/gcc/arm-none-eabi/4.5.2\libgcc.a(_clzsi2.o)
 COMMON         0x0c106f54        0x5 ./lab13.o
                0x0c106f54                scancode
                0x0c106f55                flagTask5
                0x0c106f56                flagTask6
                0x0c106f57                flagPb
                0x0c106f58                flagTask8
 *fill*         0x0c106f59        0x3 00
 COMMON         0x0c106f5c     0x9600 ../../BSP/Debug\libBSP.a(lcd.o)
                0x0c106f5c                lcd_buffer
                0x0c11055c                end = .
OUTPUT(lab13.elf elf32-littlearm)

.debug_abbrev   0x00000000      0xa85
 .debug_abbrev  0x00000000       0xe3 ./kernelcoop.o
 .debug_abbrev  0x000000e3      0x119 ./lab13.o
 .debug_abbrev  0x000001fc       0xe9 ../../BSP/Debug\libBSP.a(keypad.o)
 .debug_abbrev  0x000002e5      0x160 ../../BSP/Debug\libBSP.a(lcd.o)
 .debug_abbrev  0x00000445       0x9a ../../BSP/Debug\libBSP.a(leds.o)
 .debug_abbrev  0x000004df       0xd2 ../../BSP/Debug\libBSP.a(pbs.o)
 .debug_abbrev  0x000005b1       0xe6 ../../BSP/Debug\libBSP.a(rtc.o)
 .debug_abbrev  0x00000697       0xb3 ../../BSP/Debug\libBSP.a(segs.o)
 .debug_abbrev  0x0000074a       0xeb ../../BSP/Debug\libBSP.a(system.o)
 .debug_abbrev  0x00000835       0xf0 ../../BSP/Debug\libBSP.a(timers.o)
 .debug_abbrev  0x00000925       0xfd ../../BSP/Debug\libBSP.a(uart.o)
 .debug_abbrev  0x00000a22       0x63 ../../BSP/Debug\libBSP.a(font8x16.o)

.debug_info     0x00000000     0x1f88
 .debug_info    0x00000000      0x1d0 ./kernelcoop.o
 .debug_info    0x000001d0      0x3b0 ./lab13.o
 .debug_info    0x00000580      0x1be ../../BSP/Debug\libBSP.a(keypad.o)
 .debug_info    0x0000073e      0x7c6 ../../BSP/Debug\libBSP.a(lcd.o)
 .debug_info    0x00000f04      0x13a ../../BSP/Debug\libBSP.a(leds.o)
 .debug_info    0x0000103e      0x1af ../../BSP/Debug\libBSP.a(pbs.o)
 .debug_info    0x000011ed      0x23c ../../BSP/Debug\libBSP.a(rtc.o)
 .debug_info    0x00001429      0x10d ../../BSP/Debug\libBSP.a(segs.o)
 .debug_info    0x00001536      0x422 ../../BSP/Debug\libBSP.a(system.o)
 .debug_info    0x00001958      0x2c6 ../../BSP/Debug\libBSP.a(timers.o)
 .debug_info    0x00001c1e      0x2d5 ../../BSP/Debug\libBSP.a(uart.o)
 .debug_info    0x00001ef3       0x95 ../../BSP/Debug\libBSP.a(font8x16.o)

.debug_line     0x00000000      0xdc6
 .debug_line    0x00000000       0xd3 ./kernelcoop.o
 .debug_line    0x000000d3      0x186 ./lab13.o
 .debug_line    0x00000259      0x11f ../../BSP/Debug\libBSP.a(keypad.o)
 .debug_line    0x00000378      0x235 ../../BSP/Debug\libBSP.a(lcd.o)
 .debug_line    0x000005ad       0x8c ../../BSP/Debug\libBSP.a(leds.o)
 .debug_line    0x00000639       0xf6 ../../BSP/Debug\libBSP.a(pbs.o)
 .debug_line    0x0000072f       0xd6 ../../BSP/Debug\libBSP.a(rtc.o)
 .debug_line    0x00000805       0x93 ../../BSP/Debug\libBSP.a(segs.o)
 .debug_line    0x00000898      0x230 ../../BSP/Debug\libBSP.a(system.o)
 .debug_line    0x00000ac8      0x18f ../../BSP/Debug\libBSP.a(timers.o)
 .debug_line    0x00000c57      0x119 ../../BSP/Debug\libBSP.a(uart.o)
 .debug_line    0x00000d70       0x56 ../../BSP/Debug\libBSP.a(font8x16.o)

.debug_macinfo  0x00000000    0x35e72
 .debug_macinfo
                0x00000000     0x4326 ./kernelcoop.o
 .debug_macinfo
                0x00004326     0x5576 ./lab13.o
 .debug_macinfo
                0x0000989c     0x4eba ../../BSP/Debug\libBSP.a(keypad.o)
 .debug_macinfo
                0x0000e756     0x439b ../../BSP/Debug\libBSP.a(lcd.o)
 .debug_macinfo
                0x00012af1     0x432c ../../BSP/Debug\libBSP.a(leds.o)
 .debug_macinfo
                0x00016e1d     0x4d91 ../../BSP/Debug\libBSP.a(pbs.o)
 .debug_macinfo
                0x0001bbae     0x4cee ../../BSP/Debug\libBSP.a(rtc.o)
 .debug_macinfo
                0x0002089c     0x4d01 ../../BSP/Debug\libBSP.a(segs.o)
 .debug_macinfo
                0x0002559d     0x5574 ../../BSP/Debug\libBSP.a(system.o)
 .debug_macinfo
                0x0002ab11     0x4d1b ../../BSP/Debug\libBSP.a(timers.o)
 .debug_macinfo
                0x0002f82c     0x430d ../../BSP/Debug\libBSP.a(uart.o)
 .debug_macinfo
                0x00033b39     0x2339 ../../BSP/Debug\libBSP.a(font8x16.o)

.debug_loc      0x00000000     0x162c
 .debug_loc     0x00000000       0xdc ./kernelcoop.o
 .debug_loc     0x000000dc      0x1e4 ./lab13.o
 .debug_loc     0x000002c0      0x160 ../../BSP/Debug\libBSP.a(keypad.o)
 .debug_loc     0x00000420      0x344 ../../BSP/Debug\libBSP.a(lcd.o)
 .debug_loc     0x00000764       0xdc ../../BSP/Debug\libBSP.a(leds.o)
 .debug_loc     0x00000840      0x160 ../../BSP/Debug\libBSP.a(pbs.o)
 .debug_loc     0x000009a0      0x134 ../../BSP/Debug\libBSP.a(rtc.o)
 .debug_loc     0x00000ad4       0xb0 ../../BSP/Debug\libBSP.a(segs.o)
 .debug_loc     0x00000b84      0x688 ../../BSP/Debug\libBSP.a(system.o)
 .debug_loc     0x0000120c      0x294 ../../BSP/Debug\libBSP.a(timers.o)
 .debug_loc     0x000014a0      0x18c ../../BSP/Debug\libBSP.a(uart.o)

.debug_pubnames
                0x00000000      0x931
 .debug_pubnames
                0x00000000       0x61 ./kernelcoop.o
 .debug_pubnames
                0x00000061       0xc2 ./lab13.o
 .debug_pubnames
                0x00000123       0xab ../../BSP/Debug\libBSP.a(keypad.o)
 .debug_pubnames
                0x000001ce      0x150 ../../BSP/Debug\libBSP.a(lcd.o)
 .debug_pubnames
                0x0000031e       0x55 ../../BSP/Debug\libBSP.a(leds.o)
 .debug_pubnames
                0x00000373       0x8e ../../BSP/Debug\libBSP.a(pbs.o)
 .debug_pubnames
                0x00000401       0x74 ../../BSP/Debug\libBSP.a(rtc.o)
 .debug_pubnames
                0x00000475       0x4e ../../BSP/Debug\libBSP.a(segs.o)
 .debug_pubnames
                0x000004c3      0x29d ../../BSP/Debug\libBSP.a(system.o)
 .debug_pubnames
                0x00000760      0x10f ../../BSP/Debug\libBSP.a(timers.o)
 .debug_pubnames
                0x0000086f       0xa7 ../../BSP/Debug\libBSP.a(uart.o)
 .debug_pubnames
                0x00000916       0x1b ../../BSP/Debug\libBSP.a(font8x16.o)

.debug_pubtypes
                0x00000000      0x240
 .debug_pubtypes
                0x00000000       0x34 ./kernelcoop.o
 .debug_pubtypes
                0x00000034       0x42 ./lab13.o
 .debug_pubtypes
                0x00000076       0x32 ../../BSP/Debug\libBSP.a(keypad.o)
 .debug_pubtypes
                0x000000a8       0x3c ../../BSP/Debug\libBSP.a(lcd.o)
 .debug_pubtypes
                0x000000e4       0x27 ../../BSP/Debug\libBSP.a(leds.o)
 .debug_pubtypes
                0x0000010b       0x32 ../../BSP/Debug\libBSP.a(pbs.o)
 .debug_pubtypes
                0x0000013d       0x36 ../../BSP/Debug\libBSP.a(rtc.o)
 .debug_pubtypes
                0x00000173       0x1c ../../BSP/Debug\libBSP.a(segs.o)
 .debug_pubtypes
                0x0000018f       0x27 ../../BSP/Debug\libBSP.a(system.o)
 .debug_pubtypes
                0x000001b6       0x3d ../../BSP/Debug\libBSP.a(timers.o)
 .debug_pubtypes
                0x000001f3       0x31 ../../BSP/Debug\libBSP.a(uart.o)
 .debug_pubtypes
                0x00000224       0x1c ../../BSP/Debug\libBSP.a(font8x16.o)

.debug_aranges  0x00000000      0x160
 .debug_aranges
                0x00000000       0x20 ./kernelcoop.o
 .debug_aranges
                0x00000020       0x20 ./lab13.o
 .debug_aranges
                0x00000040       0x20 ../../BSP/Debug\libBSP.a(keypad.o)
 .debug_aranges
                0x00000060       0x20 ../../BSP/Debug\libBSP.a(lcd.o)
 .debug_aranges
                0x00000080       0x20 ../../BSP/Debug\libBSP.a(leds.o)
 .debug_aranges
                0x000000a0       0x20 ../../BSP/Debug\libBSP.a(pbs.o)
 .debug_aranges
                0x000000c0       0x20 ../../BSP/Debug\libBSP.a(rtc.o)
 .debug_aranges
                0x000000e0       0x20 ../../BSP/Debug\libBSP.a(segs.o)
 .debug_aranges
                0x00000100       0x20 ../../BSP/Debug\libBSP.a(system.o)
 .debug_aranges
                0x00000120       0x20 ../../BSP/Debug\libBSP.a(timers.o)
 .debug_aranges
                0x00000140       0x20 ../../BSP/Debug\libBSP.a(uart.o)

.debug_str      0x00000000      0x903
 .debug_str     0x00000000       0xf9 ./kernelcoop.o
                                0x112 (size before relaxing)
 .debug_str     0x000000f9       0xbe ./lab13.o
                                0x17d (size before relaxing)
 .debug_str     0x000001b7       0xa7 ../../BSP/Debug\libBSP.a(keypad.o)
                                0x132 (size before relaxing)
 .debug_str     0x0000025e      0x154 ../../BSP/Debug\libBSP.a(lcd.o)
                                0x20b (size before relaxing)
 .debug_str     0x000003b2       0x3d ../../BSP/Debug\libBSP.a(leds.o)
                                 0xd6 (size before relaxing)
 .debug_str     0x000003ef       0x69 ../../BSP/Debug\libBSP.a(pbs.o)
                                0x112 (size before relaxing)
 .debug_str     0x00000458       0x74 ../../BSP/Debug\libBSP.a(rtc.o)
                                0x135 (size before relaxing)
 .debug_str     0x000004cc       0x43 ../../BSP/Debug\libBSP.a(segs.o)
                                 0xdb (size before relaxing)
 .debug_str     0x0000050f      0x26a ../../BSP/Debug\libBSP.a(system.o)
                                0x303 (size before relaxing)
 .debug_str     0x00000779       0xf9 ../../BSP/Debug\libBSP.a(timers.o)
                                0x19e (size before relaxing)
 .debug_str     0x00000872       0x7f ../../BSP/Debug\libBSP.a(uart.o)
                                0x129 (size before relaxing)
 .debug_str     0x000008f1       0x12 ../../BSP/Debug\libBSP.a(font8x16.o)
                                 0xa9 (size before relaxing)

.comment        0x00000000       0x2a
 .comment       0x00000000       0x2a ./kernelcoop.o
                                 0x2b (size before relaxing)
 .comment       0x00000000       0x2b ./lab13.o
 .comment       0x00000000       0x2b ../../BSP/Debug\libBSP.a(keypad.o)
 .comment       0x00000000       0x2b ../../BSP/Debug\libBSP.a(lcd.o)
 .comment       0x00000000       0x2b ../../BSP/Debug\libBSP.a(leds.o)
 .comment       0x00000000       0x2b ../../BSP/Debug\libBSP.a(pbs.o)
 .comment       0x00000000       0x2b ../../BSP/Debug\libBSP.a(rtc.o)
 .comment       0x00000000       0x2b ../../BSP/Debug\libBSP.a(segs.o)
 .comment       0x00000000       0x2b ../../BSP/Debug\libBSP.a(system.o)
 .comment       0x00000000       0x2b ../../BSP/Debug\libBSP.a(timers.o)
 .comment       0x00000000       0x2b ../../BSP/Debug\libBSP.a(uart.o)
 .comment       0x00000000       0x2b ../../BSP/Debug\libBSP.a(font8x16.o)

.ARM.attributes
                0x00000000       0x32
 .ARM.attributes
                0x00000000       0x32 ./kernelcoop.o
 .ARM.attributes
                0x00000032       0x32 ./lab13.o
 .ARM.attributes
                0x00000064       0x32 ../../BSP/Debug\libBSP.a(keypad.o)
 .ARM.attributes
                0x00000096       0x32 ../../BSP/Debug\libBSP.a(lcd.o)
 .ARM.attributes
                0x000000c8       0x32 ../../BSP/Debug\libBSP.a(leds.o)
 .ARM.attributes
                0x000000fa       0x32 ../../BSP/Debug\libBSP.a(pbs.o)
 .ARM.attributes
                0x0000012c       0x32 ../../BSP/Debug\libBSP.a(rtc.o)
 .ARM.attributes
                0x0000015e       0x32 ../../BSP/Debug\libBSP.a(segs.o)
 .ARM.attributes
                0x00000190       0x32 ../../BSP/Debug\libBSP.a(system.o)
 .ARM.attributes
                0x000001c2       0x32 ../../BSP/Debug\libBSP.a(timers.o)
 .ARM.attributes
                0x000001f4       0x32 ../../BSP/Debug\libBSP.a(uart.o)
 .ARM.attributes
                0x00000226       0x32 ../../BSP/Debug\libBSP.a(font8x16.o)
 .ARM.attributes
                0x00000258       0x1a d:/target/eclipsearm/sourcery-g++-lite-arm-2011.03/bin/../lib/gcc/arm-none-eabi/4.5.2\libgcc.a(_udivsi3.o)
 .ARM.attributes
                0x00000272       0x18 d:/target/eclipsearm/sourcery-g++-lite-arm-2011.03/bin/../lib/gcc/arm-none-eabi/4.5.2\libgcc.a(_dvmd_tls.o)
 .ARM.attributes
                0x0000028a       0x1a d:/target/eclipsearm/sourcery-g++-lite-arm-2011.03/bin/../lib/gcc/arm-none-eabi/4.5.2\libgcc.a(_aeabi_uldivmod.o)
 .ARM.attributes
                0x000002a4       0x34 d:/target/eclipsearm/sourcery-g++-lite-arm-2011.03/bin/../lib/gcc/arm-none-eabi/4.5.2\libgcc.a(bpabi.o)
 .ARM.attributes
                0x000002d8       0x34 d:/target/eclipsearm/sourcery-g++-lite-arm-2011.03/bin/../lib/gcc/arm-none-eabi/4.5.2\libgcc.a(_divdi3.o)
 .ARM.attributes
                0x0000030c       0x34 d:/target/eclipsearm/sourcery-g++-lite-arm-2011.03/bin/../lib/gcc/arm-none-eabi/4.5.2\libgcc.a(_udivdi3.o)
 .ARM.attributes
                0x00000340       0x1a d:/target/eclipsearm/sourcery-g++-lite-arm-2011.03/bin/../lib/gcc/arm-none-eabi/4.5.2\libgcc.a(_clzsi2.o)

.debug_frame    0x00000000     0x1220
 .debug_frame   0x00000000       0xbc ./kernelcoop.o
 .debug_frame   0x000000bc      0x178 ./lab13.o
 .debug_frame   0x00000234      0x110 ../../BSP/Debug\libBSP.a(keypad.o)
 .debug_frame   0x00000344      0x270 ../../BSP/Debug\libBSP.a(lcd.o)
 .debug_frame   0x000005b4       0xb0 ../../BSP/Debug\libBSP.a(leds.o)
 .debug_frame   0x00000664      0x110 ../../BSP/Debug\libBSP.a(pbs.o)
 .debug_frame   0x00000774       0xf4 ../../BSP/Debug\libBSP.a(rtc.o)
 .debug_frame   0x00000868       0x90 ../../BSP/Debug\libBSP.a(segs.o)
 .debug_frame   0x000008f8      0x518 ../../BSP/Debug\libBSP.a(system.o)
 .debug_frame   0x00000e10      0x1f8 ../../BSP/Debug\libBSP.a(timers.o)
 .debug_frame   0x00001008      0x130 ../../BSP/Debug\libBSP.a(uart.o)
 .debug_frame   0x00001138       0x20 d:/target/eclipsearm/sourcery-g++-lite-arm-2011.03/bin/../lib/gcc/arm-none-eabi/4.5.2\libgcc.a(_udivsi3.o)
 .debug_frame   0x00001158       0x50 d:/target/eclipsearm/sourcery-g++-lite-arm-2011.03/bin/../lib/gcc/arm-none-eabi/4.5.2\libgcc.a(bpabi.o)
 .debug_frame   0x000011a8       0x3c d:/target/eclipsearm/sourcery-g++-lite-arm-2011.03/bin/../lib/gcc/arm-none-eabi/4.5.2\libgcc.a(_divdi3.o)
 .debug_frame   0x000011e4       0x3c d:/target/eclipsearm/sourcery-g++-lite-arm-2011.03/bin/../lib/gcc/arm-none-eabi/4.5.2\libgcc.a(_udivdi3.o)
