Archive member included because of file (symbol)

../../BSP/Debug\libBSP.a(keypad.o)
                              ./lab14.o (keypad_scan)
../../BSP/Debug\libBSP.a(lcd.o)
                              ./lab14.o (lcd_init)
../../BSP/Debug\libBSP.a(leds.o)
                              ./lab14.o (leds_init)
../../BSP/Debug\libBSP.a(pbs.o)
                              ./lab14.o (pbs_init)
../../BSP/Debug\libBSP.a(rtc.o)
                              ./lab14.o (rtc_init)
../../BSP/Debug\libBSP.a(segs.o)
                              ./lab14.o (segs_init)
../../BSP/Debug\libBSP.a(system.o)
                              ./lab14.o (sys_init)
../../BSP/Debug\libBSP.a(timers.o)
                              ./lab14.o (timers_init)
../../BSP/Debug\libBSP.a(uart.o)
                              ./lab14.o (uart0_init)
../../BSP/Debug\libBSP.a(font8x16.o)
                              ../../BSP/Debug\libBSP.a(lcd.o) (font)
c:/target/eclipsearm/sourcery-g++-lite-arm-2011.03/bin/../lib/gcc/arm-none-eabi/4.5.2\libgcc.a(_udivsi3.o)
                              ./os_core/os_core.o (__aeabi_uidiv)
c:/target/eclipsearm/sourcery-g++-lite-arm-2011.03/bin/../lib/gcc/arm-none-eabi/4.5.2\libgcc.a(_dvmd_tls.o)
                              c:/target/eclipsearm/sourcery-g++-lite-arm-2011.03/bin/../lib/gcc/arm-none-eabi/4.5.2\libgcc.a(_udivsi3.o) (__aeabi_idiv0)
c:/target/eclipsearm/sourcery-g++-lite-arm-2011.03/bin/../lib/gcc/arm-none-eabi/4.5.2\libgcc.a(_aeabi_uldivmod.o)
                              ../../BSP/Debug\libBSP.a(timers.o) (__aeabi_uldivmod)
c:/target/eclipsearm/sourcery-g++-lite-arm-2011.03/bin/../lib/gcc/arm-none-eabi/4.5.2\libgcc.a(bpabi.o)
                              c:/target/eclipsearm/sourcery-g++-lite-arm-2011.03/bin/../lib/gcc/arm-none-eabi/4.5.2\libgcc.a(_aeabi_uldivmod.o) (__gnu_uldivmod_helper)
c:/target/eclipsearm/sourcery-g++-lite-arm-2011.03/bin/../lib/gcc/arm-none-eabi/4.5.2\libgcc.a(_divdi3.o)
                              c:/target/eclipsearm/sourcery-g++-lite-arm-2011.03/bin/../lib/gcc/arm-none-eabi/4.5.2\libgcc.a(bpabi.o) (__divdi3)
c:/target/eclipsearm/sourcery-g++-lite-arm-2011.03/bin/../lib/gcc/arm-none-eabi/4.5.2\libgcc.a(_udivdi3.o)
                              c:/target/eclipsearm/sourcery-g++-lite-arm-2011.03/bin/../lib/gcc/arm-none-eabi/4.5.2\libgcc.a(bpabi.o) (__udivdi3)
c:/target/eclipsearm/sourcery-g++-lite-arm-2011.03/bin/../lib/gcc/arm-none-eabi/4.5.2\libgcc.a(_clzsi2.o)
                              c:/target/eclipsearm/sourcery-g++-lite-arm-2011.03/bin/../lib/gcc/arm-none-eabi/4.5.2\libgcc.a(_divdi3.o) (__clzsi2)

Allocating common symbols
Common symbol       size              file

Task3Stk            0xa000            ./lab14.o
Task7Stk            0xa000            ./lab14.o
OSLockNesting       0x1               ./os_core/os_core.o
Task4Stk            0xa000            ./lab14.o
OSRunning           0x1               ./os_core/os_core.o
OSIdleCtr           0x4               ./os_core/os_core.o
OSPrioHighRdy       0x1               ./os_core/os_core.o
OSFlagTbl           0xdc              ./os_core/os_core.o
OSPrioCur           0x1               ./os_core/os_core.o
OSTCBList           0x4               ./os_core/os_core.o
OSMemTbl            0x104             ./os_core/os_core.o
OSTickStepState     0x1               ./os_core/os_core.o
OSTaskStatStk       0x800             ./os_core/os_core.o
OSCtxSwCtr          0x4               ./os_core/os_core.o
lcd_buffer          0x9600            ../../BSP/Debug\libBSP.a(lcd.o)
OSIdleCtrMax        0x4               ./os_core/os_core.o
OSTCBFreeList       0x4               ./os_core/os_core.o
keypadMbox          0x4               ./lab14.o
OSCPUUsage          0x1               ./os_core/os_core.o
flagPb              0x4               ./lab14.o
Task2Stk            0xa000            ./lab14.o
OSTaskCtr           0x1               ./os_core/os_core.o
uart0Sem            0x4               ./lab14.o
OSMemFreeList       0x4               ./os_core/os_core.o
Task6Stk            0xa000            ./lab14.o
OSQTbl              0x60              ./os_core/os_core.o
OSTCBHighRdy        0x4               ./os_core/os_core.o
OSQFreeList         0x4               ./os_core/os_core.o
OSRdyGrp            0x1               ./os_core/os_core.o
Task1Stk            0xa000            ./lab14.o
OSRdyTbl            0x8               ./os_core/os_core.o
Task9Stk            0xa000            ./lab14.o
OSEventFreeList     0x4               ./os_core/os_core.o
Task8Stk            0xa000            ./lab14.o
OSIntNesting        0x1               ./os_core/os_core.o
TaskStartStk        0xa000            ./lab14.o
OSTCBCur            0x4               ./os_core/os_core.o
Task5Stk            0xa000            ./lab14.o
OSTime              0x4               ./os_core/os_core.o
OSTaskIdleStk       0x800             ./os_core/os_core.o
OSEventTbl          0x1e0             ./os_core/os_core.o
OSTCBTbl            0x8f0             ./os_core/os_core.o
OSFlagFreeList      0x4               ./os_core/os_core.o
OSStatRdy           0x1               ./os_core/os_core.o
OSTCBPrioTbl        0x100             ./os_core/os_core.o
OSIdleCtrRun        0x4               ./os_core/os_core.o

Memory Configuration

Name             Origin             Length             Attributes
*default*        0x00000000         0xffffffff

Linker script and memory map

LOAD ./os_port/os_cpu_a.o
LOAD ./os_port/os_cpu_c.o
LOAD ./os_port/os_cpu_isr_wrapper.o
LOAD ./os_core/os_core.o
LOAD ./os_core/os_dbg_r.o
LOAD ./os_core/os_flag.o
LOAD ./os_core/os_mbox.o
LOAD ./os_core/os_mem.o
LOAD ./os_core/os_mutex.o
LOAD ./os_core/os_q.o
LOAD ./os_core/os_sem.o
LOAD ./os_core/os_task.o
LOAD ./os_core/os_time.o
LOAD ./os_core/ucos_ii.o
LOAD ./lab14-isr-wrappers.o
LOAD ./lab14.o
LOAD ../../BSP/Debug\libBSP.a
START GROUP
LOAD c:/target/eclipsearm/sourcery-g++-lite-arm-2011.03/bin/../lib/gcc/arm-none-eabi/4.5.2\libgcc.a
LOAD c:/target/eclipsearm/sourcery-g++-lite-arm-2011.03/bin/../lib/gcc/arm-none-eabi/4.5.2/../../../../arm-none-eabi/lib\libc.a
END GROUP
                0x0c100000                . = 0xc100000

.text           0x0c100000     0xe01c
 *(.text)
 .text          0x0c100000      0x110 ./os_port/os_cpu_a.o
                0x0c100000                OSStartHighRdy
                0x0c100028                OSCtxSw
                0x0c100044                OSIntCtxSw
                0x0c100078                OSTickISR
 .text          0x0c100110      0x29c ./os_port/os_cpu_c.o
                0x0c100110                OSInitHookBegin
                0x0c100128                OSInitHookEnd
                0x0c100140                OSTaskCreateHook
                0x0c100160                OSTaskDelHook
                0x0c100180                OSTaskIdleHook
                0x0c10019c                OSTaskStatHook
                0x0c1001b4                OSTaskStkInit
                0x0c10035c                OSTaskSwHook
                0x0c100374                OSTCBInitHook
                0x0c100394                OSTimeTickHook
 .text          0x0c1003ac        0x0 ./os_port/os_cpu_isr_wrapper.o
 .text          0x0c1003ac     0x1a58 ./os_core/os_core.o
                0x0c1003ac                OSEventNameGet
                0x0c10049c                OSEventNameSet
                0x0c1005a8                OSInit
                0x0c1005f0                OSIntEnter
                0x0c100648                OSIntExit
                0x0c1007a4                OSSchedLock
                0x0c100814                OSSchedUnlock
                0x0c1008d0                OSStart
                0x0c1009ac                OSStatInit
                0x0c100a38                OSTimeTick
                0x0c100c54                OSVersion
                0x0c100c74                OS_Dummy
                0x0c100c8c                OS_EventTaskRdy
                0x0c100e98                OS_EventTaskWait
                0x0c100ff0                OS_EventTO
                0x0c101104                OS_EventWaitListInit
                0x0c101618                OS_MemClr
                0x0c101674                OS_MemCopy
                0x0c1016e4                OS_Sched
                0x0c101804                OS_StrCopy
                0x0c10188c                OS_StrLen
                0x0c1018e8                OS_TaskIdle
                0x0c101934                OS_TaskStat
                0x0c101a64                OS_TaskStatStkChk
                0x0c101b24                OS_TCBInit
 .text          0x0c101e04      0x238 ./os_core/os_dbg_r.o
                0x0c101e04                OSDebugInit
 .text          0x0c10203c     0x16cc ./os_core/os_flag.o
                0x0c10203c                OSFlagAccept
                0x0c102360                OSFlagCreate
                0x0c102464                OSFlagDel
                0x0c1026a4                OSFlagNameGet
                0x0c102790                OSFlagNameSet
                0x0c102898                OSFlagPend
                0x0c102e04                OSFlagPendGetFlagsRdy
                0x0c102e54                OSFlagPost
                0x0c103214                OSFlagQuery
                0x0c103468                OS_FlagInit
                0x0c103654                OS_FlagUnlink
 .text          0x0c103708      0x95c ./os_core/os_mbox.o
                0x0c103708                OSMboxAccept
                0x0c10378c                OSMboxCreate
                0x0c103870                OSMboxDel
                0x0c103aa4                OSMboxPend
                0x0c103c88                OSMboxPost
                0x0c103d6c                OSMboxPostOpt
                0x0c103e94                OSMboxQuery
 .text          0x0c104064      0x6ac ./os_core/os_mem.o
                0x0c104064                OSMemCreate
                0x0c104224                OSMemGet
                0x0c1042f0                OSMemNameGet
                0x0c1043b0                OSMemNameSet
                0x0c10448c                OSMemPut
                0x0c104550                OSMemQuery
                0x0c104628                OS_MemInit
 .text          0x0c104710     0x1044 ./os_core/os_mutex.o
                0x0c104710                OSMutexAccept
                0x0c104854                OSMutexCreate
                0x0c1049f8                OSMutexDel
                0x0c104c80                OSMutexPend
                0x0c1051bc                OSMutexPost
                0x0c10551c                OSMutexQuery
 .text          0x0c105754      0xf64 ./os_core/os_q.o
                0x0c105754                OSQAccept
                0x0c10587c                OSQCreate
                0x0c105a34                OSQDel
                0x0c105cbc                OSQFlush
                0x0c105d60                OSQPend
                0x0c105f9c                OSQPost
                0x0c1060d4                OSQPostFront
                0x0c106214                OSQPostOpt
                0x0c1063f0                OSQQuery
                0x0c106610                OS_QInit
 .text          0x0c1066b8      0x8d8 ./os_core/os_sem.o
                0x0c1066b8                OSSemAccept
                0x0c106758                OSSemCreate
                0x0c106840                OSSemDel
                0x0c106a74                OSSemPend
                0x0c106c14                OSSemPost
                0x0c106cf8                OSSemQuery
                0x0c106ec8                OSSemSet
 .text          0x0c106f90     0x146c ./os_core/os_task.o
                0x0c106f90                OSTaskChangePrio
                0x0c107354                OSTaskCreate
                0x0c1074b0                OSTaskCreateExt
                0x0c107620                OSTaskDel
                0x0c1079fc                OSTaskDelReq
                0x0c107b0c                OSTaskNameGet
                0x0c107c50                OSTaskNameSet
                0x0c107da8                OSTaskResume
                0x0c107f1c                OSTaskStkChk
                0x0c1080b0                OSTaskSuspend
                0x0c10828c                OSTaskQuery
                0x0c108378                OS_TaskStkClr
 .text          0x0c1083fc      0x4d0 ./os_core/os_time.o
                0x0c1083fc                OSTimeDly
                0x0c108500                OSTimeDlyHMSM
                0x0c1086a4                OSTimeDlyResume
                0x0c108838                OSTimeGet
                0x0c108884                OSTimeSet
 .text          0x0c1088cc        0x0 ./os_core/ucos_ii.o
 .text          0x0c1088cc       0x78 ./lab14-isr-wrappers.o
                0x0c1088cc                OS_CPU_isr_pb
 .text          0x0c108944      0xaa8 ./lab14.o
                0x0c108944                main
                0x0c108a28                TaskStart
                0x0c108bec                Task8
                0x0c108c9c                Task9
                0x0c108d84                Task1
                0x0c108e1c                Task2
                0x0c108f08                Task3
                0x0c109020                Task4
                0x0c10910c                Task5
                0x0c109214                Task6
                0x0c1092bc                Task7
                0x0c1093a0                isr_pb
 .text          0x0c1093ec      0x500 ../../BSP/Debug\libBSP.a(keypad.o)
                0x0c1093ec                keypad_scan
                0x0c109610                keypad_pressed
                0x0c109648                keypad_open
                0x0c1096a0                keypad_close
                0x0c1096e4                keypad_init
                0x0c109700                keypad_getchar
                0x0c109774                keypad_getchartime
                0x0c10981c                keypad_timeout_getchar
 .text          0x0c1098ec     0x12a0 ../../BSP/Debug\libBSP.a(lcd.o)
                0x0c1098ec                lcd_init
                0x0c109a70                lcd_on
                0x0c109aac                lcd_off
                0x0c109ae8                lcd_status
                0x0c109b10                lcd_clear
                0x0c109b94                lcd_putpixel
                0x0c109c80                lcd_getpixel
                0x0c109d18                lcd_draw_hrow
                0x0c109dc0                lcd_draw_vrow
                0x0c109e68                lcd_draw_box
                0x0c109f64                lcd_putchar
                0x0c10a0b8                lcd_puts
                0x0c10a144                lcd_putint
                0x0c10a27c                lcd_puthex
                0x0c10a35c                lcd_putWallpaper
                0x0c10a4b8                lcd_putchar_x2
                0x0c10a8e8                lcd_puts_x2
                0x0c10a974                lcd_putint_x2
                0x0c10aaac                lcd_puthex_x2
 .text          0x0c10ab8c      0x170 ../../BSP/Debug\libBSP.a(leds.o)
                0x0c10ab8c                leds_init
                0x0c10abb4                led_on
                0x0c10abfc                led_off
                0x0c10ac40                led_toggle
                0x0c10aca0                led_status
 .text          0x0c10acfc      0x34c ../../BSP/Debug\libBSP.a(pbs.o)
                0x0c10acfc                pbs_init
                0x0c10ad18                pb_scan
                0x0c10ad74                pb_pressed
                0x0c10adac                pb_getchar
                0x0c10ae20                pb_timeout_getchar
                0x0c10aef4                pb_getchartime
                0x0c10af9c                pbs_open
                0x0c10b004                pbs_close
 .text          0x0c10b048      0x6bc ../../BSP/Debug\libBSP.a(rtc.o)
                0x0c10b048                dectoBCD
                0x0c10b0dc                BCDtodec
                0x0c10b194                rtc_init
                0x0c10b2d0                rtc_puttime
                0x0c10b3fc                rtc_gettime
                0x0c10b634                rtc_open
                0x0c10b6b0                rtc_close
 .text          0x0c10b704       0xd4 ../../BSP/Debug\libBSP.a(segs.o)
                0x0c10b704                segs_init
                0x0c10b720                segs_off
                0x0c10b758                segs_putchar
                0x0c10b7b0                segs_status
 .text          0x0c10b7d8      0xcf8 ../../BSP/Debug\libBSP.a(system.o)
                0x0c10b7d8                sys_init
                0x0c10bd44                isr_SWI_dummy
                0x0c10bd70                isr_UNDEF_dummy
                0x0c10bd9c                isr_IRQ_dummy
                0x0c10bdc8                isr_FIQ_dummy
                0x0c10bdf4                isr_PABORT_dummy
                0x0c10be20                isr_DABORT_dummy
                0x0c10be4c                isr_ADC_dummy
                0x0c10be74                isr_RTC_dummy
                0x0c10be9c                isr_UTXD1_dummy
                0x0c10bec4                isr_UTXD0_dummy
                0x0c10beec                isr_SIO_dummy
                0x0c10bf14                isr_IIC_dummy
                0x0c10bf3c                isr_URXD1_dummy
                0x0c10bf64                isr_URXD0_dummy
                0x0c10bf8c                isr_TIMER5_dummy
                0x0c10bfb4                isr_TIMER4_dummy
                0x0c10bfdc                isr_TIMER3_dummy
                0x0c10c004                isr_TIMER2_dummy
                0x0c10c02c                isr_TIMER1_dummy
                0x0c10c054                isr_TIMER0_dummy
                0x0c10c07c                isr_UERR01_dummy
                0x0c10c0a4                isr_WDT_dummy
                0x0c10c0cc                isr_BDMA1_dummy
                0x0c10c0f4                isr_BDMA0_dummy
                0x0c10c11c                isr_ZDMA1_dummy
                0x0c10c144                isr_ZDMA0_dummy
                0x0c10c16c                isr_TICK_dummy
                0x0c10c194                isr_PB_dummy
                0x0c10c1bc                isr_ETHERNET_dummy
                0x0c10c1e4                isr_TS_dummy
                0x0c10c20c                isr_KEYPAD_dummy
                0x0c10c234                isr_USB_dummy
                0x0c10c280                sleep
 .text          0x0c10c4d0      0xa50 ../../BSP/Debug\libBSP.a(timers.o)
                0x0c10c4d0                timers_init
                0x0c10c690                wait_for_1ms
                0x0c10c748                timer3_delay_ms
                0x0c10c78c                sw_delay_ms
                0x0c10c7e4                wait_for_1s
                0x0c10c8a8                timer3_delay_s
                0x0c10c8ec                sw_delay_s
                0x0c10c944                timer3_start
                0x0c10c9f4                timer3_stop
                0x0c10ca48                timer3_start_timeout
                0x0c10cb00                timer3_timeout
                0x0c10cb3c                timer0_open_tick
                0x0c10cd80                timer0_open_ms
                0x0c10ce8c                timer0_close
 .text          0x0c10cf20      0x604 ../../BSP/Debug\libBSP.a(uart.o)
                0x0c10cf20                uart0_init
                0x0c10cf84                uart0_putchar
                0x0c10cfe4                uart0_getchar
                0x0c10d02c                uart0_puts
                0x0c10d094                uart0_putint
                0x0c10d1a4                uart0_puthex
                0x0c10d25c                uart0_gets
                0x0c10d2c8                uart0_getint
                0x0c10d380                uart0_gethex
 .text          0x0c10d524        0x0 ../../BSP/Debug\libBSP.a(font8x16.o)
 .text          0x0c10d524      0x114 c:/target/eclipsearm/sourcery-g++-lite-arm-2011.03/bin/../lib/gcc/arm-none-eabi/4.5.2\libgcc.a(_udivsi3.o)
                0x0c10d524                __aeabi_uidiv
                0x0c10d524                __udivsi3
                0x0c10d618                __aeabi_uidivmod
 .text          0x0c10d638        0x4 c:/target/eclipsearm/sourcery-g++-lite-arm-2011.03/bin/../lib/gcc/arm-none-eabi/4.5.2\libgcc.a(_dvmd_tls.o)
                0x0c10d638                __aeabi_idiv0
                0x0c10d638                __aeabi_ldiv0
 .text          0x0c10d63c       0x3c c:/target/eclipsearm/sourcery-g++-lite-arm-2011.03/bin/../lib/gcc/arm-none-eabi/4.5.2\libgcc.a(_aeabi_uldivmod.o)
                0x0c10d63c                __aeabi_uldivmod
 .text          0x0c10d678       0x80 c:/target/eclipsearm/sourcery-g++-lite-arm-2011.03/bin/../lib/gcc/arm-none-eabi/4.5.2\libgcc.a(bpabi.o)
                0x0c10d678                __gnu_ldivmod_helper
                0x0c10d6b8                __gnu_uldivmod_helper
 .text          0x0c10d6f8      0x4a8 c:/target/eclipsearm/sourcery-g++-lite-arm-2011.03/bin/../lib/gcc/arm-none-eabi/4.5.2\libgcc.a(_divdi3.o)
                0x0c10d6f8                __divdi3
 .text          0x0c10dba0      0x434 c:/target/eclipsearm/sourcery-g++-lite-arm-2011.03/bin/../lib/gcc/arm-none-eabi/4.5.2\libgcc.a(_udivdi3.o)
                0x0c10dba0                __udivdi3
 .text          0x0c10dfd4       0x48 c:/target/eclipsearm/sourcery-g++-lite-arm-2011.03/bin/../lib/gcc/arm-none-eabi/4.5.2\libgcc.a(_clzsi2.o)
                0x0c10dfd4                __clzsi2

.glue_7         0x0c10e01c        0x0
 .glue_7        0x00000000        0x0 linker stubs

.glue_7t        0x0c10e01c        0x0
 .glue_7t       0x00000000        0x0 linker stubs

.vfp11_veneer   0x0c10e01c        0x0
 .vfp11_veneer  0x00000000        0x0 linker stubs

.v4_bx          0x0c10e01c        0x0
 .v4_bx         0x00000000        0x0 linker stubs

.rodata         0x0c10e01c     0x17ec
 *(.rodata)
 .rodata        0x0c10e01c      0x108 ./os_core/os_core.o
                0x0c10e01c                OSMapTbl
                0x0c10e024                OSUnMapTbl
 .rodata        0x0c10e124       0x60 ./os_core/os_dbg_r.o
                0x0c10e124                OSDebugEn
                0x0c10e128                OSEndiannessTest
                0x0c10e12c                OSEventEn
                0x0c10e12e                OSEventMax
                0x0c10e130                OSEventNameSize
                0x0c10e132                OSEventSize
                0x0c10e134                OSEventTblSize
                0x0c10e136                OSFlagEn
                0x0c10e138                OSFlagGrpSize
                0x0c10e13a                OSFlagNodeSize
                0x0c10e13c                OSFlagWidth
                0x0c10e13e                OSFlagMax
                0x0c10e140                OSFlagNameSize
                0x0c10e142                OSLowestPrio
                0x0c10e144                OSMboxEn
                0x0c10e146                OSMemEn
                0x0c10e148                OSMemMax
                0x0c10e14a                OSMemNameSize
                0x0c10e14c                OSMemSize
                0x0c10e14e                OSMemTblSize
                0x0c10e150                OSMutexEn
                0x0c10e152                OSPtrSize
                0x0c10e154                OSQEn
                0x0c10e156                OSQMax
                0x0c10e158                OSQSize
                0x0c10e15a                OSRdyTblSize
                0x0c10e15c                OSSemEn
                0x0c10e15e                OSStkWidth
                0x0c10e160                OSTaskCreateEn
                0x0c10e162                OSTaskCreateExtEn
                0x0c10e164                OSTaskDelEn
                0x0c10e166                OSTaskIdleStkSize
                0x0c10e168                OSTaskProfileEn
                0x0c10e16a                OSTaskMax
                0x0c10e16c                OSTaskNameSize
                0x0c10e16e                OSTaskStatEn
                0x0c10e170                OSTaskStatStkSize
                0x0c10e172                OSTaskStatStkChkEn
                0x0c10e174                OSTaskSwHookEn
                0x0c10e176                OSTCBPrioTblMax
                0x0c10e178                OSTCBSize
                0x0c10e17a                OSTicksPerSec
                0x0c10e17c                OSTimeTickHookEn
                0x0c10e17e                OSVersionNbr
                0x0c10e180                OSDataSize
 .rodata        0x0c10e184       0xc0 ./lab14.o
 .rodata        0x0c10e244       0x10 ../../BSP/Debug\libBSP.a(segs.o)
 .rodata        0x0c10e254      0x5b4 ../../BSP/Debug\libBSP.a(system.o)
 .rodata        0x0c10e808     0x1000 ../../BSP/Debug\libBSP.a(font8x16.o)
                0x0c10e808                font

.ARM.extab      0x0c10f808        0x0
 .ARM.extab     0x0c10f808        0x0 c:/target/eclipsearm/sourcery-g++-lite-arm-2011.03/bin/../lib/gcc/arm-none-eabi/4.5.2\libgcc.a(_divdi3.o)
 .ARM.extab     0x0c10f808        0x0 c:/target/eclipsearm/sourcery-g++-lite-arm-2011.03/bin/../lib/gcc/arm-none-eabi/4.5.2\libgcc.a(_udivdi3.o)

.ARM.exidx      0x0c10f808        0x8
 .ARM.exidx     0x0c10f808        0x8 c:/target/eclipsearm/sourcery-g++-lite-arm-2011.03/bin/../lib/gcc/arm-none-eabi/4.5.2\libgcc.a(_divdi3.o)
 .ARM.exidx     0x0c10f810        0x0 c:/target/eclipsearm/sourcery-g++-lite-arm-2011.03/bin/../lib/gcc/arm-none-eabi/4.5.2\libgcc.a(_udivdi3.o)
                                  0x8 (size before relaxing)

.data           0x0c10f810        0x0
 *(.data)
 .data          0x0c10f810        0x0 ./os_port/os_cpu_a.o
 .data          0x0c10f810        0x0 ./os_port/os_cpu_c.o
 .data          0x0c10f810        0x0 ./os_port/os_cpu_isr_wrapper.o
 .data          0x0c10f810        0x0 ./os_core/os_core.o
 .data          0x0c10f810        0x0 ./os_core/os_dbg_r.o
 .data          0x0c10f810        0x0 ./os_core/os_flag.o
 .data          0x0c10f810        0x0 ./os_core/os_mbox.o
 .data          0x0c10f810        0x0 ./os_core/os_mem.o
 .data          0x0c10f810        0x0 ./os_core/os_mutex.o
 .data          0x0c10f810        0x0 ./os_core/os_q.o
 .data          0x0c10f810        0x0 ./os_core/os_sem.o
 .data          0x0c10f810        0x0 ./os_core/os_task.o
 .data          0x0c10f810        0x0 ./os_core/os_time.o
 .data          0x0c10f810        0x0 ./os_core/ucos_ii.o
 .data          0x0c10f810        0x0 ./lab14-isr-wrappers.o
 .data          0x0c10f810        0x0 ./lab14.o
 .data          0x0c10f810        0x0 ../../BSP/Debug\libBSP.a(keypad.o)
 .data          0x0c10f810        0x0 ../../BSP/Debug\libBSP.a(lcd.o)
 .data          0x0c10f810        0x0 ../../BSP/Debug\libBSP.a(leds.o)
 .data          0x0c10f810        0x0 ../../BSP/Debug\libBSP.a(pbs.o)
 .data          0x0c10f810        0x0 ../../BSP/Debug\libBSP.a(rtc.o)
 .data          0x0c10f810        0x0 ../../BSP/Debug\libBSP.a(segs.o)
 .data          0x0c10f810        0x0 ../../BSP/Debug\libBSP.a(system.o)
 .data          0x0c10f810        0x0 ../../BSP/Debug\libBSP.a(timers.o)
 .data          0x0c10f810        0x0 ../../BSP/Debug\libBSP.a(uart.o)
 .data          0x0c10f810        0x0 ../../BSP/Debug\libBSP.a(font8x16.o)
 .data          0x0c10f810        0x0 c:/target/eclipsearm/sourcery-g++-lite-arm-2011.03/bin/../lib/gcc/arm-none-eabi/4.5.2\libgcc.a(_udivsi3.o)
 .data          0x0c10f810        0x0 c:/target/eclipsearm/sourcery-g++-lite-arm-2011.03/bin/../lib/gcc/arm-none-eabi/4.5.2\libgcc.a(_dvmd_tls.o)
 .data          0x0c10f810        0x0 c:/target/eclipsearm/sourcery-g++-lite-arm-2011.03/bin/../lib/gcc/arm-none-eabi/4.5.2\libgcc.a(_aeabi_uldivmod.o)
 .data          0x0c10f810        0x0 c:/target/eclipsearm/sourcery-g++-lite-arm-2011.03/bin/../lib/gcc/arm-none-eabi/4.5.2\libgcc.a(bpabi.o)
 .data          0x0c10f810        0x0 c:/target/eclipsearm/sourcery-g++-lite-arm-2011.03/bin/../lib/gcc/arm-none-eabi/4.5.2\libgcc.a(_divdi3.o)
 .data          0x0c10f810        0x0 c:/target/eclipsearm/sourcery-g++-lite-arm-2011.03/bin/../lib/gcc/arm-none-eabi/4.5.2\libgcc.a(_udivdi3.o)
 .data          0x0c10f810        0x0 c:/target/eclipsearm/sourcery-g++-lite-arm-2011.03/bin/../lib/gcc/arm-none-eabi/4.5.2\libgcc.a(_clzsi2.o)

.bss            0x0c10f810    0x6f484
 *(.bss)
 .bss           0x0c10f810        0x0 ./os_port/os_cpu_a.o
 .bss           0x0c10f810        0x0 ./os_port/os_cpu_c.o
 .bss           0x0c10f810        0x0 ./os_port/os_cpu_isr_wrapper.o
 .bss           0x0c10f810        0x0 ./os_core/os_core.o
 .bss           0x0c10f810        0x0 ./os_core/os_dbg_r.o
 .bss           0x0c10f810        0x0 ./os_core/os_flag.o
 .bss           0x0c10f810        0x0 ./os_core/os_mbox.o
 .bss           0x0c10f810        0x0 ./os_core/os_mem.o
 .bss           0x0c10f810        0x0 ./os_core/os_mutex.o
 .bss           0x0c10f810        0x0 ./os_core/os_q.o
 .bss           0x0c10f810        0x0 ./os_core/os_sem.o
 .bss           0x0c10f810        0x0 ./os_core/os_task.o
 .bss           0x0c10f810        0x0 ./os_core/os_time.o
 .bss           0x0c10f810        0x0 ./os_core/ucos_ii.o
 .bss           0x0c10f810        0x0 ./lab14-isr-wrappers.o
 .bss           0x0c10f810        0x0 ./lab14.o
 .bss           0x0c10f810        0x0 ../../BSP/Debug\libBSP.a(keypad.o)
 .bss           0x0c10f810        0x1 ../../BSP/Debug\libBSP.a(lcd.o)
 .bss           0x0c10f811        0x0 ../../BSP/Debug\libBSP.a(leds.o)
 .bss           0x0c10f811        0x0 ../../BSP/Debug\libBSP.a(pbs.o)
 .bss           0x0c10f811        0x0 ../../BSP/Debug\libBSP.a(rtc.o)
 .bss           0x0c10f811        0x1 ../../BSP/Debug\libBSP.a(segs.o)
 .bss           0x0c10f812        0x0 ../../BSP/Debug\libBSP.a(system.o)
 *fill*         0x0c10f812        0x2 00
 .bss           0x0c10f814        0x8 ../../BSP/Debug\libBSP.a(timers.o)
 .bss           0x0c10f81c        0x0 ../../BSP/Debug\libBSP.a(uart.o)
 .bss           0x0c10f81c        0x0 ../../BSP/Debug\libBSP.a(font8x16.o)
 .bss           0x0c10f81c        0x0 c:/target/eclipsearm/sourcery-g++-lite-arm-2011.03/bin/../lib/gcc/arm-none-eabi/4.5.2\libgcc.a(_udivsi3.o)
 .bss           0x0c10f81c        0x0 c:/target/eclipsearm/sourcery-g++-lite-arm-2011.03/bin/../lib/gcc/arm-none-eabi/4.5.2\libgcc.a(_dvmd_tls.o)
 .bss           0x0c10f81c        0x0 c:/target/eclipsearm/sourcery-g++-lite-arm-2011.03/bin/../lib/gcc/arm-none-eabi/4.5.2\libgcc.a(_aeabi_uldivmod.o)
 .bss           0x0c10f81c        0x0 c:/target/eclipsearm/sourcery-g++-lite-arm-2011.03/bin/../lib/gcc/arm-none-eabi/4.5.2\libgcc.a(bpabi.o)
 .bss           0x0c10f81c        0x0 c:/target/eclipsearm/sourcery-g++-lite-arm-2011.03/bin/../lib/gcc/arm-none-eabi/4.5.2\libgcc.a(_divdi3.o)
 .bss           0x0c10f81c        0x0 c:/target/eclipsearm/sourcery-g++-lite-arm-2011.03/bin/../lib/gcc/arm-none-eabi/4.5.2\libgcc.a(_udivdi3.o)
 .bss           0x0c10f81c        0x0 c:/target/eclipsearm/sourcery-g++-lite-arm-2011.03/bin/../lib/gcc/arm-none-eabi/4.5.2\libgcc.a(_clzsi2.o)
 COMMON         0x0c10f81c     0x1e6c ./os_core/os_core.o
                0x0c10f81c                OSLockNesting
                0x0c10f81d                OSRunning
                0x0c10f820                OSIdleCtr
                0x0c10f824                OSPrioHighRdy
                0x0c10f828                OSFlagTbl
                0x0c10f904                OSPrioCur
                0x0c10f908                OSTCBList
                0x0c10f90c                OSMemTbl
                0x0c10fa10                OSTickStepState
                0x0c10fa14                OSTaskStatStk
                0x0c110214                OSCtxSwCtr
                0x0c110218                OSIdleCtrMax
                0x0c11021c                OSTCBFreeList
                0x0c110220                OSCPUUsage
                0x0c110221                OSTaskCtr
                0x0c110224                OSMemFreeList
                0x0c110228                OSQTbl
                0x0c110288                OSTCBHighRdy
                0x0c11028c                OSQFreeList
                0x0c110290                OSRdyGrp
                0x0c110294                OSRdyTbl
                0x0c11029c                OSEventFreeList
                0x0c1102a0                OSIntNesting
                0x0c1102a4                OSTCBCur
                0x0c1102a8                OSTime
                0x0c1102ac                OSTaskIdleStk
                0x0c110aac                OSEventTbl
                0x0c110c8c                OSTCBTbl
                0x0c11157c                OSFlagFreeList
                0x0c111580                OSStatRdy
                0x0c111584                OSTCBPrioTbl
                0x0c111684                OSIdleCtrRun
 COMMON         0x0c111688    0x6400c ./lab14.o
                0x0c111688                Task3Stk
                0x0c11b688                Task7Stk
                0x0c125688                Task4Stk
                0x0c12f688                keypadMbox
                0x0c12f68c                flagPb
                0x0c12f690                Task2Stk
                0x0c139690                uart0Sem
                0x0c139694                Task6Stk
                0x0c143694                Task1Stk
                0x0c14d694                Task9Stk
                0x0c157694                Task8Stk
                0x0c161694                TaskStartStk
                0x0c16b694                Task5Stk
 COMMON         0x0c175694     0x9600 ../../BSP/Debug\libBSP.a(lcd.o)
                0x0c175694                lcd_buffer
                0x0c17ec94                end = .
OUTPUT(lab14.elf elf32-littlearm)

.ARM.attributes
                0x00000000       0x2e
 .ARM.attributes
                0x00000000       0x22 ./os_port/os_cpu_a.o
 .ARM.attributes
                0x00000022       0x32 ./os_port/os_cpu_c.o
 .ARM.attributes
                0x00000054       0x22 ./os_port/os_cpu_isr_wrapper.o
 .ARM.attributes
                0x00000076       0x32 ./os_core/os_core.o
 .ARM.attributes
                0x000000a8       0x32 ./os_core/os_dbg_r.o
 .ARM.attributes
                0x000000da       0x32 ./os_core/os_flag.o
 .ARM.attributes
                0x0000010c       0x32 ./os_core/os_mbox.o
 .ARM.attributes
                0x0000013e       0x32 ./os_core/os_mem.o
 .ARM.attributes
                0x00000170       0x32 ./os_core/os_mutex.o
 .ARM.attributes
                0x000001a2       0x32 ./os_core/os_q.o
 .ARM.attributes
                0x000001d4       0x32 ./os_core/os_sem.o
 .ARM.attributes
                0x00000206       0x32 ./os_core/os_task.o
 .ARM.attributes
                0x00000238       0x32 ./os_core/os_time.o
 .ARM.attributes
                0x0000026a       0x32 ./os_core/ucos_ii.o
 .ARM.attributes
                0x0000029c       0x22 ./lab14-isr-wrappers.o
 .ARM.attributes
                0x000002be       0x32 ./lab14.o
 .ARM.attributes
                0x000002f0       0x32 ../../BSP/Debug\libBSP.a(keypad.o)
 .ARM.attributes
                0x00000322       0x32 ../../BSP/Debug\libBSP.a(lcd.o)
 .ARM.attributes
                0x00000354       0x32 ../../BSP/Debug\libBSP.a(leds.o)
 .ARM.attributes
                0x00000386       0x32 ../../BSP/Debug\libBSP.a(pbs.o)
 .ARM.attributes
                0x000003b8       0x32 ../../BSP/Debug\libBSP.a(rtc.o)
 .ARM.attributes
                0x000003ea       0x32 ../../BSP/Debug\libBSP.a(segs.o)
 .ARM.attributes
                0x0000041c       0x32 ../../BSP/Debug\libBSP.a(system.o)
 .ARM.attributes
                0x0000044e       0x32 ../../BSP/Debug\libBSP.a(timers.o)
 .ARM.attributes
                0x00000480       0x32 ../../BSP/Debug\libBSP.a(uart.o)
 .ARM.attributes
                0x000004b2       0x32 ../../BSP/Debug\libBSP.a(font8x16.o)
 .ARM.attributes
                0x000004e4       0x1a c:/target/eclipsearm/sourcery-g++-lite-arm-2011.03/bin/../lib/gcc/arm-none-eabi/4.5.2\libgcc.a(_udivsi3.o)
 .ARM.attributes
                0x000004fe       0x18 c:/target/eclipsearm/sourcery-g++-lite-arm-2011.03/bin/../lib/gcc/arm-none-eabi/4.5.2\libgcc.a(_dvmd_tls.o)
 .ARM.attributes
                0x00000516       0x1a c:/target/eclipsearm/sourcery-g++-lite-arm-2011.03/bin/../lib/gcc/arm-none-eabi/4.5.2\libgcc.a(_aeabi_uldivmod.o)
 .ARM.attributes
                0x00000530       0x34 c:/target/eclipsearm/sourcery-g++-lite-arm-2011.03/bin/../lib/gcc/arm-none-eabi/4.5.2\libgcc.a(bpabi.o)
 .ARM.attributes
                0x00000564       0x34 c:/target/eclipsearm/sourcery-g++-lite-arm-2011.03/bin/../lib/gcc/arm-none-eabi/4.5.2\libgcc.a(_divdi3.o)
 .ARM.attributes
                0x00000598       0x34 c:/target/eclipsearm/sourcery-g++-lite-arm-2011.03/bin/../lib/gcc/arm-none-eabi/4.5.2\libgcc.a(_udivdi3.o)
 .ARM.attributes
                0x000005cc       0x1a c:/target/eclipsearm/sourcery-g++-lite-arm-2011.03/bin/../lib/gcc/arm-none-eabi/4.5.2\libgcc.a(_clzsi2.o)

.comment        0x00000000       0x2a
 .comment       0x00000000       0x2a ./os_port/os_cpu_c.o
                                 0x2b (size before relaxing)
 .comment       0x00000000       0x2b ./os_core/os_core.o
 .comment       0x00000000       0x2b ./os_core/os_dbg_r.o
 .comment       0x00000000       0x2b ./os_core/os_flag.o
 .comment       0x00000000       0x2b ./os_core/os_mbox.o
 .comment       0x00000000       0x2b ./os_core/os_mem.o
 .comment       0x00000000       0x2b ./os_core/os_mutex.o
 .comment       0x00000000       0x2b ./os_core/os_q.o
 .comment       0x00000000       0x2b ./os_core/os_sem.o
 .comment       0x00000000       0x2b ./os_core/os_task.o
 .comment       0x00000000       0x2b ./os_core/os_time.o
 .comment       0x00000000       0x2b ./os_core/ucos_ii.o
 .comment       0x00000000       0x2b ./lab14.o
 .comment       0x00000000       0x2b ../../BSP/Debug\libBSP.a(keypad.o)
 .comment       0x00000000       0x2b ../../BSP/Debug\libBSP.a(lcd.o)
 .comment       0x00000000       0x2b ../../BSP/Debug\libBSP.a(leds.o)
 .comment       0x00000000       0x2b ../../BSP/Debug\libBSP.a(pbs.o)
 .comment       0x00000000       0x2b ../../BSP/Debug\libBSP.a(rtc.o)
 .comment       0x00000000       0x2b ../../BSP/Debug\libBSP.a(segs.o)
 .comment       0x00000000       0x2b ../../BSP/Debug\libBSP.a(system.o)
 .comment       0x00000000       0x2b ../../BSP/Debug\libBSP.a(timers.o)
 .comment       0x00000000       0x2b ../../BSP/Debug\libBSP.a(uart.o)
 .comment       0x00000000       0x2b ../../BSP/Debug\libBSP.a(font8x16.o)

.debug_line     0x00000000     0x22ab
 .debug_line    0x00000000       0x88 ./os_port/os_cpu_a.o
 .debug_line    0x00000088       0xdf ./os_port/os_cpu_c.o
 .debug_line    0x00000167      0x347 ./os_core/os_core.o
 .debug_line    0x000004ae       0xd7 ./os_core/os_dbg_r.o
 .debug_line    0x00000585      0x2ae ./os_core/os_flag.o
 .debug_line    0x00000833      0x184 ./os_core/os_mbox.o
 .debug_line    0x000009b7      0x174 ./os_core/os_mem.o
 .debug_line    0x00000b2b      0x1c3 ./os_core/os_mutex.o
 .debug_line    0x00000cee      0x203 ./os_core/os_q.o
 .debug_line    0x00000ef1      0x16b ./os_core/os_sem.o
 .debug_line    0x0000105c      0x243 ./os_core/os_task.o
 .debug_line    0x0000129f      0x108 ./os_core/os_time.o
 .debug_line    0x000013a7       0x98 ./os_core/ucos_ii.o
 .debug_line    0x0000143f       0x49 ./lab14-isr-wrappers.o
 .debug_line    0x00001488      0x2b6 ./lab14.o
 .debug_line    0x0000173e      0x11f ../../BSP/Debug\libBSP.a(keypad.o)
 .debug_line    0x0000185d      0x235 ../../BSP/Debug\libBSP.a(lcd.o)
 .debug_line    0x00001a92       0x8c ../../BSP/Debug\libBSP.a(leds.o)
 .debug_line    0x00001b1e       0xf6 ../../BSP/Debug\libBSP.a(pbs.o)
 .debug_line    0x00001c14       0xd6 ../../BSP/Debug\libBSP.a(rtc.o)
 .debug_line    0x00001cea       0x93 ../../BSP/Debug\libBSP.a(segs.o)
 .debug_line    0x00001d7d      0x230 ../../BSP/Debug\libBSP.a(system.o)
 .debug_line    0x00001fad      0x18f ../../BSP/Debug\libBSP.a(timers.o)
 .debug_line    0x0000213c      0x119 ../../BSP/Debug\libBSP.a(uart.o)
 .debug_line    0x00002255       0x56 ../../BSP/Debug\libBSP.a(font8x16.o)

.debug_info     0x00000000     0x88d9
 .debug_info    0x00000000       0x61 ./os_port/os_cpu_a.o
 .debug_info    0x00000061      0x513 ./os_port/os_cpu_c.o
 .debug_info    0x00000574     0x10e3 ./os_core/os_core.o
 .debug_info    0x00001657      0xed1 ./os_core/os_dbg_r.o
 .debug_info    0x00002528      0x9e9 ./os_core/os_flag.o
 .debug_info    0x00002f11      0x665 ./os_core/os_mbox.o
 .debug_info    0x00003576      0x446 ./os_core/os_mem.o
 .debug_info    0x000039bc      0x73e ./os_core/os_mutex.o
 .debug_info    0x000040fa      0x8a8 ./os_core/os_q.o
 .debug_info    0x000049a2      0x63f ./os_core/os_sem.o
 .debug_info    0x00004fe1      0xa53 ./os_core/os_task.o
 .debug_info    0x00005a34      0x58a ./os_core/os_time.o
 .debug_info    0x00005fbe      0x80c ./os_core/ucos_ii.o
 .debug_info    0x000067ca       0x63 ./lab14-isr-wrappers.o
 .debug_info    0x0000682d      0x6a5 ./lab14.o
 .debug_info    0x00006ed2      0x1be ../../BSP/Debug\libBSP.a(keypad.o)
 .debug_info    0x00007090      0x7c6 ../../BSP/Debug\libBSP.a(lcd.o)
 .debug_info    0x00007856      0x13a ../../BSP/Debug\libBSP.a(leds.o)
 .debug_info    0x00007990      0x1af ../../BSP/Debug\libBSP.a(pbs.o)
 .debug_info    0x00007b3f      0x23c ../../BSP/Debug\libBSP.a(rtc.o)
 .debug_info    0x00007d7b      0x10d ../../BSP/Debug\libBSP.a(segs.o)
 .debug_info    0x00007e88      0x421 ../../BSP/Debug\libBSP.a(system.o)
 .debug_info    0x000082a9      0x2c6 ../../BSP/Debug\libBSP.a(timers.o)
 .debug_info    0x0000856f      0x2d5 ../../BSP/Debug\libBSP.a(uart.o)
 .debug_info    0x00008844       0x95 ../../BSP/Debug\libBSP.a(font8x16.o)

.debug_abbrev   0x00000000     0x1a99
 .debug_abbrev  0x00000000       0x14 ./os_port/os_cpu_a.o
 .debug_abbrev  0x00000014      0x117 ./os_port/os_cpu_c.o
 .debug_abbrev  0x0000012b      0x220 ./os_core/os_core.o
 .debug_abbrev  0x0000034b      0x114 ./os_core/os_dbg_r.o
 .debug_abbrev  0x0000045f      0x193 ./os_core/os_flag.o
 .debug_abbrev  0x000005f2      0x15f ./os_core/os_mbox.o
 .debug_abbrev  0x00000751      0x160 ./os_core/os_mem.o
 .debug_abbrev  0x000008b1      0x17d ./os_core/os_mutex.o
 .debug_abbrev  0x00000a2e      0x176 ./os_core/os_q.o
 .debug_abbrev  0x00000ba4      0x167 ./os_core/os_sem.o
 .debug_abbrev  0x00000d0b      0x17e ./os_core/os_task.o
 .debug_abbrev  0x00000e89      0x119 ./os_core/os_time.o
 .debug_abbrev  0x00000fa2       0xc5 ./os_core/ucos_ii.o
 .debug_abbrev  0x00001067       0x14 ./lab14-isr-wrappers.o
 .debug_abbrev  0x0000107b      0x195 ./lab14.o
 .debug_abbrev  0x00001210       0xe9 ../../BSP/Debug\libBSP.a(keypad.o)
 .debug_abbrev  0x000012f9      0x160 ../../BSP/Debug\libBSP.a(lcd.o)
 .debug_abbrev  0x00001459       0x9a ../../BSP/Debug\libBSP.a(leds.o)
 .debug_abbrev  0x000014f3       0xd2 ../../BSP/Debug\libBSP.a(pbs.o)
 .debug_abbrev  0x000015c5       0xe6 ../../BSP/Debug\libBSP.a(rtc.o)
 .debug_abbrev  0x000016ab       0xb3 ../../BSP/Debug\libBSP.a(segs.o)
 .debug_abbrev  0x0000175e       0xeb ../../BSP/Debug\libBSP.a(system.o)
 .debug_abbrev  0x00001849       0xf0 ../../BSP/Debug\libBSP.a(timers.o)
 .debug_abbrev  0x00001939       0xfd ../../BSP/Debug\libBSP.a(uart.o)
 .debug_abbrev  0x00001a36       0x63 ../../BSP/Debug\libBSP.a(font8x16.o)

.debug_aranges  0x00000000      0x2e0
 .debug_aranges
                0x00000000       0x20 ./os_port/os_cpu_a.o
 .debug_aranges
                0x00000020       0x20 ./os_port/os_cpu_c.o
 .debug_aranges
                0x00000040       0x20 ./os_core/os_core.o
 .debug_aranges
                0x00000060       0x20 ./os_core/os_dbg_r.o
 .debug_aranges
                0x00000080       0x20 ./os_core/os_flag.o
 .debug_aranges
                0x000000a0       0x20 ./os_core/os_mbox.o
 .debug_aranges
                0x000000c0       0x20 ./os_core/os_mem.o
 .debug_aranges
                0x000000e0       0x20 ./os_core/os_mutex.o
 .debug_aranges
                0x00000100       0x20 ./os_core/os_q.o
 .debug_aranges
                0x00000120       0x20 ./os_core/os_sem.o
 .debug_aranges
                0x00000140       0x20 ./os_core/os_task.o
 .debug_aranges
                0x00000160       0x20 ./os_core/os_time.o
 .debug_aranges
                0x00000180       0x20 ./lab14-isr-wrappers.o
 .debug_aranges
                0x000001a0       0x20 ./lab14.o
 .debug_aranges
                0x000001c0       0x20 ../../BSP/Debug\libBSP.a(keypad.o)
 .debug_aranges
                0x000001e0       0x20 ../../BSP/Debug\libBSP.a(lcd.o)
 .debug_aranges
                0x00000200       0x20 ../../BSP/Debug\libBSP.a(leds.o)
 .debug_aranges
                0x00000220       0x20 ../../BSP/Debug\libBSP.a(pbs.o)
 .debug_aranges
                0x00000240       0x20 ../../BSP/Debug\libBSP.a(rtc.o)
 .debug_aranges
                0x00000260       0x20 ../../BSP/Debug\libBSP.a(segs.o)
 .debug_aranges
                0x00000280       0x20 ../../BSP/Debug\libBSP.a(system.o)
 .debug_aranges
                0x000002a0       0x20 ../../BSP/Debug\libBSP.a(timers.o)
 .debug_aranges
                0x000002c0       0x20 ../../BSP/Debug\libBSP.a(uart.o)

.debug_macinfo  0x00000000    0x5d476
 .debug_macinfo
                0x00000000     0x38c5 ./os_port/os_cpu_c.o
 .debug_macinfo
                0x000038c5     0x38b7 ./os_core/os_core.o
 .debug_macinfo
                0x0000717c     0x38af ./os_core/os_dbg_r.o
 .debug_macinfo
                0x0000aa2b     0x38af ./os_core/os_flag.o
 .debug_macinfo
                0x0000e2da     0x38af ./os_core/os_mbox.o
 .debug_macinfo
                0x00011b89     0x38af ./os_core/os_mem.o
 .debug_macinfo
                0x00015438     0x3909 ./os_core/os_mutex.o
 .debug_macinfo
                0x00018d41     0x38af ./os_core/os_q.o
 .debug_macinfo
                0x0001c5f0     0x38af ./os_core/os_sem.o
 .debug_macinfo
                0x0001fe9f     0x38af ./os_core/os_task.o
 .debug_macinfo
                0x0002374e     0x38af ./os_core/os_time.o
 .debug_macinfo
                0x00026ffd     0x38c9 ./os_core/ucos_ii.o
 .debug_macinfo
                0x0002a8c6     0x65da ./lab14.o
 .debug_macinfo
                0x00030ea0     0x4eba ../../BSP/Debug\libBSP.a(keypad.o)
 .debug_macinfo
                0x00035d5a     0x439b ../../BSP/Debug\libBSP.a(lcd.o)
 .debug_macinfo
                0x0003a0f5     0x432c ../../BSP/Debug\libBSP.a(leds.o)
 .debug_macinfo
                0x0003e421     0x4d91 ../../BSP/Debug\libBSP.a(pbs.o)
 .debug_macinfo
                0x000431b2     0x4cee ../../BSP/Debug\libBSP.a(rtc.o)
 .debug_macinfo
                0x00047ea0     0x4d01 ../../BSP/Debug\libBSP.a(segs.o)
 .debug_macinfo
                0x0004cba1     0x5574 ../../BSP/Debug\libBSP.a(system.o)
 .debug_macinfo
                0x00052115     0x4d1b ../../BSP/Debug\libBSP.a(timers.o)
 .debug_macinfo
                0x00056e30     0x430d ../../BSP/Debug\libBSP.a(uart.o)
 .debug_macinfo
                0x0005b13d     0x2339 ../../BSP/Debug\libBSP.a(font8x16.o)

.debug_loc      0x00000000     0x2838
 .debug_loc     0x00000000      0x1b8 ./os_port/os_cpu_c.o
 .debug_loc     0x000001b8      0x554 ./os_core/os_core.o
 .debug_loc     0x0000070c       0x2c ./os_core/os_dbg_r.o
 .debug_loc     0x00000738      0x23c ./os_core/os_flag.o
 .debug_loc     0x00000974      0x134 ./os_core/os_mbox.o
 .debug_loc     0x00000aa8      0x134 ./os_core/os_mem.o
 .debug_loc     0x00000bdc      0x108 ./os_core/os_mutex.o
 .debug_loc     0x00000ce4      0x1b8 ./os_core/os_q.o
 .debug_loc     0x00000e9c      0x134 ./os_core/os_sem.o
 .debug_loc     0x00000fd0      0x210 ./os_core/os_task.o
 .debug_loc     0x000011e0       0xdc ./os_core/os_time.o
 .debug_loc     0x000012bc      0x210 ./lab14.o
 .debug_loc     0x000014cc      0x160 ../../BSP/Debug\libBSP.a(keypad.o)
 .debug_loc     0x0000162c      0x344 ../../BSP/Debug\libBSP.a(lcd.o)
 .debug_loc     0x00001970       0xdc ../../BSP/Debug\libBSP.a(leds.o)
 .debug_loc     0x00001a4c      0x160 ../../BSP/Debug\libBSP.a(pbs.o)
 .debug_loc     0x00001bac      0x134 ../../BSP/Debug\libBSP.a(rtc.o)
 .debug_loc     0x00001ce0       0xb0 ../../BSP/Debug\libBSP.a(segs.o)
 .debug_loc     0x00001d90      0x688 ../../BSP/Debug\libBSP.a(system.o)
 .debug_loc     0x00002418      0x294 ../../BSP/Debug\libBSP.a(timers.o)
 .debug_loc     0x000026ac      0x18c ../../BSP/Debug\libBSP.a(uart.o)

.debug_pubnames
                0x00000000     0x1771
 .debug_pubnames
                0x00000000       0xcd ./os_port/os_cpu_c.o
 .debug_pubnames
                0x000000cd      0x3b2 ./os_core/os_core.o
 .debug_pubnames
                0x0000047f      0x30b ./os_core/os_dbg_r.o
 .debug_pubnames
                0x0000078a       0xd0 ./os_core/os_flag.o
 .debug_pubnames
                0x0000085a       0x82 ./os_core/os_mbox.o
 .debug_pubnames
                0x000008dc       0x7c ./os_core/os_mem.o
 .debug_pubnames
                0x00000958       0x76 ./os_core/os_mutex.o
 .debug_pubnames
                0x000009ce       0x98 ./os_core/os_q.o
 .debug_pubnames
                0x00000a66       0x77 ./os_core/os_sem.o
 .debug_pubnames
                0x00000add       0xe5 ./os_core/os_task.o
 .debug_pubnames
                0x00000bc2       0x62 ./os_core/os_time.o
 .debug_pubnames
                0x00000c24      0x204 ./os_core/ucos_ii.o
 .debug_pubnames
                0x00000e28      0x13b ./lab14.o
 .debug_pubnames
                0x00000f63       0xab ../../BSP/Debug\libBSP.a(keypad.o)
 .debug_pubnames
                0x0000100e      0x150 ../../BSP/Debug\libBSP.a(lcd.o)
 .debug_pubnames
                0x0000115e       0x55 ../../BSP/Debug\libBSP.a(leds.o)
 .debug_pubnames
                0x000011b3       0x8e ../../BSP/Debug\libBSP.a(pbs.o)
 .debug_pubnames
                0x00001241       0x74 ../../BSP/Debug\libBSP.a(rtc.o)
 .debug_pubnames
                0x000012b5       0x4e ../../BSP/Debug\libBSP.a(segs.o)
 .debug_pubnames
                0x00001303      0x29d ../../BSP/Debug\libBSP.a(system.o)
 .debug_pubnames
                0x000015a0      0x10f ../../BSP/Debug\libBSP.a(timers.o)
 .debug_pubnames
                0x000016af       0xa7 ../../BSP/Debug\libBSP.a(uart.o)
 .debug_pubnames
                0x00001756       0x1b ../../BSP/Debug\libBSP.a(font8x16.o)

.debug_pubtypes
                0x00000000      0xdf9
 .debug_pubtypes
                0x00000000       0xd4 ./os_port/os_cpu_c.o
 .debug_pubtypes
                0x000000d4      0x14f ./os_core/os_core.o
 .debug_pubtypes
                0x00000223      0x12f ./os_core/os_dbg_r.o
 .debug_pubtypes
                0x00000352       0xf4 ./os_core/os_flag.o
 .debug_pubtypes
                0x00000446       0xf6 ./os_core/os_mbox.o
 .debug_pubtypes
                0x0000053c       0x88 ./os_core/os_mem.o
 .debug_pubtypes
                0x000005c4       0xf8 ./os_core/os_mutex.o
 .debug_pubtypes
                0x000006bc      0x102 ./os_core/os_q.o
 .debug_pubtypes
                0x000007be       0xf4 ./os_core/os_sem.o
 .debug_pubtypes
                0x000008b2       0xf4 ./os_core/os_task.o
 .debug_pubtypes
                0x000009a6       0xd4 ./os_core/os_time.o
 .debug_pubtypes
                0x00000a7a      0x12f ./os_core/ucos_ii.o
 .debug_pubtypes
                0x00000ba9       0x86 ./lab14.o
 .debug_pubtypes
                0x00000c2f       0x32 ../../BSP/Debug\libBSP.a(keypad.o)
 .debug_pubtypes
                0x00000c61       0x3c ../../BSP/Debug\libBSP.a(lcd.o)
 .debug_pubtypes
                0x00000c9d       0x27 ../../BSP/Debug\libBSP.a(leds.o)
 .debug_pubtypes
                0x00000cc4       0x32 ../../BSP/Debug\libBSP.a(pbs.o)
 .debug_pubtypes
                0x00000cf6       0x36 ../../BSP/Debug\libBSP.a(rtc.o)
 .debug_pubtypes
                0x00000d2c       0x1c ../../BSP/Debug\libBSP.a(segs.o)
 .debug_pubtypes
                0x00000d48       0x27 ../../BSP/Debug\libBSP.a(system.o)
 .debug_pubtypes
                0x00000d6f       0x3d ../../BSP/Debug\libBSP.a(timers.o)
 .debug_pubtypes
                0x00000dac       0x31 ../../BSP/Debug\libBSP.a(uart.o)
 .debug_pubtypes
                0x00000ddd       0x1c ../../BSP/Debug\libBSP.a(font8x16.o)

.debug_str      0x00000000     0x18d4
 .debug_str     0x00000000      0x3a7 ./os_port/os_cpu_c.o
                                0x3c5 (size before relaxing)
 .debug_str     0x000003a7      0x482 ./os_core/os_core.o
                                0x7ab (size before relaxing)
 .debug_str     0x00000829      0x255 ./os_core/os_dbg_r.o
                                0x79d (size before relaxing)
 .debug_str     0x00000a7e      0x130 ./os_core/os_flag.o
                                0x4d9 (size before relaxing)
 .debug_str     0x00000bae       0x95 ./os_core/os_mbox.o
                                0x3ea (size before relaxing)
 .debug_str     0x00000c43       0xdc ./os_core/os_mem.o
                                0x20d (size before relaxing)
 .debug_str     0x00000d1f       0xb0 ./os_core/os_mutex.o
                                0x43f (size before relaxing)
 .debug_str     0x00000dcf       0x95 ./os_core/os_q.o
                                0x44f (size before relaxing)
 .debug_str     0x00000e64       0x86 ./os_core/os_sem.o
                                0x3db (size before relaxing)
 .debug_str     0x00000eea       0xff ./os_core/os_task.o
                                0x4ed (size before relaxing)
 .debug_str     0x00000fe9       0x79 ./os_core/os_time.o
                                0x3b9 (size before relaxing)
 .debug_str     0x00001062       0x15 ./os_core/ucos_ii.o
                                0x55d (size before relaxing)
 .debug_str     0x00001077      0x10a ./lab14.o
                                0x242 (size before relaxing)
 .debug_str     0x00001181       0xa7 ../../BSP/Debug\libBSP.a(keypad.o)
                                0x139 (size before relaxing)
 .debug_str     0x00001228      0x160 ../../BSP/Debug\libBSP.a(lcd.o)
                                0x212 (size before relaxing)
 .debug_str     0x00001388       0x3d ../../BSP/Debug\libBSP.a(leds.o)
                                 0xdd (size before relaxing)
 .debug_str     0x000013c5       0x69 ../../BSP/Debug\libBSP.a(pbs.o)
                                0x119 (size before relaxing)
 .debug_str     0x0000142e       0x6f ../../BSP/Debug\libBSP.a(rtc.o)
                                0x13c (size before relaxing)
 .debug_str     0x0000149d       0x43 ../../BSP/Debug\libBSP.a(segs.o)
                                 0xe2 (size before relaxing)
 .debug_str     0x000014e0      0x26a ../../BSP/Debug\libBSP.a(system.o)
                                0x30a (size before relaxing)
 .debug_str     0x0000174a       0xf9 ../../BSP/Debug\libBSP.a(timers.o)
                                0x1a5 (size before relaxing)
 .debug_str     0x00001843       0x7f ../../BSP/Debug\libBSP.a(uart.o)
                                0x130 (size before relaxing)
 .debug_str     0x000018c2       0x12 ../../BSP/Debug\libBSP.a(font8x16.o)
                                 0xb0 (size before relaxing)

.debug_frame    0x00000000     0x1fcc
 .debug_frame   0x00000000      0x150 ./os_port/os_cpu_c.o
 .debug_frame   0x00000150      0x3f0 ./os_core/os_core.o
 .debug_frame   0x00000540       0x30 ./os_core/os_dbg_r.o
 .debug_frame   0x00000570      0x1b0 ./os_core/os_flag.o
 .debug_frame   0x00000720       0xf0 ./os_core/os_mbox.o
 .debug_frame   0x00000810       0xf0 ./os_core/os_mem.o
 .debug_frame   0x00000900       0xd0 ./os_core/os_mutex.o
 .debug_frame   0x000009d0      0x150 ./os_core/os_q.o
 .debug_frame   0x00000b20       0xf0 ./os_core/os_sem.o
 .debug_frame   0x00000c10      0x190 ./os_core/os_task.o
 .debug_frame   0x00000da0       0xb0 ./os_core/os_time.o
 .debug_frame   0x00000e50      0x190 ./lab14.o
 .debug_frame   0x00000fe0      0x110 ../../BSP/Debug\libBSP.a(keypad.o)
 .debug_frame   0x000010f0      0x270 ../../BSP/Debug\libBSP.a(lcd.o)
 .debug_frame   0x00001360       0xb0 ../../BSP/Debug\libBSP.a(leds.o)
 .debug_frame   0x00001410      0x110 ../../BSP/Debug\libBSP.a(pbs.o)
 .debug_frame   0x00001520       0xf4 ../../BSP/Debug\libBSP.a(rtc.o)
 .debug_frame   0x00001614       0x90 ../../BSP/Debug\libBSP.a(segs.o)
 .debug_frame   0x000016a4      0x518 ../../BSP/Debug\libBSP.a(system.o)
 .debug_frame   0x00001bbc      0x1f8 ../../BSP/Debug\libBSP.a(timers.o)
 .debug_frame   0x00001db4      0x130 ../../BSP/Debug\libBSP.a(uart.o)
 .debug_frame   0x00001ee4       0x20 c:/target/eclipsearm/sourcery-g++-lite-arm-2011.03/bin/../lib/gcc/arm-none-eabi/4.5.2\libgcc.a(_udivsi3.o)
 .debug_frame   0x00001f04       0x50 c:/target/eclipsearm/sourcery-g++-lite-arm-2011.03/bin/../lib/gcc/arm-none-eabi/4.5.2\libgcc.a(bpabi.o)
 .debug_frame   0x00001f54       0x3c c:/target/eclipsearm/sourcery-g++-lite-arm-2011.03/bin/../lib/gcc/arm-none-eabi/4.5.2\libgcc.a(_divdi3.o)
 .debug_frame   0x00001f90       0x3c c:/target/eclipsearm/sourcery-g++-lite-arm-2011.03/bin/../lib/gcc/arm-none-eabi/4.5.2\libgcc.a(_udivdi3.o)
