Archive member included because of file (symbol)

../../BSP/Debug\libBSP.a(iis.o)
                              ./lab9-efectos.o (iis_init)
../../BSP/Debug\libBSP.a(keypad.o)
                              ./lab9-efectos.o (keypad_pressed)
../../BSP/Debug\libBSP.a(segs.o)
                              ./lab9-efectos.o (segs_init)
../../BSP/Debug\libBSP.a(system.o)
                              ./lab9-efectos.o (sys_init)
../../BSP/Debug\libBSP.a(timers.o)
                              ../../BSP/Debug\libBSP.a(keypad.o) (timers_init)
../../BSP/Debug\libBSP.a(uart.o)
                              ./lab9-efectos.o (uart0_init)
../../BSP/Debug\libBSP.a(uda1341ts.o)
                              ./lab9-efectos.o (uda1341ts_init)
../../BSP/Debug\libBSP.a(dma.o)
                              ../../BSP/Debug\libBSP.a(iis.o) (bdma0_init)
../../BSP/Debug\libBSP.a(l3.o)
                              ../../BSP/Debug\libBSP.a(uda1341ts.o) (L3_init)
../../BSP/Debug\libBSP.a(leds.o)
                              ../../BSP/Debug\libBSP.a(l3.o) (led_status)
c:/target/eclipsearm/sourcery-g++-lite-arm-2011.03/bin/../lib/gcc/arm-none-eabi/4.5.2\libgcc.a(_udivsi3.o)
                              ../../BSP/Debug\libBSP.a(timers.o) (__aeabi_uidiv)
c:/target/eclipsearm/sourcery-g++-lite-arm-2011.03/bin/../lib/gcc/arm-none-eabi/4.5.2\libgcc.a(_dvmd_tls.o)
                              c:/target/eclipsearm/sourcery-g++-lite-arm-2011.03/bin/../lib/gcc/arm-none-eabi/4.5.2\libgcc.a(_udivsi3.o) (__aeabi_idiv0)
c:/target/eclipsearm/sourcery-g++-lite-arm-2011.03/bin/../lib/gcc/arm-none-eabi/4.5.2\libgcc.a(_aeabi_uldivmod.o)
                              ../../BSP/Debug\libBSP.a(timers.o) (__aeabi_uldivmod)
c:/target/eclipsearm/sourcery-g++-lite-arm-2011.03/bin/../lib/gcc/arm-none-eabi/4.5.2\libgcc.a(bpabi.o)
                              c:/target/eclipsearm/sourcery-g++-lite-arm-2011.03/bin/../lib/gcc/arm-none-eabi/4.5.2\libgcc.a(_aeabi_uldivmod.o) (__gnu_uldivmod_helper)
c:/target/eclipsearm/sourcery-g++-lite-arm-2011.03/bin/../lib/gcc/arm-none-eabi/4.5.2\libgcc.a(_divdi3.o)
                              c:/target/eclipsearm/sourcery-g++-lite-arm-2011.03/bin/../lib/gcc/arm-none-eabi/4.5.2\libgcc.a(bpabi.o) (__divdi3)
c:/target/eclipsearm/sourcery-g++-lite-arm-2011.03/bin/../lib/gcc/arm-none-eabi/4.5.2\libgcc.a(_udivdi3.o)
                              c:/target/eclipsearm/sourcery-g++-lite-arm-2011.03/bin/../lib/gcc/arm-none-eabi/4.5.2\libgcc.a(bpabi.o) (__udivdi3)
c:/target/eclipsearm/sourcery-g++-lite-arm-2011.03/bin/../lib/gcc/arm-none-eabi/4.5.2\libgcc.a(_clzsi2.o)
                              c:/target/eclipsearm/sourcery-g++-lite-arm-2011.03/bin/../lib/gcc/arm-none-eabi/4.5.2\libgcc.a(_divdi3.o) (__clzsi2)

Allocating common symbols
Common symbol       size              file

buffer              0x9c400           ./lab9-efectos.o
delay_buffer        0x1f406           ./lab9-efectos.o

Memory Configuration

Name             Origin             Length             Attributes
*default*        0x00000000         0xffffffff

Linker script and memory map

LOAD ./lab9-efectos.o
LOAD ../../BSP/Debug\libBSP.a
START GROUP
LOAD c:/target/eclipsearm/sourcery-g++-lite-arm-2011.03/bin/../lib/gcc/arm-none-eabi/4.5.2\libgcc.a
LOAD c:/target/eclipsearm/sourcery-g++-lite-arm-2011.03/bin/../lib/gcc/arm-none-eabi/4.5.2/../../../../arm-none-eabi/lib\libc.a
END GROUP
                0x0c100000                . = 0xc100000

.text           0x0c100000     0x4ab0
 *(.text)
 .text          0x0c100000      0xf38 ./lab9-efectos.o
                0x0c100000                main
                0x0c100ce8                audiodelay_init
                0x0c100da4                audiodelay_put
                0x0c100e6c                audiodelay_get
 .text          0x0c100f38      0x6bc ../../BSP/Debug\libBSP.a(iis.o)
                0x0c100f38                iis_init
                0x0c101054                iis_putSample
                0x0c1010b8                iis_getSample
                0x0c10112c                iis_play
                0x0c1012dc                iis_rec
                0x0c101458                iis_pause
                0x0c101488                iis_continue
                0x0c1014b8                iis_status
                0x0c1014ec                iis_playWawFile
 .text          0x0c1015f4      0x500 ../../BSP/Debug\libBSP.a(keypad.o)
                0x0c1015f4                keypad_scan
                0x0c101818                keypad_pressed
                0x0c101850                keypad_open
                0x0c1018a8                keypad_close
                0x0c1018ec                keypad_init
                0x0c101908                keypad_getchar
                0x0c10197c                keypad_getchartime
                0x0c101a24                keypad_timeout_getchar
 .text          0x0c101af4       0xd4 ../../BSP/Debug\libBSP.a(segs.o)
                0x0c101af4                segs_init
                0x0c101b10                segs_off
                0x0c101b48                segs_putchar
                0x0c101ba0                segs_status
 .text          0x0c101bc8      0xcf8 ../../BSP/Debug\libBSP.a(system.o)
                0x0c101bc8                sys_init
                0x0c102134                isr_SWI_dummy
                0x0c102160                isr_UNDEF_dummy
                0x0c10218c                isr_IRQ_dummy
                0x0c1021b8                isr_FIQ_dummy
                0x0c1021e4                isr_PABORT_dummy
                0x0c102210                isr_DABORT_dummy
                0x0c10223c                isr_ADC_dummy
                0x0c102264                isr_RTC_dummy
                0x0c10228c                isr_UTXD1_dummy
                0x0c1022b4                isr_UTXD0_dummy
                0x0c1022dc                isr_SIO_dummy
                0x0c102304                isr_IIC_dummy
                0x0c10232c                isr_URXD1_dummy
                0x0c102354                isr_URXD0_dummy
                0x0c10237c                isr_TIMER5_dummy
                0x0c1023a4                isr_TIMER4_dummy
                0x0c1023cc                isr_TIMER3_dummy
                0x0c1023f4                isr_TIMER2_dummy
                0x0c10241c                isr_TIMER1_dummy
                0x0c102444                isr_TIMER0_dummy
                0x0c10246c                isr_UERR01_dummy
                0x0c102494                isr_WDT_dummy
                0x0c1024bc                isr_BDMA1_dummy
                0x0c1024e4                isr_BDMA0_dummy
                0x0c10250c                isr_ZDMA1_dummy
                0x0c102534                isr_ZDMA0_dummy
                0x0c10255c                isr_TICK_dummy
                0x0c102584                isr_PB_dummy
                0x0c1025ac                isr_ETHERNET_dummy
                0x0c1025d4                isr_TS_dummy
                0x0c1025fc                isr_KEYPAD_dummy
                0x0c102624                isr_USB_dummy
                0x0c102670                sleep
 .text          0x0c1028c0      0xa50 ../../BSP/Debug\libBSP.a(timers.o)
                0x0c1028c0                timers_init
                0x0c102a80                wait_for_1ms
                0x0c102b38                timer3_delay_ms
                0x0c102b7c                sw_delay_ms
                0x0c102bd4                wait_for_1s
                0x0c102c98                timer3_delay_s
                0x0c102cdc                sw_delay_s
                0x0c102d34                timer3_start
                0x0c102de4                timer3_stop
                0x0c102e38                timer3_start_timeout
                0x0c102ef0                timer3_timeout
                0x0c102f2c                timer0_open_tick
                0x0c103170                timer0_open_ms
                0x0c10327c                timer0_close
 .text          0x0c103310      0x604 ../../BSP/Debug\libBSP.a(uart.o)
                0x0c103310                uart0_init
                0x0c103374                uart0_putchar
                0x0c1033d4                uart0_getchar
                0x0c10341c                uart0_puts
                0x0c103484                uart0_putint
                0x0c103594                uart0_puthex
                0x0c10364c                uart0_gets
                0x0c1036b8                uart0_getint
                0x0c103770                uart0_gethex
 .text          0x0c103914      0x294 ../../BSP/Debug\libBSP.a(uda1341ts.o)
                0x0c103914                uda1341ts_init
                0x0c103990                uda1341ts_mute
                0x0c1039ec                uda1341ts_on
                0x0c103a5c                uda1341ts_off
                0x0c103ad0                uda1341ts_status
                0x0c103b20                uda1341ts_setvol
                0x0c103b80                uda1341ts_getvol
 .text          0x0c103ba8       0xf4 ../../BSP/Debug\libBSP.a(dma.o)
                0x0c103ba8                bdma0_init
                0x0c103bfc                bdma0_open
                0x0c103c58                bdma0_close
 .text          0x0c103c9c      0x1ac ../../BSP/Debug\libBSP.a(l3.o)
                0x0c103c9c                L3_init
                0x0c103ccc                L3_putByte
 .text          0x0c103e48      0x170 ../../BSP/Debug\libBSP.a(leds.o)
                0x0c103e48                leds_init
                0x0c103e70                led_on
                0x0c103eb8                led_off
                0x0c103efc                led_toggle
                0x0c103f5c                led_status
 .text          0x0c103fb8      0x114 c:/target/eclipsearm/sourcery-g++-lite-arm-2011.03/bin/../lib/gcc/arm-none-eabi/4.5.2\libgcc.a(_udivsi3.o)
                0x0c103fb8                __aeabi_uidiv
                0x0c103fb8                __udivsi3
                0x0c1040ac                __aeabi_uidivmod
 .text          0x0c1040cc        0x4 c:/target/eclipsearm/sourcery-g++-lite-arm-2011.03/bin/../lib/gcc/arm-none-eabi/4.5.2\libgcc.a(_dvmd_tls.o)
                0x0c1040cc                __aeabi_idiv0
                0x0c1040cc                __aeabi_ldiv0
 .text          0x0c1040d0       0x3c c:/target/eclipsearm/sourcery-g++-lite-arm-2011.03/bin/../lib/gcc/arm-none-eabi/4.5.2\libgcc.a(_aeabi_uldivmod.o)
                0x0c1040d0                __aeabi_uldivmod
 .text          0x0c10410c       0x80 c:/target/eclipsearm/sourcery-g++-lite-arm-2011.03/bin/../lib/gcc/arm-none-eabi/4.5.2\libgcc.a(bpabi.o)
                0x0c10410c                __gnu_ldivmod_helper
                0x0c10414c                __gnu_uldivmod_helper
 .text          0x0c10418c      0x4a8 c:/target/eclipsearm/sourcery-g++-lite-arm-2011.03/bin/../lib/gcc/arm-none-eabi/4.5.2\libgcc.a(_divdi3.o)
                0x0c10418c                __divdi3
 .text          0x0c104634      0x434 c:/target/eclipsearm/sourcery-g++-lite-arm-2011.03/bin/../lib/gcc/arm-none-eabi/4.5.2\libgcc.a(_udivdi3.o)
                0x0c104634                __udivdi3
 .text          0x0c104a68       0x48 c:/target/eclipsearm/sourcery-g++-lite-arm-2011.03/bin/../lib/gcc/arm-none-eabi/4.5.2\libgcc.a(_clzsi2.o)
                0x0c104a68                __clzsi2

.glue_7         0x0c104ab0        0x0
 .glue_7        0x00000000        0x0 linker stubs

.glue_7t        0x0c104ab0        0x0
 .glue_7t       0x00000000        0x0 linker stubs

.vfp11_veneer   0x0c104ab0        0x0
 .vfp11_veneer  0x00000000        0x0 linker stubs

.v4_bx          0x0c104ab0        0x0
 .v4_bx         0x00000000        0x0 linker stubs

.rodata         0x0c104ab0      0x8e0
 *(.rodata)
 .rodata        0x0c104ab0      0x31c ./lab9-efectos.o
 .rodata        0x0c104dcc       0x10 ../../BSP/Debug\libBSP.a(segs.o)
 .rodata        0x0c104ddc      0x5b4 ../../BSP/Debug\libBSP.a(system.o)

.ARM.extab      0x0c105390        0x0
 .ARM.extab     0x0c105390        0x0 c:/target/eclipsearm/sourcery-g++-lite-arm-2011.03/bin/../lib/gcc/arm-none-eabi/4.5.2\libgcc.a(_divdi3.o)
 .ARM.extab     0x0c105390        0x0 c:/target/eclipsearm/sourcery-g++-lite-arm-2011.03/bin/../lib/gcc/arm-none-eabi/4.5.2\libgcc.a(_udivdi3.o)

.ARM.exidx      0x0c105390        0x8
 .ARM.exidx     0x0c105390        0x8 c:/target/eclipsearm/sourcery-g++-lite-arm-2011.03/bin/../lib/gcc/arm-none-eabi/4.5.2\libgcc.a(_divdi3.o)
 .ARM.exidx     0x0c105398        0x0 c:/target/eclipsearm/sourcery-g++-lite-arm-2011.03/bin/../lib/gcc/arm-none-eabi/4.5.2\libgcc.a(_udivdi3.o)
                                  0x8 (size before relaxing)

.data           0x0c105398       0xd8
 *(.data)
 .data          0x0c105398       0xd8 ./lab9-efectos.o
                0x0c105398                triangle
                0x0c1053e0                square
                0x0c105428                sine
 .data          0x0c105470        0x0 ../../BSP/Debug\libBSP.a(iis.o)
 .data          0x0c105470        0x0 ../../BSP/Debug\libBSP.a(keypad.o)
 .data          0x0c105470        0x0 ../../BSP/Debug\libBSP.a(segs.o)
 .data          0x0c105470        0x0 ../../BSP/Debug\libBSP.a(system.o)
 .data          0x0c105470        0x0 ../../BSP/Debug\libBSP.a(timers.o)
 .data          0x0c105470        0x0 ../../BSP/Debug\libBSP.a(uart.o)
 .data          0x0c105470        0x0 ../../BSP/Debug\libBSP.a(uda1341ts.o)
 .data          0x0c105470        0x0 ../../BSP/Debug\libBSP.a(dma.o)
 .data          0x0c105470        0x0 ../../BSP/Debug\libBSP.a(l3.o)
 .data          0x0c105470        0x0 ../../BSP/Debug\libBSP.a(leds.o)
 .data          0x0c105470        0x0 c:/target/eclipsearm/sourcery-g++-lite-arm-2011.03/bin/../lib/gcc/arm-none-eabi/4.5.2\libgcc.a(_udivsi3.o)
 .data          0x0c105470        0x0 c:/target/eclipsearm/sourcery-g++-lite-arm-2011.03/bin/../lib/gcc/arm-none-eabi/4.5.2\libgcc.a(_dvmd_tls.o)
 .data          0x0c105470        0x0 c:/target/eclipsearm/sourcery-g++-lite-arm-2011.03/bin/../lib/gcc/arm-none-eabi/4.5.2\libgcc.a(_aeabi_uldivmod.o)
 .data          0x0c105470        0x0 c:/target/eclipsearm/sourcery-g++-lite-arm-2011.03/bin/../lib/gcc/arm-none-eabi/4.5.2\libgcc.a(bpabi.o)
 .data          0x0c105470        0x0 c:/target/eclipsearm/sourcery-g++-lite-arm-2011.03/bin/../lib/gcc/arm-none-eabi/4.5.2\libgcc.a(_divdi3.o)
 .data          0x0c105470        0x0 c:/target/eclipsearm/sourcery-g++-lite-arm-2011.03/bin/../lib/gcc/arm-none-eabi/4.5.2\libgcc.a(_udivdi3.o)
 .data          0x0c105470        0x0 c:/target/eclipsearm/sourcery-g++-lite-arm-2011.03/bin/../lib/gcc/arm-none-eabi/4.5.2\libgcc.a(_clzsi2.o)

.bss            0x0c105470    0xbb816
 *(.bss)
 .bss           0x0c105470        0x0 ./lab9-efectos.o
 .bss           0x0c105470        0x1 ../../BSP/Debug\libBSP.a(iis.o)
 .bss           0x0c105471        0x0 ../../BSP/Debug\libBSP.a(keypad.o)
 .bss           0x0c105471        0x1 ../../BSP/Debug\libBSP.a(segs.o)
 .bss           0x0c105472        0x0 ../../BSP/Debug\libBSP.a(system.o)
 *fill*         0x0c105472        0x2 00
 .bss           0x0c105474        0x8 ../../BSP/Debug\libBSP.a(timers.o)
 .bss           0x0c10547c        0x0 ../../BSP/Debug\libBSP.a(uart.o)
 .bss           0x0c10547c        0x2 ../../BSP/Debug\libBSP.a(uda1341ts.o)
 .bss           0x0c10547e        0x0 ../../BSP/Debug\libBSP.a(dma.o)
 .bss           0x0c10547e        0x0 ../../BSP/Debug\libBSP.a(l3.o)
 .bss           0x0c10547e        0x0 ../../BSP/Debug\libBSP.a(leds.o)
 .bss           0x0c10547e        0x0 c:/target/eclipsearm/sourcery-g++-lite-arm-2011.03/bin/../lib/gcc/arm-none-eabi/4.5.2\libgcc.a(_udivsi3.o)
 .bss           0x0c10547e        0x0 c:/target/eclipsearm/sourcery-g++-lite-arm-2011.03/bin/../lib/gcc/arm-none-eabi/4.5.2\libgcc.a(_dvmd_tls.o)
 .bss           0x0c10547e        0x0 c:/target/eclipsearm/sourcery-g++-lite-arm-2011.03/bin/../lib/gcc/arm-none-eabi/4.5.2\libgcc.a(_aeabi_uldivmod.o)
 .bss           0x0c10547e        0x0 c:/target/eclipsearm/sourcery-g++-lite-arm-2011.03/bin/../lib/gcc/arm-none-eabi/4.5.2\libgcc.a(bpabi.o)
 .bss           0x0c10547e        0x0 c:/target/eclipsearm/sourcery-g++-lite-arm-2011.03/bin/../lib/gcc/arm-none-eabi/4.5.2\libgcc.a(_divdi3.o)
 .bss           0x0c10547e        0x0 c:/target/eclipsearm/sourcery-g++-lite-arm-2011.03/bin/../lib/gcc/arm-none-eabi/4.5.2\libgcc.a(_udivdi3.o)
 .bss           0x0c10547e        0x0 c:/target/eclipsearm/sourcery-g++-lite-arm-2011.03/bin/../lib/gcc/arm-none-eabi/4.5.2\libgcc.a(_clzsi2.o)
 *fill*         0x0c10547e        0x2 00
 COMMON         0x0c105480    0xbb806 ./lab9-efectos.o
                0x0c105480                buffer
                0x0c1a1880                delay_buffer
                0x0c1c0c86                end = .
OUTPUT(lab9-efectos.elf elf32-littlearm)

.debug_abbrev   0x00000000      0x8f8
 .debug_abbrev  0x00000000      0x12c ./lab9-efectos.o
 .debug_abbrev  0x0000012c       0xd4 ../../BSP/Debug\libBSP.a(iis.o)
 .debug_abbrev  0x00000200       0xe9 ../../BSP/Debug\libBSP.a(keypad.o)
 .debug_abbrev  0x000002e9       0xb3 ../../BSP/Debug\libBSP.a(segs.o)
 .debug_abbrev  0x0000039c       0xeb ../../BSP/Debug\libBSP.a(system.o)
 .debug_abbrev  0x00000487       0xf0 ../../BSP/Debug\libBSP.a(timers.o)
 .debug_abbrev  0x00000577       0xfd ../../BSP/Debug\libBSP.a(uart.o)
 .debug_abbrev  0x00000674       0xc2 ../../BSP/Debug\libBSP.a(uda1341ts.o)
 .debug_abbrev  0x00000736       0x84 ../../BSP/Debug\libBSP.a(dma.o)
 .debug_abbrev  0x000007ba       0xa4 ../../BSP/Debug\libBSP.a(l3.o)
 .debug_abbrev  0x0000085e       0x9a ../../BSP/Debug\libBSP.a(leds.o)

.debug_info     0x00000000     0x1724
 .debug_info    0x00000000      0x32c ./lab9-efectos.o
 .debug_info    0x0000032c      0x2ac ../../BSP/Debug\libBSP.a(iis.o)
 .debug_info    0x000005d8      0x1be ../../BSP/Debug\libBSP.a(keypad.o)
 .debug_info    0x00000796      0x10d ../../BSP/Debug\libBSP.a(segs.o)
 .debug_info    0x000008a3      0x421 ../../BSP/Debug\libBSP.a(system.o)
 .debug_info    0x00000cc4      0x2c6 ../../BSP/Debug\libBSP.a(timers.o)
 .debug_info    0x00000f8a      0x2d5 ../../BSP/Debug\libBSP.a(uart.o)
 .debug_info    0x0000125f      0x188 ../../BSP/Debug\libBSP.a(uda1341ts.o)
 .debug_info    0x000013e7       0xc7 ../../BSP/Debug\libBSP.a(dma.o)
 .debug_info    0x000014ae      0x13c ../../BSP/Debug\libBSP.a(l3.o)
 .debug_info    0x000015ea      0x13a ../../BSP/Debug\libBSP.a(leds.o)

.debug_line     0x00000000      0xc68
 .debug_line    0x00000000      0x243 ./lab9-efectos.o
 .debug_line    0x00000243      0x11f ../../BSP/Debug\libBSP.a(iis.o)
 .debug_line    0x00000362      0x11f ../../BSP/Debug\libBSP.a(keypad.o)
 .debug_line    0x00000481       0x93 ../../BSP/Debug\libBSP.a(segs.o)
 .debug_line    0x00000514      0x230 ../../BSP/Debug\libBSP.a(system.o)
 .debug_line    0x00000744      0x18f ../../BSP/Debug\libBSP.a(timers.o)
 .debug_line    0x000008d3      0x119 ../../BSP/Debug\libBSP.a(uart.o)
 .debug_line    0x000009ec       0xa5 ../../BSP/Debug\libBSP.a(uda1341ts.o)
 .debug_line    0x00000a91       0x90 ../../BSP/Debug\libBSP.a(dma.o)
 .debug_line    0x00000b21       0xbb ../../BSP/Debug\libBSP.a(l3.o)
 .debug_line    0x00000bdc       0x8c ../../BSP/Debug\libBSP.a(leds.o)

.debug_macinfo  0x00000000    0x31149
 .debug_macinfo
                0x00000000     0x4ad9 ./lab9-efectos.o
 .debug_macinfo
                0x00004ad9     0x4d1f ../../BSP/Debug\libBSP.a(iis.o)
 .debug_macinfo
                0x000097f8     0x4eba ../../BSP/Debug\libBSP.a(keypad.o)
 .debug_macinfo
                0x0000e6b2     0x4d01 ../../BSP/Debug\libBSP.a(segs.o)
 .debug_macinfo
                0x000133b3     0x5574 ../../BSP/Debug\libBSP.a(system.o)
 .debug_macinfo
                0x00018927     0x4d1b ../../BSP/Debug\libBSP.a(timers.o)
 .debug_macinfo
                0x0001d642     0x430d ../../BSP/Debug\libBSP.a(uart.o)
 .debug_macinfo
                0x0002194f     0x244e ../../BSP/Debug\libBSP.a(uda1341ts.o)
 .debug_macinfo
                0x00023d9d     0x4cee ../../BSP/Debug\libBSP.a(dma.o)
 .debug_macinfo
                0x00028a8b     0x4392 ../../BSP/Debug\libBSP.a(l3.o)
 .debug_macinfo
                0x0002ce1d     0x432c ../../BSP/Debug\libBSP.a(leds.o)

.debug_loc      0x00000000     0x120c
 .debug_loc     0x00000000       0xb0 ./lab9-efectos.o
 .debug_loc     0x000000b0      0x1b8 ../../BSP/Debug\libBSP.a(iis.o)
 .debug_loc     0x00000268      0x160 ../../BSP/Debug\libBSP.a(keypad.o)
 .debug_loc     0x000003c8       0xb0 ../../BSP/Debug\libBSP.a(segs.o)
 .debug_loc     0x00000478      0x688 ../../BSP/Debug\libBSP.a(system.o)
 .debug_loc     0x00000b00      0x294 ../../BSP/Debug\libBSP.a(timers.o)
 .debug_loc     0x00000d94      0x18c ../../BSP/Debug\libBSP.a(uart.o)
 .debug_loc     0x00000f20      0x134 ../../BSP/Debug\libBSP.a(uda1341ts.o)
 .debug_loc     0x00001054       0x84 ../../BSP/Debug\libBSP.a(dma.o)
 .debug_loc     0x000010d8       0x58 ../../BSP/Debug\libBSP.a(l3.o)
 .debug_loc     0x00001130       0xdc ../../BSP/Debug\libBSP.a(leds.o)

.debug_pubnames
                0x00000000      0x7d8
 .debug_pubnames
                0x00000000       0x92 ./lab9-efectos.o
 .debug_pubnames
                0x00000092       0x9e ../../BSP/Debug\libBSP.a(iis.o)
 .debug_pubnames
                0x00000130       0xab ../../BSP/Debug\libBSP.a(keypad.o)
 .debug_pubnames
                0x000001db       0x4e ../../BSP/Debug\libBSP.a(segs.o)
 .debug_pubnames
                0x00000229      0x29d ../../BSP/Debug\libBSP.a(system.o)
 .debug_pubnames
                0x000004c6      0x10f ../../BSP/Debug\libBSP.a(timers.o)
 .debug_pubnames
                0x000005d5       0xa7 ../../BSP/Debug\libBSP.a(uart.o)
 .debug_pubnames
                0x0000067c       0x9a ../../BSP/Debug\libBSP.a(uda1341ts.o)
 .debug_pubnames
                0x00000716       0x40 ../../BSP/Debug\libBSP.a(dma.o)
 .debug_pubnames
                0x00000756       0x2d ../../BSP/Debug\libBSP.a(l3.o)
 .debug_pubnames
                0x00000783       0x55 ../../BSP/Debug\libBSP.a(leds.o)

.debug_pubtypes
                0x00000000      0x1f9
 .debug_pubtypes
                0x00000000       0x55 ./lab9-efectos.o
 .debug_pubtypes
                0x00000055       0x31 ../../BSP/Debug\libBSP.a(iis.o)
 .debug_pubtypes
                0x00000086       0x32 ../../BSP/Debug\libBSP.a(keypad.o)
 .debug_pubtypes
                0x000000b8       0x1c ../../BSP/Debug\libBSP.a(segs.o)
 .debug_pubtypes
                0x000000d4       0x27 ../../BSP/Debug\libBSP.a(system.o)
 .debug_pubtypes
                0x000000fb       0x3d ../../BSP/Debug\libBSP.a(timers.o)
 .debug_pubtypes
                0x00000138       0x31 ../../BSP/Debug\libBSP.a(uart.o)
 .debug_pubtypes
                0x00000169       0x1c ../../BSP/Debug\libBSP.a(uda1341ts.o)
 .debug_pubtypes
                0x00000185       0x1d ../../BSP/Debug\libBSP.a(dma.o)
 .debug_pubtypes
                0x000001a2       0x30 ../../BSP/Debug\libBSP.a(l3.o)
 .debug_pubtypes
                0x000001d2       0x27 ../../BSP/Debug\libBSP.a(leds.o)

.debug_aranges  0x00000000      0x160
 .debug_aranges
                0x00000000       0x20 ./lab9-efectos.o
 .debug_aranges
                0x00000020       0x20 ../../BSP/Debug\libBSP.a(iis.o)
 .debug_aranges
                0x00000040       0x20 ../../BSP/Debug\libBSP.a(keypad.o)
 .debug_aranges
                0x00000060       0x20 ../../BSP/Debug\libBSP.a(segs.o)
 .debug_aranges
                0x00000080       0x20 ../../BSP/Debug\libBSP.a(system.o)
 .debug_aranges
                0x000000a0       0x20 ../../BSP/Debug\libBSP.a(timers.o)
 .debug_aranges
                0x000000c0       0x20 ../../BSP/Debug\libBSP.a(uart.o)
 .debug_aranges
                0x000000e0       0x20 ../../BSP/Debug\libBSP.a(uda1341ts.o)
 .debug_aranges
                0x00000100       0x20 ../../BSP/Debug\libBSP.a(dma.o)
 .debug_aranges
                0x00000120       0x20 ../../BSP/Debug\libBSP.a(l3.o)
 .debug_aranges
                0x00000140       0x20 ../../BSP/Debug\libBSP.a(leds.o)

.debug_str      0x00000000      0x7d0
 .debug_str     0x00000000      0x132 ./lab9-efectos.o
                                0x158 (size before relaxing)
 .debug_str     0x00000132       0xb6 ../../BSP/Debug\libBSP.a(iis.o)
                                0x14e (size before relaxing)
 .debug_str     0x000001e8       0x92 ../../BSP/Debug\libBSP.a(keypad.o)
                                0x139 (size before relaxing)
 .debug_str     0x0000027a       0x49 ../../BSP/Debug\libBSP.a(segs.o)
                                 0xe2 (size before relaxing)
 .debug_str     0x000002c3      0x265 ../../BSP/Debug\libBSP.a(system.o)
                                0x30a (size before relaxing)
 .debug_str     0x00000528       0xf9 ../../BSP/Debug\libBSP.a(timers.o)
                                0x1a5 (size before relaxing)
 .debug_str     0x00000621       0x85 ../../BSP/Debug\libBSP.a(uart.o)
                                0x130 (size before relaxing)
 .debug_str     0x000006a6       0x90 ../../BSP/Debug\libBSP.a(uda1341ts.o)
                                0x12f (size before relaxing)
 .debug_str     0x00000736       0x2f ../../BSP/Debug\libBSP.a(dma.o)
                                 0xc9 (size before relaxing)
 .debug_str     0x00000765       0x2e ../../BSP/Debug\libBSP.a(l3.o)
                                 0xd8 (size before relaxing)
 .debug_str     0x00000793       0x3d ../../BSP/Debug\libBSP.a(leds.o)
                                 0xdd (size before relaxing)

.comment        0x00000000       0x2a
 .comment       0x00000000       0x2a ./lab9-efectos.o
                                 0x2b (size before relaxing)
 .comment       0x00000000       0x2b ../../BSP/Debug\libBSP.a(iis.o)
 .comment       0x00000000       0x2b ../../BSP/Debug\libBSP.a(keypad.o)
 .comment       0x00000000       0x2b ../../BSP/Debug\libBSP.a(segs.o)
 .comment       0x00000000       0x2b ../../BSP/Debug\libBSP.a(system.o)
 .comment       0x00000000       0x2b ../../BSP/Debug\libBSP.a(timers.o)
 .comment       0x00000000       0x2b ../../BSP/Debug\libBSP.a(uart.o)
 .comment       0x00000000       0x2b ../../BSP/Debug\libBSP.a(uda1341ts.o)
 .comment       0x00000000       0x2b ../../BSP/Debug\libBSP.a(dma.o)
 .comment       0x00000000       0x2b ../../BSP/Debug\libBSP.a(l3.o)
 .comment       0x00000000       0x2b ../../BSP/Debug\libBSP.a(leds.o)

.ARM.attributes
                0x00000000       0x32
 .ARM.attributes
                0x00000000       0x32 ./lab9-efectos.o
 .ARM.attributes
                0x00000032       0x32 ../../BSP/Debug\libBSP.a(iis.o)
 .ARM.attributes
                0x00000064       0x32 ../../BSP/Debug\libBSP.a(keypad.o)
 .ARM.attributes
                0x00000096       0x32 ../../BSP/Debug\libBSP.a(segs.o)
 .ARM.attributes
                0x000000c8       0x32 ../../BSP/Debug\libBSP.a(system.o)
 .ARM.attributes
                0x000000fa       0x32 ../../BSP/Debug\libBSP.a(timers.o)
 .ARM.attributes
                0x0000012c       0x32 ../../BSP/Debug\libBSP.a(uart.o)
 .ARM.attributes
                0x0000015e       0x32 ../../BSP/Debug\libBSP.a(uda1341ts.o)
 .ARM.attributes
                0x00000190       0x32 ../../BSP/Debug\libBSP.a(dma.o)
 .ARM.attributes
                0x000001c2       0x32 ../../BSP/Debug\libBSP.a(l3.o)
 .ARM.attributes
                0x000001f4       0x32 ../../BSP/Debug\libBSP.a(leds.o)
 .ARM.attributes
                0x00000226       0x1a c:/target/eclipsearm/sourcery-g++-lite-arm-2011.03/bin/../lib/gcc/arm-none-eabi/4.5.2\libgcc.a(_udivsi3.o)
 .ARM.attributes
                0x00000240       0x18 c:/target/eclipsearm/sourcery-g++-lite-arm-2011.03/bin/../lib/gcc/arm-none-eabi/4.5.2\libgcc.a(_dvmd_tls.o)
 .ARM.attributes
                0x00000258       0x1a c:/target/eclipsearm/sourcery-g++-lite-arm-2011.03/bin/../lib/gcc/arm-none-eabi/4.5.2\libgcc.a(_aeabi_uldivmod.o)
 .ARM.attributes
                0x00000272       0x34 c:/target/eclipsearm/sourcery-g++-lite-arm-2011.03/bin/../lib/gcc/arm-none-eabi/4.5.2\libgcc.a(bpabi.o)
 .ARM.attributes
                0x000002a6       0x34 c:/target/eclipsearm/sourcery-g++-lite-arm-2011.03/bin/../lib/gcc/arm-none-eabi/4.5.2\libgcc.a(_divdi3.o)
 .ARM.attributes
                0x000002da       0x34 c:/target/eclipsearm/sourcery-g++-lite-arm-2011.03/bin/../lib/gcc/arm-none-eabi/4.5.2\libgcc.a(_udivdi3.o)
 .ARM.attributes
                0x0000030e       0x1a c:/target/eclipsearm/sourcery-g++-lite-arm-2011.03/bin/../lib/gcc/arm-none-eabi/4.5.2\libgcc.a(_clzsi2.o)

.debug_frame    0x00000000      0xf10
 .debug_frame   0x00000000       0x90 ./lab9-efectos.o
 .debug_frame   0x00000090      0x158 ../../BSP/Debug\libBSP.a(iis.o)
 .debug_frame   0x000001e8      0x110 ../../BSP/Debug\libBSP.a(keypad.o)
 .debug_frame   0x000002f8       0x90 ../../BSP/Debug\libBSP.a(segs.o)
 .debug_frame   0x00000388      0x518 ../../BSP/Debug\libBSP.a(system.o)
 .debug_frame   0x000008a0      0x1f8 ../../BSP/Debug\libBSP.a(timers.o)
 .debug_frame   0x00000a98      0x130 ../../BSP/Debug\libBSP.a(uart.o)
 .debug_frame   0x00000bc8       0xf0 ../../BSP/Debug\libBSP.a(uda1341ts.o)
 .debug_frame   0x00000cb8       0x70 ../../BSP/Debug\libBSP.a(dma.o)
 .debug_frame   0x00000d28       0x50 ../../BSP/Debug\libBSP.a(l3.o)
 .debug_frame   0x00000d78       0xb0 ../../BSP/Debug\libBSP.a(leds.o)
 .debug_frame   0x00000e28       0x20 c:/target/eclipsearm/sourcery-g++-lite-arm-2011.03/bin/../lib/gcc/arm-none-eabi/4.5.2\libgcc.a(_udivsi3.o)
 .debug_frame   0x00000e48       0x50 c:/target/eclipsearm/sourcery-g++-lite-arm-2011.03/bin/../lib/gcc/arm-none-eabi/4.5.2\libgcc.a(bpabi.o)
 .debug_frame   0x00000e98       0x3c c:/target/eclipsearm/sourcery-g++-lite-arm-2011.03/bin/../lib/gcc/arm-none-eabi/4.5.2\libgcc.a(_divdi3.o)
 .debug_frame   0x00000ed4       0x3c c:/target/eclipsearm/sourcery-g++-lite-arm-2011.03/bin/../lib/gcc/arm-none-eabi/4.5.2\libgcc.a(_udivdi3.o)
