Archive member included because of file (symbol)

../../BSP/Debug\libBSP.a(keypad.o)
                              ./lab12-queue.o (keypad_scan)
../../BSP/Debug\libBSP.a(lcd.o)
                              ./lab12-queue.o (lcd_init)
../../BSP/Debug\libBSP.a(leds.o)
                              ./lab12-queue.o (leds_init)
../../BSP/Debug\libBSP.a(pbs.o)
                              ./lab12-queue.o (pbs_init)
../../BSP/Debug\libBSP.a(rtc.o)
                              ./lab12-queue.o (rtc_init)
../../BSP/Debug\libBSP.a(segs.o)
                              ./lab12-queue.o (segs_init)
../../BSP/Debug\libBSP.a(system.o)
                              ./lab12-queue.o (sys_init)
../../BSP/Debug\libBSP.a(timers.o)
                              ./lab12-queue.o (timers_init)
../../BSP/Debug\libBSP.a(uart.o)
                              ./lab12-queue.o (uart0_init)
../../BSP/Debug\libBSP.a(font8x16.o)
                              ../../BSP/Debug\libBSP.a(lcd.o) (font)
c:/target/eclipsearm/sourcery-g++-lite-arm-2011.03/bin/../lib/gcc/arm-none-eabi/4.5.2\libgcc.a(_udivsi3.o)
                              ../../BSP/Debug\libBSP.a(timers.o) (__aeabi_uidiv)
c:/target/eclipsearm/sourcery-g++-lite-arm-2011.03/bin/../lib/gcc/arm-none-eabi/4.5.2\libgcc.a(_dvmd_tls.o)
                              c:/target/eclipsearm/sourcery-g++-lite-arm-2011.03/bin/../lib/gcc/arm-none-eabi/4.5.2\libgcc.a(_udivsi3.o) (__aeabi_idiv0)
c:/target/eclipsearm/sourcery-g++-lite-arm-2011.03/bin/../lib/gcc/arm-none-eabi/4.5.2\libgcc.a(_aeabi_uldivmod.o)
                              ../../BSP/Debug\libBSP.a(timers.o) (__aeabi_uldivmod)
c:/target/eclipsearm/sourcery-g++-lite-arm-2011.03/bin/../lib/gcc/arm-none-eabi/4.5.2\libgcc.a(bpabi.o)
                              c:/target/eclipsearm/sourcery-g++-lite-arm-2011.03/bin/../lib/gcc/arm-none-eabi/4.5.2\libgcc.a(_aeabi_uldivmod.o) (__gnu_uldivmod_helper)
c:/target/eclipsearm/sourcery-g++-lite-arm-2011.03/bin/../lib/gcc/arm-none-eabi/4.5.2\libgcc.a(_divdi3.o)
                              c:/target/eclipsearm/sourcery-g++-lite-arm-2011.03/bin/../lib/gcc/arm-none-eabi/4.5.2\libgcc.a(bpabi.o) (__divdi3)
c:/target/eclipsearm/sourcery-g++-lite-arm-2011.03/bin/../lib/gcc/arm-none-eabi/4.5.2\libgcc.a(_udivdi3.o)
                              c:/target/eclipsearm/sourcery-g++-lite-arm-2011.03/bin/../lib/gcc/arm-none-eabi/4.5.2\libgcc.a(bpabi.o) (__udivdi3)
c:/target/eclipsearm/sourcery-g++-lite-arm-2011.03/bin/../lib/gcc/arm-none-eabi/4.5.2\libgcc.a(_clzsi2.o)
                              c:/target/eclipsearm/sourcery-g++-lite-arm-2011.03/bin/../lib/gcc/arm-none-eabi/4.5.2\libgcc.a(_divdi3.o) (__clzsi2)

Allocating common symbols
Common symbol       size              file

scancode            0x1               ./lab12-queue.o
lcd_buffer          0x9600            ../../BSP/Debug\libBSP.a(lcd.o)
fifo                0x808             ./lab12-queue.o

Memory Configuration

Name             Origin             Length             Attributes
*default*        0x00000000         0xffffffff

Linker script and memory map

LOAD ./lab12-queue.o
LOAD ../../BSP/Debug\libBSP.a
START GROUP
LOAD c:/target/eclipsearm/sourcery-g++-lite-arm-2011.03/bin/../lib/gcc/arm-none-eabi/4.5.2\libgcc.a
LOAD c:/target/eclipsearm/sourcery-g++-lite-arm-2011.03/bin/../lib/gcc/arm-none-eabi/4.5.2/../../../../arm-none-eabi/lib\libc.a
END GROUP
                0x0c100000                . = 0xc100000

.text           0x0c100000     0x55c0
 *(.text)
 .text          0x0c100000      0x9b8 ./lab12-queue.o
                0x0c100000                main
                0x0c1000c8                Task8
                0x0c10012c                Task9
                0x0c1001e8                Task1
                0x0c100250                Task2
                0x0c100370                Task3
                0x0c100414                Task4
                0x0c1004a8                Task5
                0x0c10051c                Task6
                0x0c100578                Task7
                0x0c1005cc                isr_pb
                0x0c100618                isr_tick
                0x0c100774                fifo_init
                0x0c1007b4                fifo_enqueue
                0x0c100870                fifo_dequeue
                0x0c100930                fifo_is_empty
                0x0c100970                fifo_is_full
 .text          0x0c1009b8      0x500 ../../BSP/Debug\libBSP.a(keypad.o)
                0x0c1009b8                keypad_scan
                0x0c100bdc                keypad_pressed
                0x0c100c14                keypad_open
                0x0c100c6c                keypad_close
                0x0c100cb0                keypad_init
                0x0c100ccc                keypad_getchar
                0x0c100d40                keypad_getchartime
                0x0c100de8                keypad_timeout_getchar
 .text          0x0c100eb8     0x12a0 ../../BSP/Debug\libBSP.a(lcd.o)
                0x0c100eb8                lcd_init
                0x0c10103c                lcd_on
                0x0c101078                lcd_off
                0x0c1010b4                lcd_status
                0x0c1010dc                lcd_clear
                0x0c101160                lcd_putpixel
                0x0c10124c                lcd_getpixel
                0x0c1012e4                lcd_draw_hrow
                0x0c10138c                lcd_draw_vrow
                0x0c101434                lcd_draw_box
                0x0c101530                lcd_putchar
                0x0c101684                lcd_puts
                0x0c101710                lcd_putint
                0x0c101848                lcd_puthex
                0x0c101928                lcd_putWallpaper
                0x0c101a84                lcd_putchar_x2
                0x0c101eb4                lcd_puts_x2
                0x0c101f40                lcd_putint_x2
                0x0c102078                lcd_puthex_x2
 .text          0x0c102158      0x170 ../../BSP/Debug\libBSP.a(leds.o)
                0x0c102158                leds_init
                0x0c102180                led_on
                0x0c1021c8                led_off
                0x0c10220c                led_toggle
                0x0c10226c                led_status
 .text          0x0c1022c8      0x324 ../../BSP/Debug\libBSP.a(pbs.o)
                0x0c1022c8                pbs_init
                0x0c1022e4                pb_scan
                0x0c102340                pb_pressed
                0x0c102378                pb_getchar
                0x0c1023e0                pb_timeout_getchar
                0x0c1024a4                pb_getchartime
                0x0c102540                pbs_open
                0x0c1025a8                pbs_close
 .text          0x0c1025ec      0x6bc ../../BSP/Debug\libBSP.a(rtc.o)
                0x0c1025ec                dectoBCD
                0x0c102680                BCDtodec
                0x0c102738                rtc_init
                0x0c102874                rtc_puttime
                0x0c1029a0                rtc_gettime
                0x0c102bd8                rtc_open
                0x0c102c54                rtc_close
 .text          0x0c102ca8       0xd4 ../../BSP/Debug\libBSP.a(segs.o)
                0x0c102ca8                segs_init
                0x0c102cc4                segs_off
                0x0c102cfc                segs_putchar
                0x0c102d54                segs_status
 .text          0x0c102d7c      0xcf8 ../../BSP/Debug\libBSP.a(system.o)
                0x0c102d7c                sys_init
                0x0c1032e8                isr_SWI_dummy
                0x0c103314                isr_UNDEF_dummy
                0x0c103340                isr_IRQ_dummy
                0x0c10336c                isr_FIQ_dummy
                0x0c103398                isr_PABORT_dummy
                0x0c1033c4                isr_DABORT_dummy
                0x0c1033f0                isr_ADC_dummy
                0x0c103418                isr_RTC_dummy
                0x0c103440                isr_UTXD1_dummy
                0x0c103468                isr_UTXD0_dummy
                0x0c103490                isr_SIO_dummy
                0x0c1034b8                isr_IIC_dummy
                0x0c1034e0                isr_URXD1_dummy
                0x0c103508                isr_URXD0_dummy
                0x0c103530                isr_TIMER5_dummy
                0x0c103558                isr_TIMER4_dummy
                0x0c103580                isr_TIMER3_dummy
                0x0c1035a8                isr_TIMER2_dummy
                0x0c1035d0                isr_TIMER1_dummy
                0x0c1035f8                isr_TIMER0_dummy
                0x0c103620                isr_UERR01_dummy
                0x0c103648                isr_WDT_dummy
                0x0c103670                isr_BDMA1_dummy
                0x0c103698                isr_BDMA0_dummy
                0x0c1036c0                isr_ZDMA1_dummy
                0x0c1036e8                isr_ZDMA0_dummy
                0x0c103710                isr_TICK_dummy
                0x0c103738                isr_PB_dummy
                0x0c103760                isr_ETHERNET_dummy
                0x0c103788                isr_TS_dummy
                0x0c1037b0                isr_KEYPAD_dummy
                0x0c1037d8                isr_USB_dummy
                0x0c103824                sleep
 .text          0x0c103a74      0xa50 ../../BSP/Debug\libBSP.a(timers.o)
                0x0c103a74                timers_init
                0x0c103c34                wait_for_1ms
                0x0c103cec                timer3_delay_ms
                0x0c103d30                sw_delay_ms
                0x0c103d88                wait_for_1s
                0x0c103e4c                timer3_delay_s
                0x0c103e90                sw_delay_s
                0x0c103ee8                timer3_start
                0x0c103f98                timer3_stop
                0x0c103fec                timer3_start_timeout
                0x0c1040a4                timer3_timeout
                0x0c1040e0                timer0_open_tick
                0x0c104324                timer0_open_ms
                0x0c104430                timer0_close
 .text          0x0c1044c4      0x604 ../../BSP/Debug\libBSP.a(uart.o)
                0x0c1044c4                uart0_init
                0x0c104528                uart0_putchar
                0x0c104588                uart0_getchar
                0x0c1045d0                uart0_puts
                0x0c104638                uart0_putint
                0x0c104748                uart0_puthex
                0x0c104800                uart0_gets
                0x0c10486c                uart0_getint
                0x0c104924                uart0_gethex
 .text          0x0c104ac8        0x0 ../../BSP/Debug\libBSP.a(font8x16.o)
 .text          0x0c104ac8      0x114 c:/target/eclipsearm/sourcery-g++-lite-arm-2011.03/bin/../lib/gcc/arm-none-eabi/4.5.2\libgcc.a(_udivsi3.o)
                0x0c104ac8                __aeabi_uidiv
                0x0c104ac8                __udivsi3
                0x0c104bbc                __aeabi_uidivmod
 .text          0x0c104bdc        0x4 c:/target/eclipsearm/sourcery-g++-lite-arm-2011.03/bin/../lib/gcc/arm-none-eabi/4.5.2\libgcc.a(_dvmd_tls.o)
                0x0c104bdc                __aeabi_idiv0
                0x0c104bdc                __aeabi_ldiv0
 .text          0x0c104be0       0x3c c:/target/eclipsearm/sourcery-g++-lite-arm-2011.03/bin/../lib/gcc/arm-none-eabi/4.5.2\libgcc.a(_aeabi_uldivmod.o)
                0x0c104be0                __aeabi_uldivmod
 .text          0x0c104c1c       0x80 c:/target/eclipsearm/sourcery-g++-lite-arm-2011.03/bin/../lib/gcc/arm-none-eabi/4.5.2\libgcc.a(bpabi.o)
                0x0c104c1c                __gnu_ldivmod_helper
                0x0c104c5c                __gnu_uldivmod_helper
 .text          0x0c104c9c      0x4a8 c:/target/eclipsearm/sourcery-g++-lite-arm-2011.03/bin/../lib/gcc/arm-none-eabi/4.5.2\libgcc.a(_divdi3.o)
                0x0c104c9c                __divdi3
 .text          0x0c105144      0x434 c:/target/eclipsearm/sourcery-g++-lite-arm-2011.03/bin/../lib/gcc/arm-none-eabi/4.5.2\libgcc.a(_udivdi3.o)
                0x0c105144                __udivdi3
 .text          0x0c105578       0x48 c:/target/eclipsearm/sourcery-g++-lite-arm-2011.03/bin/../lib/gcc/arm-none-eabi/4.5.2\libgcc.a(_clzsi2.o)
                0x0c105578                __clzsi2

.glue_7         0x0c1055c0        0x0
 .glue_7        0x00000000        0x0 linker stubs

.glue_7t        0x0c1055c0        0x0
 .glue_7t       0x00000000        0x0 linker stubs

.vfp11_veneer   0x0c1055c0        0x0
 .vfp11_veneer  0x00000000        0x0 linker stubs

.v4_bx          0x0c1055c0        0x0
 .v4_bx         0x00000000        0x0 linker stubs

.rodata         0x0c1055c0     0x175c
 *(.rodata)
 .rodata        0x0c1055c0      0x198 ./lab12-queue.o
 .rodata        0x0c105758       0x10 ../../BSP/Debug\libBSP.a(segs.o)
 .rodata        0x0c105768      0x5b4 ../../BSP/Debug\libBSP.a(system.o)
 .rodata        0x0c105d1c     0x1000 ../../BSP/Debug\libBSP.a(font8x16.o)
                0x0c105d1c                font

.ARM.extab      0x0c106d1c        0x0
 .ARM.extab     0x0c106d1c        0x0 c:/target/eclipsearm/sourcery-g++-lite-arm-2011.03/bin/../lib/gcc/arm-none-eabi/4.5.2\libgcc.a(_divdi3.o)
 .ARM.extab     0x0c106d1c        0x0 c:/target/eclipsearm/sourcery-g++-lite-arm-2011.03/bin/../lib/gcc/arm-none-eabi/4.5.2\libgcc.a(_udivdi3.o)

.ARM.exidx      0x0c106d1c        0x8
 .ARM.exidx     0x0c106d1c        0x8 c:/target/eclipsearm/sourcery-g++-lite-arm-2011.03/bin/../lib/gcc/arm-none-eabi/4.5.2\libgcc.a(_divdi3.o)
 .ARM.exidx     0x0c106d24        0x0 c:/target/eclipsearm/sourcery-g++-lite-arm-2011.03/bin/../lib/gcc/arm-none-eabi/4.5.2\libgcc.a(_udivdi3.o)
                                  0x8 (size before relaxing)

.data           0x0c106d24       0x12
 *(.data)
 .data          0x0c106d24       0x12 ./lab12-queue.o
 .data          0x0c106d36        0x0 ../../BSP/Debug\libBSP.a(keypad.o)
 .data          0x0c106d36        0x0 ../../BSP/Debug\libBSP.a(lcd.o)
 .data          0x0c106d36        0x0 ../../BSP/Debug\libBSP.a(leds.o)
 .data          0x0c106d36        0x0 ../../BSP/Debug\libBSP.a(pbs.o)
 .data          0x0c106d36        0x0 ../../BSP/Debug\libBSP.a(rtc.o)
 .data          0x0c106d36        0x0 ../../BSP/Debug\libBSP.a(segs.o)
 .data          0x0c106d36        0x0 ../../BSP/Debug\libBSP.a(system.o)
 .data          0x0c106d36        0x0 ../../BSP/Debug\libBSP.a(timers.o)
 .data          0x0c106d36        0x0 ../../BSP/Debug\libBSP.a(uart.o)
 .data          0x0c106d36        0x0 ../../BSP/Debug\libBSP.a(font8x16.o)
 .data          0x0c106d36        0x0 c:/target/eclipsearm/sourcery-g++-lite-arm-2011.03/bin/../lib/gcc/arm-none-eabi/4.5.2\libgcc.a(_udivsi3.o)
 .data          0x0c106d36        0x0 c:/target/eclipsearm/sourcery-g++-lite-arm-2011.03/bin/../lib/gcc/arm-none-eabi/4.5.2\libgcc.a(_dvmd_tls.o)
 .data          0x0c106d36        0x0 c:/target/eclipsearm/sourcery-g++-lite-arm-2011.03/bin/../lib/gcc/arm-none-eabi/4.5.2\libgcc.a(_aeabi_uldivmod.o)
 .data          0x0c106d36        0x0 c:/target/eclipsearm/sourcery-g++-lite-arm-2011.03/bin/../lib/gcc/arm-none-eabi/4.5.2\libgcc.a(bpabi.o)
 .data          0x0c106d36        0x0 c:/target/eclipsearm/sourcery-g++-lite-arm-2011.03/bin/../lib/gcc/arm-none-eabi/4.5.2\libgcc.a(_divdi3.o)
 .data          0x0c106d36        0x0 c:/target/eclipsearm/sourcery-g++-lite-arm-2011.03/bin/../lib/gcc/arm-none-eabi/4.5.2\libgcc.a(_udivdi3.o)
 .data          0x0c106d36        0x0 c:/target/eclipsearm/sourcery-g++-lite-arm-2011.03/bin/../lib/gcc/arm-none-eabi/4.5.2\libgcc.a(_clzsi2.o)

.bss            0x0c106d38     0x9e20
 *(.bss)
 .bss           0x0c106d38        0x8 ./lab12-queue.o
 .bss           0x0c106d40        0x0 ../../BSP/Debug\libBSP.a(keypad.o)
 .bss           0x0c106d40        0x1 ../../BSP/Debug\libBSP.a(lcd.o)
 .bss           0x0c106d41        0x0 ../../BSP/Debug\libBSP.a(leds.o)
 .bss           0x0c106d41        0x0 ../../BSP/Debug\libBSP.a(pbs.o)
 .bss           0x0c106d41        0x0 ../../BSP/Debug\libBSP.a(rtc.o)
 .bss           0x0c106d41        0x1 ../../BSP/Debug\libBSP.a(segs.o)
 .bss           0x0c106d42        0x0 ../../BSP/Debug\libBSP.a(system.o)
 *fill*         0x0c106d42        0x2 00
 .bss           0x0c106d44        0x8 ../../BSP/Debug\libBSP.a(timers.o)
 .bss           0x0c106d4c        0x0 ../../BSP/Debug\libBSP.a(uart.o)
 .bss           0x0c106d4c        0x0 ../../BSP/Debug\libBSP.a(font8x16.o)
 .bss           0x0c106d4c        0x0 c:/target/eclipsearm/sourcery-g++-lite-arm-2011.03/bin/../lib/gcc/arm-none-eabi/4.5.2\libgcc.a(_udivsi3.o)
 .bss           0x0c106d4c        0x0 c:/target/eclipsearm/sourcery-g++-lite-arm-2011.03/bin/../lib/gcc/arm-none-eabi/4.5.2\libgcc.a(_dvmd_tls.o)
 .bss           0x0c106d4c        0x0 c:/target/eclipsearm/sourcery-g++-lite-arm-2011.03/bin/../lib/gcc/arm-none-eabi/4.5.2\libgcc.a(_aeabi_uldivmod.o)
 .bss           0x0c106d4c        0x0 c:/target/eclipsearm/sourcery-g++-lite-arm-2011.03/bin/../lib/gcc/arm-none-eabi/4.5.2\libgcc.a(bpabi.o)
 .bss           0x0c106d4c        0x0 c:/target/eclipsearm/sourcery-g++-lite-arm-2011.03/bin/../lib/gcc/arm-none-eabi/4.5.2\libgcc.a(_divdi3.o)
 .bss           0x0c106d4c        0x0 c:/target/eclipsearm/sourcery-g++-lite-arm-2011.03/bin/../lib/gcc/arm-none-eabi/4.5.2\libgcc.a(_udivdi3.o)
 .bss           0x0c106d4c        0x0 c:/target/eclipsearm/sourcery-g++-lite-arm-2011.03/bin/../lib/gcc/arm-none-eabi/4.5.2\libgcc.a(_clzsi2.o)
 COMMON         0x0c106d4c      0x80c ./lab12-queue.o
                0x0c106d4c                scancode
                0x0c106d50                fifo
 COMMON         0x0c107558     0x9600 ../../BSP/Debug\libBSP.a(lcd.o)
                0x0c107558                lcd_buffer
                0x0c110b58                end = .
OUTPUT(lab12-queue.elf elf32-littlearm)

.debug_abbrev   0x00000000      0xa1b
 .debug_abbrev  0x00000000      0x192 ./lab12-queue.o
 .debug_abbrev  0x00000192       0xe9 ../../BSP/Debug\libBSP.a(keypad.o)
 .debug_abbrev  0x0000027b      0x160 ../../BSP/Debug\libBSP.a(lcd.o)
 .debug_abbrev  0x000003db       0x9a ../../BSP/Debug\libBSP.a(leds.o)
 .debug_abbrev  0x00000475       0xd2 ../../BSP/Debug\libBSP.a(pbs.o)
 .debug_abbrev  0x00000547       0xe6 ../../BSP/Debug\libBSP.a(rtc.o)
 .debug_abbrev  0x0000062d       0xb3 ../../BSP/Debug\libBSP.a(segs.o)
 .debug_abbrev  0x000006e0       0xeb ../../BSP/Debug\libBSP.a(system.o)
 .debug_abbrev  0x000007cb       0xf0 ../../BSP/Debug\libBSP.a(timers.o)
 .debug_abbrev  0x000008bb       0xfd ../../BSP/Debug\libBSP.a(uart.o)
 .debug_abbrev  0x000009b8       0x63 ../../BSP/Debug\libBSP.a(font8x16.o)

.debug_info     0x00000000     0x1ef1
 .debug_info    0x00000000      0x4ea ./lab12-queue.o
 .debug_info    0x000004ea      0x1be ../../BSP/Debug\libBSP.a(keypad.o)
 .debug_info    0x000006a8      0x7c6 ../../BSP/Debug\libBSP.a(lcd.o)
 .debug_info    0x00000e6e      0x13a ../../BSP/Debug\libBSP.a(leds.o)
 .debug_info    0x00000fa8      0x1af ../../BSP/Debug\libBSP.a(pbs.o)
 .debug_info    0x00001157      0x23c ../../BSP/Debug\libBSP.a(rtc.o)
 .debug_info    0x00001393      0x10d ../../BSP/Debug\libBSP.a(segs.o)
 .debug_info    0x000014a0      0x421 ../../BSP/Debug\libBSP.a(system.o)
 .debug_info    0x000018c1      0x2c6 ../../BSP/Debug\libBSP.a(timers.o)
 .debug_info    0x00001b87      0x2d5 ../../BSP/Debug\libBSP.a(uart.o)
 .debug_info    0x00001e5c       0x95 ../../BSP/Debug\libBSP.a(font8x16.o)

.debug_line     0x00000000      0xd07
 .debug_line    0x00000000      0x19a ./lab12-queue.o
 .debug_line    0x0000019a      0x11f ../../BSP/Debug\libBSP.a(keypad.o)
 .debug_line    0x000002b9      0x235 ../../BSP/Debug\libBSP.a(lcd.o)
 .debug_line    0x000004ee       0x8c ../../BSP/Debug\libBSP.a(leds.o)
 .debug_line    0x0000057a       0xf6 ../../BSP/Debug\libBSP.a(pbs.o)
 .debug_line    0x00000670       0xd6 ../../BSP/Debug\libBSP.a(rtc.o)
 .debug_line    0x00000746       0x93 ../../BSP/Debug\libBSP.a(segs.o)
 .debug_line    0x000007d9      0x230 ../../BSP/Debug\libBSP.a(system.o)
 .debug_line    0x00000a09      0x18f ../../BSP/Debug\libBSP.a(timers.o)
 .debug_line    0x00000b98      0x119 ../../BSP/Debug\libBSP.a(uart.o)
 .debug_line    0x00000cb1       0x56 ../../BSP/Debug\libBSP.a(font8x16.o)

.debug_macinfo  0x00000000    0x31b4a
 .debug_macinfo
                0x00000000     0x5574 ./lab12-queue.o
 .debug_macinfo
                0x00005574     0x4eba ../../BSP/Debug\libBSP.a(keypad.o)
 .debug_macinfo
                0x0000a42e     0x439b ../../BSP/Debug\libBSP.a(lcd.o)
 .debug_macinfo
                0x0000e7c9     0x432c ../../BSP/Debug\libBSP.a(leds.o)
 .debug_macinfo
                0x00012af5     0x4d91 ../../BSP/Debug\libBSP.a(pbs.o)
 .debug_macinfo
                0x00017886     0x4cee ../../BSP/Debug\libBSP.a(rtc.o)
 .debug_macinfo
                0x0001c574     0x4d01 ../../BSP/Debug\libBSP.a(segs.o)
 .debug_macinfo
                0x00021275     0x5574 ../../BSP/Debug\libBSP.a(system.o)
 .debug_macinfo
                0x000267e9     0x4d1b ../../BSP/Debug\libBSP.a(timers.o)
 .debug_macinfo
                0x0002b504     0x430d ../../BSP/Debug\libBSP.a(uart.o)
 .debug_macinfo
                0x0002f811     0x2339 ../../BSP/Debug\libBSP.a(font8x16.o)

.debug_loc      0x00000000     0x1658
 .debug_loc     0x00000000      0x2ec ./lab12-queue.o
 .debug_loc     0x000002ec      0x160 ../../BSP/Debug\libBSP.a(keypad.o)
 .debug_loc     0x0000044c      0x344 ../../BSP/Debug\libBSP.a(lcd.o)
 .debug_loc     0x00000790       0xdc ../../BSP/Debug\libBSP.a(leds.o)
 .debug_loc     0x0000086c      0x160 ../../BSP/Debug\libBSP.a(pbs.o)
 .debug_loc     0x000009cc      0x134 ../../BSP/Debug\libBSP.a(rtc.o)
 .debug_loc     0x00000b00       0xb0 ../../BSP/Debug\libBSP.a(segs.o)
 .debug_loc     0x00000bb0      0x688 ../../BSP/Debug\libBSP.a(system.o)
 .debug_loc     0x00001238      0x294 ../../BSP/Debug\libBSP.a(timers.o)
 .debug_loc     0x000014cc      0x18c ../../BSP/Debug\libBSP.a(uart.o)

.debug_pubnames
                0x00000000      0x904
 .debug_pubnames
                0x00000000       0xf6 ./lab12-queue.o
 .debug_pubnames
                0x000000f6       0xab ../../BSP/Debug\libBSP.a(keypad.o)
 .debug_pubnames
                0x000001a1      0x150 ../../BSP/Debug\libBSP.a(lcd.o)
 .debug_pubnames
                0x000002f1       0x55 ../../BSP/Debug\libBSP.a(leds.o)
 .debug_pubnames
                0x00000346       0x8e ../../BSP/Debug\libBSP.a(pbs.o)
 .debug_pubnames
                0x000003d4       0x74 ../../BSP/Debug\libBSP.a(rtc.o)
 .debug_pubnames
                0x00000448       0x4e ../../BSP/Debug\libBSP.a(segs.o)
 .debug_pubnames
                0x00000496      0x29d ../../BSP/Debug\libBSP.a(system.o)
 .debug_pubnames
                0x00000733      0x10f ../../BSP/Debug\libBSP.a(timers.o)
 .debug_pubnames
                0x00000842       0xa7 ../../BSP/Debug\libBSP.a(uart.o)
 .debug_pubnames
                0x000008e9       0x1b ../../BSP/Debug\libBSP.a(font8x16.o)

.debug_pubtypes
                0x00000000      0x234
 .debug_pubtypes
                0x00000000       0x6a ./lab12-queue.o
 .debug_pubtypes
                0x0000006a       0x32 ../../BSP/Debug\libBSP.a(keypad.o)
 .debug_pubtypes
                0x0000009c       0x3c ../../BSP/Debug\libBSP.a(lcd.o)
 .debug_pubtypes
                0x000000d8       0x27 ../../BSP/Debug\libBSP.a(leds.o)
 .debug_pubtypes
                0x000000ff       0x32 ../../BSP/Debug\libBSP.a(pbs.o)
 .debug_pubtypes
                0x00000131       0x36 ../../BSP/Debug\libBSP.a(rtc.o)
 .debug_pubtypes
                0x00000167       0x1c ../../BSP/Debug\libBSP.a(segs.o)
 .debug_pubtypes
                0x00000183       0x27 ../../BSP/Debug\libBSP.a(system.o)
 .debug_pubtypes
                0x000001aa       0x3d ../../BSP/Debug\libBSP.a(timers.o)
 .debug_pubtypes
                0x000001e7       0x31 ../../BSP/Debug\libBSP.a(uart.o)
 .debug_pubtypes
                0x00000218       0x1c ../../BSP/Debug\libBSP.a(font8x16.o)

.debug_aranges  0x00000000      0x140
 .debug_aranges
                0x00000000       0x20 ./lab12-queue.o
 .debug_aranges
                0x00000020       0x20 ../../BSP/Debug\libBSP.a(keypad.o)
 .debug_aranges
                0x00000040       0x20 ../../BSP/Debug\libBSP.a(lcd.o)
 .debug_aranges
                0x00000060       0x20 ../../BSP/Debug\libBSP.a(leds.o)
 .debug_aranges
                0x00000080       0x20 ../../BSP/Debug\libBSP.a(pbs.o)
 .debug_aranges
                0x000000a0       0x20 ../../BSP/Debug\libBSP.a(rtc.o)
 .debug_aranges
                0x000000c0       0x20 ../../BSP/Debug\libBSP.a(segs.o)
 .debug_aranges
                0x000000e0       0x20 ../../BSP/Debug\libBSP.a(system.o)
 .debug_aranges
                0x00000100       0x20 ../../BSP/Debug\libBSP.a(timers.o)
 .debug_aranges
                0x00000120       0x20 ../../BSP/Debug\libBSP.a(uart.o)

.debug_str      0x00000000      0x92f
 .debug_str     0x00000000      0x1e3 ./lab12-queue.o
                                0x213 (size before relaxing)
 .debug_str     0x000001e3       0xa7 ../../BSP/Debug\libBSP.a(keypad.o)
                                0x139 (size before relaxing)
 .debug_str     0x0000028a      0x154 ../../BSP/Debug\libBSP.a(lcd.o)
                                0x212 (size before relaxing)
 .debug_str     0x000003de       0x3d ../../BSP/Debug\libBSP.a(leds.o)
                                 0xdd (size before relaxing)
 .debug_str     0x0000041b       0x69 ../../BSP/Debug\libBSP.a(pbs.o)
                                0x119 (size before relaxing)
 .debug_str     0x00000484       0x74 ../../BSP/Debug\libBSP.a(rtc.o)
                                0x13c (size before relaxing)
 .debug_str     0x000004f8       0x43 ../../BSP/Debug\libBSP.a(segs.o)
                                 0xe2 (size before relaxing)
 .debug_str     0x0000053b      0x26a ../../BSP/Debug\libBSP.a(system.o)
                                0x30a (size before relaxing)
 .debug_str     0x000007a5       0xf9 ../../BSP/Debug\libBSP.a(timers.o)
                                0x1a5 (size before relaxing)
 .debug_str     0x0000089e       0x7f ../../BSP/Debug\libBSP.a(uart.o)
                                0x130 (size before relaxing)
 .debug_str     0x0000091d       0x12 ../../BSP/Debug\libBSP.a(font8x16.o)
                                 0xb0 (size before relaxing)

.comment        0x00000000       0x2a
 .comment       0x00000000       0x2a ./lab12-queue.o
                                 0x2b (size before relaxing)
 .comment       0x00000000       0x2b ../../BSP/Debug\libBSP.a(keypad.o)
 .comment       0x00000000       0x2b ../../BSP/Debug\libBSP.a(lcd.o)
 .comment       0x00000000       0x2b ../../BSP/Debug\libBSP.a(leds.o)
 .comment       0x00000000       0x2b ../../BSP/Debug\libBSP.a(pbs.o)
 .comment       0x00000000       0x2b ../../BSP/Debug\libBSP.a(rtc.o)
 .comment       0x00000000       0x2b ../../BSP/Debug\libBSP.a(segs.o)
 .comment       0x00000000       0x2b ../../BSP/Debug\libBSP.a(system.o)
 .comment       0x00000000       0x2b ../../BSP/Debug\libBSP.a(timers.o)
 .comment       0x00000000       0x2b ../../BSP/Debug\libBSP.a(uart.o)
 .comment       0x00000000       0x2b ../../BSP/Debug\libBSP.a(font8x16.o)

.ARM.attributes
                0x00000000       0x32
 .ARM.attributes
                0x00000000       0x32 ./lab12-queue.o
 .ARM.attributes
                0x00000032       0x32 ../../BSP/Debug\libBSP.a(keypad.o)
 .ARM.attributes
                0x00000064       0x32 ../../BSP/Debug\libBSP.a(lcd.o)
 .ARM.attributes
                0x00000096       0x32 ../../BSP/Debug\libBSP.a(leds.o)
 .ARM.attributes
                0x000000c8       0x32 ../../BSP/Debug\libBSP.a(pbs.o)
 .ARM.attributes
                0x000000fa       0x32 ../../BSP/Debug\libBSP.a(rtc.o)
 .ARM.attributes
                0x0000012c       0x32 ../../BSP/Debug\libBSP.a(segs.o)
 .ARM.attributes
                0x0000015e       0x32 ../../BSP/Debug\libBSP.a(system.o)
 .ARM.attributes
                0x00000190       0x32 ../../BSP/Debug\libBSP.a(timers.o)
 .ARM.attributes
                0x000001c2       0x32 ../../BSP/Debug\libBSP.a(uart.o)
 .ARM.attributes
                0x000001f4       0x32 ../../BSP/Debug\libBSP.a(font8x16.o)
 .ARM.attributes
                0x00000226       0x1a c:/target/eclipsearm/sourcery-g++-lite-arm-2011.03/bin/../lib/gcc/arm-none-eabi/4.5.2\libgcc.a(_udivsi3.o)
 .ARM.attributes
                0x00000240       0x18 c:/target/eclipsearm/sourcery-g++-lite-arm-2011.03/bin/../lib/gcc/arm-none-eabi/4.5.2\libgcc.a(_dvmd_tls.o)
 .ARM.attributes
                0x00000258       0x1a c:/target/eclipsearm/sourcery-g++-lite-arm-2011.03/bin/../lib/gcc/arm-none-eabi/4.5.2\libgcc.a(_aeabi_uldivmod.o)
 .ARM.attributes
                0x00000272       0x34 c:/target/eclipsearm/sourcery-g++-lite-arm-2011.03/bin/../lib/gcc/arm-none-eabi/4.5.2\libgcc.a(bpabi.o)
 .ARM.attributes
                0x000002a6       0x34 c:/target/eclipsearm/sourcery-g++-lite-arm-2011.03/bin/../lib/gcc/arm-none-eabi/4.5.2\libgcc.a(_divdi3.o)
 .ARM.attributes
                0x000002da       0x34 c:/target/eclipsearm/sourcery-g++-lite-arm-2011.03/bin/../lib/gcc/arm-none-eabi/4.5.2\libgcc.a(_udivdi3.o)
 .ARM.attributes
                0x0000030e       0x1a c:/target/eclipsearm/sourcery-g++-lite-arm-2011.03/bin/../lib/gcc/arm-none-eabi/4.5.2\libgcc.a(_clzsi2.o)

.debug_frame    0x00000000     0x1234
 .debug_frame   0x00000000      0x248 ./lab12-queue.o
 .debug_frame   0x00000248      0x110 ../../BSP/Debug\libBSP.a(keypad.o)
 .debug_frame   0x00000358      0x270 ../../BSP/Debug\libBSP.a(lcd.o)
 .debug_frame   0x000005c8       0xb0 ../../BSP/Debug\libBSP.a(leds.o)
 .debug_frame   0x00000678      0x110 ../../BSP/Debug\libBSP.a(pbs.o)
 .debug_frame   0x00000788       0xf4 ../../BSP/Debug\libBSP.a(rtc.o)
 .debug_frame   0x0000087c       0x90 ../../BSP/Debug\libBSP.a(segs.o)
 .debug_frame   0x0000090c      0x518 ../../BSP/Debug\libBSP.a(system.o)
 .debug_frame   0x00000e24      0x1f8 ../../BSP/Debug\libBSP.a(timers.o)
 .debug_frame   0x0000101c      0x130 ../../BSP/Debug\libBSP.a(uart.o)
 .debug_frame   0x0000114c       0x20 c:/target/eclipsearm/sourcery-g++-lite-arm-2011.03/bin/../lib/gcc/arm-none-eabi/4.5.2\libgcc.a(_udivsi3.o)
 .debug_frame   0x0000116c       0x50 c:/target/eclipsearm/sourcery-g++-lite-arm-2011.03/bin/../lib/gcc/arm-none-eabi/4.5.2\libgcc.a(bpabi.o)
 .debug_frame   0x000011bc       0x3c c:/target/eclipsearm/sourcery-g++-lite-arm-2011.03/bin/../lib/gcc/arm-none-eabi/4.5.2\libgcc.a(_divdi3.o)
 .debug_frame   0x000011f8       0x3c c:/target/eclipsearm/sourcery-g++-lite-arm-2011.03/bin/../lib/gcc/arm-none-eabi/4.5.2\libgcc.a(_udivdi3.o)
