Archive member included because of file (symbol)

../../BSP/Debug\libBSP.a(rtc.o)
                              ./lab11.o (rtc_init)
../../BSP/Debug\libBSP.a(system.o)
                              ./lab11.o (sys_init)
../../BSP/Debug\libBSP.a(uart.o)
                              ./lab11.o (uart0_init)
../../BSP/Debug\libBSP.a(segs.o)
                              ../../BSP/Debug\libBSP.a(system.o) (segs_init)

Allocating common symbols
Common symbol       size              file

flag                0x1               ./lab11.o

Memory Configuration

Name             Origin             Length             Attributes
*default*        0x00000000         0xffffffff

Linker script and memory map

LOAD ./bootloader.o
LOAD ./lab11.o
LOAD ../../BSP/Debug\libBSP.a
START GROUP
LOAD c:/target/eclipsearm/sourcery-g++-lite-arm-2011.03/bin/../lib/gcc/arm-none-eabi/4.5.2\libgcc.a
LOAD c:/target/eclipsearm/sourcery-g++-lite-arm-2011.03/bin/../lib/gcc/arm-none-eabi/4.5.2/../../../../arm-none-eabi/lib\libc.a
END GROUP
                0x0c000000                . = 0xc000000
                0x0c000000                _image_start = .

.text           0x0c000000     0x2994
 bootloader.o()
 .text          0x0c000000      0x584 bootloader.o
 .data          0x0c000584        0x0 bootloader.o
 .bss           0x0c000584        0x0 bootloader.o
 .ARM.attributes
                0x0c000584       0x22 bootloader.o
 .debug_line    0x0c0005a6       0xc6 bootloader.o
 .debug_info    0x0c00066c       0x5b bootloader.o
 .debug_abbrev  0x0c0006c7       0x14 bootloader.o
 *fill*         0x0c0006db        0x5 00
 .debug_aranges
                0x0c0006e0       0x20 bootloader.o
 *(.text)
 .text          0x0c000700      0x584 ./bootloader.o
 .text          0x0c000c84      0x284 ./lab11.o
                0x0c000c84                main
                0x0c000ec8                isr_tick
 .text          0x0c000f08      0x6bc ../../BSP/Debug\libBSP.a(rtc.o)
                0x0c000f08                dectoBCD
                0x0c000f9c                BCDtodec
                0x0c001054                rtc_init
                0x0c001190                rtc_puttime
                0x0c0012bc                rtc_gettime
                0x0c0014f4                rtc_open
                0x0c001570                rtc_close
 .text          0x0c0015c4      0xcf8 ../../BSP/Debug\libBSP.a(system.o)
                0x0c0015c4                sys_init
                0x0c001b30                isr_SWI_dummy
                0x0c001b5c                isr_UNDEF_dummy
                0x0c001b88                isr_IRQ_dummy
                0x0c001bb4                isr_FIQ_dummy
                0x0c001be0                isr_PABORT_dummy
                0x0c001c0c                isr_DABORT_dummy
                0x0c001c38                isr_ADC_dummy
                0x0c001c60                isr_RTC_dummy
                0x0c001c88                isr_UTXD1_dummy
                0x0c001cb0                isr_UTXD0_dummy
                0x0c001cd8                isr_SIO_dummy
                0x0c001d00                isr_IIC_dummy
                0x0c001d28                isr_URXD1_dummy
                0x0c001d50                isr_URXD0_dummy
                0x0c001d78                isr_TIMER5_dummy
                0x0c001da0                isr_TIMER4_dummy
                0x0c001dc8                isr_TIMER3_dummy
                0x0c001df0                isr_TIMER2_dummy
                0x0c001e18                isr_TIMER1_dummy
                0x0c001e40                isr_TIMER0_dummy
                0x0c001e68                isr_UERR01_dummy
                0x0c001e90                isr_WDT_dummy
                0x0c001eb8                isr_BDMA1_dummy
                0x0c001ee0                isr_BDMA0_dummy
                0x0c001f08                isr_ZDMA1_dummy
                0x0c001f30                isr_ZDMA0_dummy
                0x0c001f58                isr_TICK_dummy
                0x0c001f80                isr_PB_dummy
                0x0c001fa8                isr_ETHERNET_dummy
                0x0c001fd0                isr_TS_dummy
                0x0c001ff8                isr_KEYPAD_dummy
                0x0c002020                isr_USB_dummy
                0x0c00206c                sleep
 .text          0x0c0022bc      0x604 ../../BSP/Debug\libBSP.a(uart.o)
                0x0c0022bc                uart0_init
                0x0c002320                uart0_putchar
                0x0c002380                uart0_getchar
                0x0c0023c8                uart0_puts
                0x0c002430                uart0_putint
                0x0c002540                uart0_puthex
                0x0c0025f8                uart0_gets
                0x0c002664                uart0_getint
                0x0c00271c                uart0_gethex
 .text          0x0c0028c0       0xd4 ../../BSP/Debug\libBSP.a(segs.o)
                0x0c0028c0                segs_init
                0x0c0028dc                segs_off
                0x0c002914                segs_putchar
                0x0c00296c                segs_status

.glue_7         0x0c002994        0x0
 .glue_7        0x00000000        0x0 linker stubs

.glue_7t        0x0c002994        0x0
 .glue_7t       0x00000000        0x0 linker stubs

.vfp11_veneer   0x0c002994        0x0
 .vfp11_veneer  0x00000000        0x0 linker stubs

.v4_bx          0x0c002994        0x0
 .v4_bx         0x00000000        0x0 linker stubs

.rodata         0x0c002994      0x680
 *(.rodata)
 .rodata        0x0c002994       0xbc ./lab11.o
 .rodata        0x0c002a50      0x5b4 ../../BSP/Debug\libBSP.a(system.o)
 .rodata        0x0c003004       0x10 ../../BSP/Debug\libBSP.a(segs.o)

.data           0x0c003014        0x0
 *(.data)
 .data          0x0c003014        0x0 ./bootloader.o
 .data          0x0c003014        0x0 ./lab11.o
 .data          0x0c003014        0x0 ../../BSP/Debug\libBSP.a(rtc.o)
 .data          0x0c003014        0x0 ../../BSP/Debug\libBSP.a(system.o)
 .data          0x0c003014        0x0 ../../BSP/Debug\libBSP.a(uart.o)
 .data          0x0c003014        0x0 ../../BSP/Debug\libBSP.a(segs.o)

.bss            0x0c003014        0x2
 *(.bss)
 .bss           0x0c003014        0x0 ./bootloader.o
 .bss           0x0c003014        0x0 ./lab11.o
 .bss           0x0c003014        0x0 ../../BSP/Debug\libBSP.a(rtc.o)
 .bss           0x0c003014        0x0 ../../BSP/Debug\libBSP.a(system.o)
 .bss           0x0c003014        0x0 ../../BSP/Debug\libBSP.a(uart.o)
 .bss           0x0c003014        0x1 ../../BSP/Debug\libBSP.a(segs.o)
 COMMON         0x0c003015        0x1 ./lab11.o
                0x0c003015                flag
                0x0c003016                _image_end = .
                0x0c003016                end = .
OUTPUT(lab11.elf elf32-littlearm)

.ARM.attributes
                0x00000000       0x2e
 .ARM.attributes
                0x00000000       0x22 ./bootloader.o
 .ARM.attributes
                0x00000022       0x32 ./lab11.o
 .ARM.attributes
                0x00000054       0x32 ../../BSP/Debug\libBSP.a(rtc.o)
 .ARM.attributes
                0x00000086       0x32 ../../BSP/Debug\libBSP.a(system.o)
 .ARM.attributes
                0x000000b8       0x32 ../../BSP/Debug\libBSP.a(uart.o)
 .ARM.attributes
                0x000000ea       0x32 ../../BSP/Debug\libBSP.a(segs.o)

.comment        0x00000000       0x2a
 .comment       0x00000000       0x2a ./lab11.o
                                 0x2b (size before relaxing)
 .comment       0x00000000       0x2b ../../BSP/Debug\libBSP.a(rtc.o)
 .comment       0x00000000       0x2b ../../BSP/Debug\libBSP.a(system.o)
 .comment       0x00000000       0x2b ../../BSP/Debug\libBSP.a(uart.o)
 .comment       0x00000000       0x2b ../../BSP/Debug\libBSP.a(segs.o)

.debug_line     0x00000000      0x63e
 .debug_line    0x00000000       0xc6 ./bootloader.o
 .debug_line    0x000000c6       0xc6 ./lab11.o
 .debug_line    0x0000018c       0xd6 ../../BSP/Debug\libBSP.a(rtc.o)
 .debug_line    0x00000262      0x230 ../../BSP/Debug\libBSP.a(system.o)
 .debug_line    0x00000492      0x119 ../../BSP/Debug\libBSP.a(uart.o)
 .debug_line    0x000005ab       0x93 ../../BSP/Debug\libBSP.a(segs.o)

.debug_info     0x00000000      0xbf4
 .debug_info    0x00000000       0x5b ./bootloader.o
 .debug_info    0x0000005b      0x15a ./lab11.o
 .debug_info    0x000001b5      0x23c ../../BSP/Debug\libBSP.a(rtc.o)
 .debug_info    0x000003f1      0x421 ../../BSP/Debug\libBSP.a(system.o)
 .debug_info    0x00000812      0x2d5 ../../BSP/Debug\libBSP.a(uart.o)
 .debug_info    0x00000ae7      0x10d ../../BSP/Debug\libBSP.a(segs.o)

.debug_abbrev   0x00000000      0x45d
 .debug_abbrev  0x00000000       0x14 ./bootloader.o
 .debug_abbrev  0x00000014       0xc8 ./lab11.o
 .debug_abbrev  0x000000dc       0xe6 ../../BSP/Debug\libBSP.a(rtc.o)
 .debug_abbrev  0x000001c2       0xeb ../../BSP/Debug\libBSP.a(system.o)
 .debug_abbrev  0x000002ad       0xfd ../../BSP/Debug\libBSP.a(uart.o)
 .debug_abbrev  0x000003aa       0xb3 ../../BSP/Debug\libBSP.a(segs.o)

.debug_aranges  0x00000000       0xc0
 .debug_aranges
                0x00000000       0x20 ./bootloader.o
 .debug_aranges
                0x00000020       0x20 ./lab11.o
 .debug_aranges
                0x00000040       0x20 ../../BSP/Debug\libBSP.a(rtc.o)
 .debug_aranges
                0x00000060       0x20 ../../BSP/Debug\libBSP.a(system.o)
 .debug_aranges
                0x00000080       0x20 ../../BSP/Debug\libBSP.a(uart.o)
 .debug_aranges
                0x000000a0       0x20 ../../BSP/Debug\libBSP.a(segs.o)

.debug_macinfo  0x00000000    0x17a91
 .debug_macinfo
                0x00000000     0x4821 ./lab11.o
 .debug_macinfo
                0x00004821     0x4cee ../../BSP/Debug\libBSP.a(rtc.o)
 .debug_macinfo
                0x0000950f     0x5574 ../../BSP/Debug\libBSP.a(system.o)
 .debug_macinfo
                0x0000ea83     0x430d ../../BSP/Debug\libBSP.a(uart.o)
 .debug_macinfo
                0x00012d90     0x4d01 ../../BSP/Debug\libBSP.a(segs.o)

.debug_loc      0x00000000      0xa50
 .debug_loc     0x00000000       0x58 ./lab11.o
 .debug_loc     0x00000058      0x134 ../../BSP/Debug\libBSP.a(rtc.o)
 .debug_loc     0x0000018c      0x688 ../../BSP/Debug\libBSP.a(system.o)
 .debug_loc     0x00000814      0x18c ../../BSP/Debug\libBSP.a(uart.o)
 .debug_loc     0x000009a0       0xb0 ../../BSP/Debug\libBSP.a(segs.o)

.debug_pubnames
                0x00000000      0x437
 .debug_pubnames
                0x00000000       0x31 ./lab11.o
 .debug_pubnames
                0x00000031       0x74 ../../BSP/Debug\libBSP.a(rtc.o)
 .debug_pubnames
                0x000000a5      0x29d ../../BSP/Debug\libBSP.a(system.o)
 .debug_pubnames
                0x00000342       0xa7 ../../BSP/Debug\libBSP.a(uart.o)
 .debug_pubnames
                0x000003e9       0x4e ../../BSP/Debug\libBSP.a(segs.o)

.debug_pubtypes
                0x00000000       0xec
 .debug_pubtypes
                0x00000000       0x42 ./lab11.o
 .debug_pubtypes
                0x00000042       0x36 ../../BSP/Debug\libBSP.a(rtc.o)
 .debug_pubtypes
                0x00000078       0x27 ../../BSP/Debug\libBSP.a(system.o)
 .debug_pubtypes
                0x0000009f       0x31 ../../BSP/Debug\libBSP.a(uart.o)
 .debug_pubtypes
                0x000000d0       0x1c ../../BSP/Debug\libBSP.a(segs.o)

.debug_str      0x00000000      0x4a1
 .debug_str     0x00000000       0xd7 ./lab11.o
                                 0xf0 (size before relaxing)
 .debug_str     0x000000d7       0x92 ../../BSP/Debug\libBSP.a(rtc.o)
                                0x13c (size before relaxing)
 .debug_str     0x00000169      0x26a ../../BSP/Debug\libBSP.a(system.o)
                                0x30a (size before relaxing)
 .debug_str     0x000003d3       0x85 ../../BSP/Debug\libBSP.a(uart.o)
                                0x130 (size before relaxing)
 .debug_str     0x00000458       0x49 ../../BSP/Debug\libBSP.a(segs.o)
                                 0xe2 (size before relaxing)

.debug_frame    0x00000000      0x824
 .debug_frame   0x00000000       0x58 ./lab11.o
 .debug_frame   0x00000058       0xf4 ../../BSP/Debug\libBSP.a(rtc.o)
 .debug_frame   0x0000014c      0x518 ../../BSP/Debug\libBSP.a(system.o)
 .debug_frame   0x00000664      0x130 ../../BSP/Debug\libBSP.a(uart.o)
 .debug_frame   0x00000794       0x90 ../../BSP/Debug\libBSP.a(segs.o)
