Archive member included because of file (symbol)

../../BSP/Debug\libBSP.a(lcd.o)
                              ./lab7.o (lcd_init)
../../BSP/Debug\libBSP.a(system.o)
                              ./lab7.o (sys_init)
../../BSP/Debug\libBSP.a(uart.o)
                              ../../BSP/Debug\libBSP.a(system.o) (uart0_init)
../../BSP/Debug\libBSP.a(font8x16.o)
                              ../../BSP/Debug\libBSP.a(lcd.o) (font)
../../BSP/Debug\libBSP.a(segs.o)
                              ../../BSP/Debug\libBSP.a(system.o) (segs_init)

Allocating common symbols
Common symbol       size              file

lcd_buffer          0x9600            ../../BSP/Debug\libBSP.a(lcd.o)

Memory Configuration

Name             Origin             Length             Attributes
*default*        0x00000000         0xffffffff

Linker script and memory map

LOAD ./lab7.o
LOAD ../../BSP/Debug\libBSP.a
START GROUP
LOAD c:/eclipsearm/eclipsearm/sourcery-g++-lite-arm-2011.03/bin/../lib/gcc/arm-none-eabi/4.5.2\libgcc.a
LOAD c:/eclipsearm/eclipsearm/sourcery-g++-lite-arm-2011.03/bin/../lib/gcc/arm-none-eabi/4.5.2/../../../../arm-none-eabi/lib\libc.a
END GROUP
                0x0c100000                . = 0xc100000

.text           0x0c100000     0x2984
 *(.text)
 .text          0x0c100000      0x314 ./lab7.o
                0x0c100000                main
                0x0c1002d0                one_second_loop
 .text          0x0c100314     0x12a0 ../../BSP/Debug\libBSP.a(lcd.o)
                0x0c100314                lcd_init
                0x0c100498                lcd_on
                0x0c1004d4                lcd_off
                0x0c100510                lcd_status
                0x0c100538                lcd_clear
                0x0c1005bc                lcd_putpixel
                0x0c1006a8                lcd_getpixel
                0x0c100740                lcd_draw_hrow
                0x0c1007e8                lcd_draw_vrow
                0x0c100890                lcd_draw_box
                0x0c10098c                lcd_putchar
                0x0c100ae0                lcd_puts
                0x0c100b6c                lcd_putint
                0x0c100ca4                lcd_puthex
                0x0c100d84                lcd_putWallpaper
                0x0c100ee0                lcd_putchar_x2
                0x0c101310                lcd_puts_x2
                0x0c10139c                lcd_putint_x2
                0x0c1014d4                lcd_puthex_x2
 .text          0x0c1015b4      0xcf8 ../../BSP/Debug\libBSP.a(system.o)
                0x0c1015b4                sys_init
                0x0c101b20                isr_SWI_dummy
                0x0c101b4c                isr_UNDEF_dummy
                0x0c101b78                isr_IRQ_dummy
                0x0c101ba4                isr_FIQ_dummy
                0x0c101bd0                isr_PABORT_dummy
                0x0c101bfc                isr_DABORT_dummy
                0x0c101c28                isr_ADC_dummy
                0x0c101c50                isr_RTC_dummy
                0x0c101c78                isr_UTXD1_dummy
                0x0c101ca0                isr_UTXD0_dummy
                0x0c101cc8                isr_SIO_dummy
                0x0c101cf0                isr_IIC_dummy
                0x0c101d18                isr_URXD1_dummy
                0x0c101d40                isr_URXD0_dummy
                0x0c101d68                isr_TIMER5_dummy
                0x0c101d90                isr_TIMER4_dummy
                0x0c101db8                isr_TIMER3_dummy
                0x0c101de0                isr_TIMER2_dummy
                0x0c101e08                isr_TIMER1_dummy
                0x0c101e30                isr_TIMER0_dummy
                0x0c101e58                isr_UERR01_dummy
                0x0c101e80                isr_WDT_dummy
                0x0c101ea8                isr_BDMA1_dummy
                0x0c101ed0                isr_BDMA0_dummy
                0x0c101ef8                isr_ZDMA1_dummy
                0x0c101f20                isr_ZDMA0_dummy
                0x0c101f48                isr_TICK_dummy
                0x0c101f70                isr_PB_dummy
                0x0c101f98                isr_ETHERNET_dummy
                0x0c101fc0                isr_TS_dummy
                0x0c101fe8                isr_KEYPAD_dummy
                0x0c102010                isr_USB_dummy
                0x0c10205c                sleep
 .text          0x0c1022ac      0x604 ../../BSP/Debug\libBSP.a(uart.o)
                0x0c1022ac                uart0_init
                0x0c102310                uart0_putchar
                0x0c102370                uart0_getchar
                0x0c1023b8                uart0_puts
                0x0c102420                uart0_putint
                0x0c102530                uart0_puthex
                0x0c1025e8                uart0_gets
                0x0c102654                uart0_getint
                0x0c10270c                uart0_gethex
 .text          0x0c1028b0        0x0 ../../BSP/Debug\libBSP.a(font8x16.o)
 .text          0x0c1028b0       0xd4 ../../BSP/Debug\libBSP.a(segs.o)
                0x0c1028b0                segs_init
                0x0c1028cc                segs_off
                0x0c102904                segs_putchar
                0x0c10295c                segs_status

.glue_7         0x0c102984        0x0
 .glue_7        0x00000000        0x0 linker stubs

.glue_7t        0x0c102984        0x0
 .glue_7t       0x00000000        0x0 linker stubs

.vfp11_veneer   0x0c102984        0x0
 .vfp11_veneer  0x00000000        0x0 linker stubs

.v4_bx          0x0c102984        0x0
 .v4_bx         0x00000000        0x0 linker stubs

.rodata         0x0c102984     0x1658
 *(.rodata)
 .rodata        0x0c102984       0x94 ./lab7.o
 .rodata        0x0c102a18      0x5b4 ../../BSP/Debug\libBSP.a(system.o)
 .rodata        0x0c102fcc     0x1000 ../../BSP/Debug\libBSP.a(font8x16.o)
                0x0c102fcc                font
 .rodata        0x0c103fcc       0x10 ../../BSP/Debug\libBSP.a(segs.o)

.data           0x0c103fdc        0x0
 *(.data)
 .data          0x0c103fdc        0x0 ./lab7.o
 .data          0x0c103fdc        0x0 ../../BSP/Debug\libBSP.a(lcd.o)
 .data          0x0c103fdc        0x0 ../../BSP/Debug\libBSP.a(system.o)
 .data          0x0c103fdc        0x0 ../../BSP/Debug\libBSP.a(uart.o)
 .data          0x0c103fdc        0x0 ../../BSP/Debug\libBSP.a(font8x16.o)
 .data          0x0c103fdc        0x0 ../../BSP/Debug\libBSP.a(segs.o)

.bss            0x0c103fdc     0x9604
 *(.bss)
 .bss           0x0c103fdc        0x0 ./lab7.o
 .bss           0x0c103fdc        0x1 ../../BSP/Debug\libBSP.a(lcd.o)
 .bss           0x0c103fdd        0x0 ../../BSP/Debug\libBSP.a(system.o)
 .bss           0x0c103fdd        0x0 ../../BSP/Debug\libBSP.a(uart.o)
 .bss           0x0c103fdd        0x0 ../../BSP/Debug\libBSP.a(font8x16.o)
 .bss           0x0c103fdd        0x1 ../../BSP/Debug\libBSP.a(segs.o)
 *fill*         0x0c103fde        0x2 00
 COMMON         0x0c103fe0     0x9600 ../../BSP/Debug\libBSP.a(lcd.o)
                0x0c103fe0                lcd_buffer
                0x0c10d5e0                end = .
OUTPUT(lab7.elf elf32-littlearm)

.debug_abbrev   0x00000000      0x4fc
 .debug_abbrev  0x00000000       0x9e ./lab7.o
 .debug_abbrev  0x0000009e      0x160 ../../BSP/Debug\libBSP.a(lcd.o)
 .debug_abbrev  0x000001fe       0xeb ../../BSP/Debug\libBSP.a(system.o)
 .debug_abbrev  0x000002e9       0xfd ../../BSP/Debug\libBSP.a(uart.o)
 .debug_abbrev  0x000003e6       0x63 ../../BSP/Debug\libBSP.a(font8x16.o)
 .debug_abbrev  0x00000449       0xb3 ../../BSP/Debug\libBSP.a(segs.o)

.debug_info     0x00000000     0x116a
 .debug_info    0x00000000      0x10c ./lab7.o
 .debug_info    0x0000010c      0x7c6 ../../BSP/Debug\libBSP.a(lcd.o)
 .debug_info    0x000008d2      0x421 ../../BSP/Debug\libBSP.a(system.o)
 .debug_info    0x00000cf3      0x2d5 ../../BSP/Debug\libBSP.a(uart.o)
 .debug_info    0x00000fc8       0x95 ../../BSP/Debug\libBSP.a(font8x16.o)
 .debug_info    0x0000105d      0x10d ../../BSP/Debug\libBSP.a(segs.o)

.debug_line     0x00000000      0x754
 .debug_line    0x00000000       0xed ./lab7.o
 .debug_line    0x000000ed      0x235 ../../BSP/Debug\libBSP.a(lcd.o)
 .debug_line    0x00000322      0x230 ../../BSP/Debug\libBSP.a(system.o)
 .debug_line    0x00000552      0x119 ../../BSP/Debug\libBSP.a(uart.o)
 .debug_line    0x0000066b       0x56 ../../BSP/Debug\libBSP.a(font8x16.o)
 .debug_line    0x000006c1       0x93 ../../BSP/Debug\libBSP.a(segs.o)

.debug_macinfo  0x00000000    0x195ca
 .debug_macinfo
                0x00000000     0x4974 ./lab7.o
 .debug_macinfo
                0x00004974     0x439b ../../BSP/Debug\libBSP.a(lcd.o)
 .debug_macinfo
                0x00008d0f     0x5574 ../../BSP/Debug\libBSP.a(system.o)
 .debug_macinfo
                0x0000e283     0x430d ../../BSP/Debug\libBSP.a(uart.o)
 .debug_macinfo
                0x00012590     0x2339 ../../BSP/Debug\libBSP.a(font8x16.o)
 .debug_macinfo
                0x000148c9     0x4d01 ../../BSP/Debug\libBSP.a(segs.o)

.debug_loc      0x00000000      0xc60
 .debug_loc     0x00000000       0x58 ./lab7.o
 .debug_loc     0x00000058      0x344 ../../BSP/Debug\libBSP.a(lcd.o)
 .debug_loc     0x0000039c      0x688 ../../BSP/Debug\libBSP.a(system.o)
 .debug_loc     0x00000a24      0x18c ../../BSP/Debug\libBSP.a(uart.o)
 .debug_loc     0x00000bb0       0xb0 ../../BSP/Debug\libBSP.a(segs.o)

.debug_pubnames
                0x00000000      0x52c
 .debug_pubnames
                0x00000000       0x2f ./lab7.o
 .debug_pubnames
                0x0000002f      0x150 ../../BSP/Debug\libBSP.a(lcd.o)
 .debug_pubnames
                0x0000017f      0x29d ../../BSP/Debug\libBSP.a(system.o)
 .debug_pubnames
                0x0000041c       0xa7 ../../BSP/Debug\libBSP.a(uart.o)
 .debug_pubnames
                0x000004c3       0x1b ../../BSP/Debug\libBSP.a(font8x16.o)
 .debug_pubnames
                0x000004de       0x4e ../../BSP/Debug\libBSP.a(segs.o)

.debug_pubtypes
                0x00000000       0xfe
 .debug_pubtypes
                0x00000000       0x32 ./lab7.o
 .debug_pubtypes
                0x00000032       0x3c ../../BSP/Debug\libBSP.a(lcd.o)
 .debug_pubtypes
                0x0000006e       0x27 ../../BSP/Debug\libBSP.a(system.o)
 .debug_pubtypes
                0x00000095       0x31 ../../BSP/Debug\libBSP.a(uart.o)
 .debug_pubtypes
                0x000000c6       0x1c ../../BSP/Debug\libBSP.a(font8x16.o)
 .debug_pubtypes
                0x000000e2       0x1c ../../BSP/Debug\libBSP.a(segs.o)

.debug_aranges  0x00000000       0xa0
 .debug_aranges
                0x00000000       0x20 ./lab7.o
 .debug_aranges
                0x00000020       0x20 ../../BSP/Debug\libBSP.a(lcd.o)
 .debug_aranges
                0x00000040       0x20 ../../BSP/Debug\libBSP.a(system.o)
 .debug_aranges
                0x00000060       0x20 ../../BSP/Debug\libBSP.a(uart.o)
 .debug_aranges
                0x00000080       0x20 ../../BSP/Debug\libBSP.a(segs.o)

.debug_str      0x00000000      0x58b
 .debug_str     0x00000000       0xc2 ./lab7.o
                                 0xdb (size before relaxing)
 .debug_str     0x000000c2      0x18b ../../BSP/Debug\libBSP.a(lcd.o)
                                0x21f (size before relaxing)
 .debug_str     0x0000024d      0x26a ../../BSP/Debug\libBSP.a(system.o)
                                0x317 (size before relaxing)
 .debug_str     0x000004b7       0x7f ../../BSP/Debug\libBSP.a(uart.o)
                                0x13d (size before relaxing)
 .debug_str     0x00000536       0x12 ../../BSP/Debug\libBSP.a(font8x16.o)
                                 0xbd (size before relaxing)
 .debug_str     0x00000548       0x43 ../../BSP/Debug\libBSP.a(segs.o)
                                 0xef (size before relaxing)

.comment        0x00000000       0x2a
 .comment       0x00000000       0x2a ./lab7.o
                                 0x2b (size before relaxing)
 .comment       0x00000000       0x2b ../../BSP/Debug\libBSP.a(lcd.o)
 .comment       0x00000000       0x2b ../../BSP/Debug\libBSP.a(system.o)
 .comment       0x00000000       0x2b ../../BSP/Debug\libBSP.a(uart.o)
 .comment       0x00000000       0x2b ../../BSP/Debug\libBSP.a(font8x16.o)
 .comment       0x00000000       0x2b ../../BSP/Debug\libBSP.a(segs.o)

.ARM.attributes
                0x00000000       0x32
 .ARM.attributes
                0x00000000       0x32 ./lab7.o
 .ARM.attributes
                0x00000032       0x32 ../../BSP/Debug\libBSP.a(lcd.o)
 .ARM.attributes
                0x00000064       0x32 ../../BSP/Debug\libBSP.a(system.o)
 .ARM.attributes
                0x00000096       0x32 ../../BSP/Debug\libBSP.a(uart.o)
 .ARM.attributes
                0x000000c8       0x32 ../../BSP/Debug\libBSP.a(font8x16.o)
 .ARM.attributes
                0x000000fa       0x32 ../../BSP/Debug\libBSP.a(segs.o)

.debug_frame    0x00000000      0x998
 .debug_frame   0x00000000       0x50 ./lab7.o
 .debug_frame   0x00000050      0x270 ../../BSP/Debug\libBSP.a(lcd.o)
 .debug_frame   0x000002c0      0x518 ../../BSP/Debug\libBSP.a(system.o)
 .debug_frame   0x000007d8      0x130 ../../BSP/Debug\libBSP.a(uart.o)
 .debug_frame   0x00000908       0x90 ../../BSP/Debug\libBSP.a(segs.o)
