Archive member included because of file (symbol)

../../BSP/Debug\libBSP.a(rtc.o)
                              ./lab5.o (rtc_init)
../../BSP/Debug\libBSP.a(system.o)
                              ./lab5.o (sys_init)
../../BSP/Debug\libBSP.a(uart.o)
                              ./lab5.o (uart0_init)
../../BSP/Debug\libBSP.a(segs.o)
                              ../../BSP/Debug\libBSP.a(system.o) (segs_init)

Allocating common symbols
Common symbol       size              file

flag                0x1               ./lab5.o

Memory Configuration

Name             Origin             Length             Attributes
*default*        0x00000000         0xffffffff

Linker script and memory map

LOAD ./lab5.o
LOAD ../../BSP/Debug\libBSP.a
START GROUP
LOAD c:/software/electronica/arm/eclipsearm/sourcery-g++-lite-arm-2011.03/bin/../lib/gcc/arm-none-eabi/4.5.2\libgcc.a
LOAD c:/software/electronica/arm/eclipsearm/sourcery-g++-lite-arm-2011.03/bin/../lib/gcc/arm-none-eabi/4.5.2/../../../../arm-none-eabi/lib\libc.a
END GROUP
                0x0c100000                . = 0xc100000

.text           0x0c100000     0x1d7c
 *(.text)
 .text          0x0c100000      0x284 ./lab5.o
                0x0c100000                main
                0x0c100244                isr_tick
 .text          0x0c100284      0x6bc ../../BSP/Debug\libBSP.a(rtc.o)
                0x0c100284                dectoBCD
                0x0c100318                BCDtodec
                0x0c1003d0                rtc_init
                0x0c10050c                rtc_puttime
                0x0c100638                rtc_gettime
                0x0c100870                rtc_open
                0x0c1008ec                rtc_close
 .text          0x0c100940      0xd64 ../../BSP/Debug\libBSP.a(system.o)
                0x0c100940                sys_init
                0x0c100eb0                isr_SWI_dummy
                0x0c100edc                isr_UNDEF_dummy
                0x0c100f08                isr_IRQ_dummy
                0x0c100f34                isr_FIQ_dummy
                0x0c100f60                isr_PABORT_dummy
                0x0c100f8c                isr_DABORT_dummy
                0x0c100fb8                isr_ADC_dummy
                0x0c100fe4                isr_RTC_dummy
                0x0c101010                isr_UTXD1_dummy
                0x0c10103c                isr_UTXD0_dummy
                0x0c101068                isr_SIO_dummy
                0x0c101094                isr_IIC_dummy
                0x0c1010c0                isr_URXD1_dummy
                0x0c1010ec                isr_URXD0_dummy
                0x0c101118                isr_TIMER5_dummy
                0x0c101144                isr_TIMER4_dummy
                0x0c101170                isr_TIMER3_dummy
                0x0c10119c                isr_TIMER2_dummy
                0x0c1011c8                isr_TIMER1_dummy
                0x0c1011f4                isr_TIMER0_dummy
                0x0c101220                isr_UERR01_dummy
                0x0c10124c                isr_WDT_dummy
                0x0c101278                isr_BDMA1_dummy
                0x0c1012a4                isr_BDMA0_dummy
                0x0c1012d0                isr_ZDMA1_dummy
                0x0c1012fc                isr_ZDMA0_dummy
                0x0c101328                isr_TICK_dummy
                0x0c101354                isr_PB_dummy
                0x0c101380                isr_ETHERNET_dummy
                0x0c1013ac                isr_TS_dummy
                0x0c1013d8                isr_KEYPAD_dummy
                0x0c101404                isr_USB_dummy
                0x0c101454                sleep
 .text          0x0c1016a4      0x604 ../../BSP/Debug\libBSP.a(uart.o)
                0x0c1016a4                uart0_init
                0x0c101708                uart0_putchar
                0x0c101768                uart0_getchar
                0x0c1017b0                uart0_puts
                0x0c101818                uart0_putint
                0x0c101928                uart0_puthex
                0x0c1019e0                uart0_gets
                0x0c101a4c                uart0_getint
                0x0c101b04                uart0_gethex
 .text          0x0c101ca8       0xd4 ../../BSP/Debug\libBSP.a(segs.o)
                0x0c101ca8                segs_init
                0x0c101cc4                segs_off
                0x0c101cfc                segs_putchar
                0x0c101d54                segs_status

.glue_7         0x0c101d7c        0x0
 .glue_7        0x00000000        0x0 linker stubs

.glue_7t        0x0c101d7c        0x0
 .glue_7t       0x00000000        0x0 linker stubs

.vfp11_veneer   0x0c101d7c        0x0
 .vfp11_veneer  0x00000000        0x0 linker stubs

.v4_bx          0x0c101d7c        0x0
 .v4_bx         0x00000000        0x0 linker stubs

.rodata         0x0c101d7c      0x680
 *(.rodata)
 .rodata        0x0c101d7c       0xbc ./lab5.o
 .rodata        0x0c101e38      0x5b4 ../../BSP/Debug\libBSP.a(system.o)
 .rodata        0x0c1023ec       0x10 ../../BSP/Debug\libBSP.a(segs.o)

.data           0x0c1023fc        0x0
 *(.data)
 .data          0x0c1023fc        0x0 ./lab5.o
 .data          0x0c1023fc        0x0 ../../BSP/Debug\libBSP.a(rtc.o)
 .data          0x0c1023fc        0x0 ../../BSP/Debug\libBSP.a(system.o)
 .data          0x0c1023fc        0x0 ../../BSP/Debug\libBSP.a(uart.o)
 .data          0x0c1023fc        0x0 ../../BSP/Debug\libBSP.a(segs.o)

.bss            0x0c1023fc        0x2
 *(.bss)
 .bss           0x0c1023fc        0x0 ./lab5.o
 .bss           0x0c1023fc        0x0 ../../BSP/Debug\libBSP.a(rtc.o)
 .bss           0x0c1023fc        0x0 ../../BSP/Debug\libBSP.a(system.o)
 .bss           0x0c1023fc        0x0 ../../BSP/Debug\libBSP.a(uart.o)
 .bss           0x0c1023fc        0x1 ../../BSP/Debug\libBSP.a(segs.o)
 COMMON         0x0c1023fd        0x1 ./lab5.o
                0x0c1023fd                flag
                0x0c1023fe                end = .
OUTPUT(lab5.elf elf32-littlearm)

.debug_abbrev   0x00000000      0x449
 .debug_abbrev  0x00000000       0xc8 ./lab5.o
 .debug_abbrev  0x000000c8       0xe6 ../../BSP/Debug\libBSP.a(rtc.o)
 .debug_abbrev  0x000001ae       0xeb ../../BSP/Debug\libBSP.a(system.o)
 .debug_abbrev  0x00000299       0xfd ../../BSP/Debug\libBSP.a(uart.o)
 .debug_abbrev  0x00000396       0xb3 ../../BSP/Debug\libBSP.a(segs.o)

.debug_info     0x00000000      0xb99
 .debug_info    0x00000000      0x15a ./lab5.o
 .debug_info    0x0000015a      0x23c ../../BSP/Debug\libBSP.a(rtc.o)
 .debug_info    0x00000396      0x421 ../../BSP/Debug\libBSP.a(system.o)
 .debug_info    0x000007b7      0x2d5 ../../BSP/Debug\libBSP.a(uart.o)
 .debug_info    0x00000a8c      0x10d ../../BSP/Debug\libBSP.a(segs.o)

.debug_line     0x00000000      0x577
 .debug_line    0x00000000       0xc5 ./lab5.o
 .debug_line    0x000000c5       0xd6 ../../BSP/Debug\libBSP.a(rtc.o)
 .debug_line    0x0000019b      0x230 ../../BSP/Debug\libBSP.a(system.o)
 .debug_line    0x000003cb      0x119 ../../BSP/Debug\libBSP.a(uart.o)
 .debug_line    0x000004e4       0x93 ../../BSP/Debug\libBSP.a(segs.o)

.debug_macinfo  0x00000000    0x17a91
 .debug_macinfo
                0x00000000     0x4821 ./lab5.o
 .debug_macinfo
                0x00004821     0x4cee ../../BSP/Debug\libBSP.a(rtc.o)
 .debug_macinfo
                0x0000950f     0x5574 ../../BSP/Debug\libBSP.a(system.o)
 .debug_macinfo
                0x0000ea83     0x430d ../../BSP/Debug\libBSP.a(uart.o)
 .debug_macinfo
                0x00012d90     0x4d01 ../../BSP/Debug\libBSP.a(segs.o)

.debug_loc      0x00000000      0xa50
 .debug_loc     0x00000000       0x58 ./lab5.o
 .debug_loc     0x00000058      0x134 ../../BSP/Debug\libBSP.a(rtc.o)
 .debug_loc     0x0000018c      0x688 ../../BSP/Debug\libBSP.a(system.o)
 .debug_loc     0x00000814      0x18c ../../BSP/Debug\libBSP.a(uart.o)
 .debug_loc     0x000009a0       0xb0 ../../BSP/Debug\libBSP.a(segs.o)

.debug_pubnames
                0x00000000      0x437
 .debug_pubnames
                0x00000000       0x31 ./lab5.o
 .debug_pubnames
                0x00000031       0x74 ../../BSP/Debug\libBSP.a(rtc.o)
 .debug_pubnames
                0x000000a5      0x29d ../../BSP/Debug\libBSP.a(system.o)
 .debug_pubnames
                0x00000342       0xa7 ../../BSP/Debug\libBSP.a(uart.o)
 .debug_pubnames
                0x000003e9       0x4e ../../BSP/Debug\libBSP.a(segs.o)

.debug_pubtypes
                0x00000000       0xec
 .debug_pubtypes
                0x00000000       0x42 ./lab5.o
 .debug_pubtypes
                0x00000042       0x36 ../../BSP/Debug\libBSP.a(rtc.o)
 .debug_pubtypes
                0x00000078       0x27 ../../BSP/Debug\libBSP.a(system.o)
 .debug_pubtypes
                0x0000009f       0x31 ../../BSP/Debug\libBSP.a(uart.o)
 .debug_pubtypes
                0x000000d0       0x1c ../../BSP/Debug\libBSP.a(segs.o)

.debug_aranges  0x00000000       0xa0
 .debug_aranges
                0x00000000       0x20 ./lab5.o
 .debug_aranges
                0x00000020       0x20 ../../BSP/Debug\libBSP.a(rtc.o)
 .debug_aranges
                0x00000040       0x20 ../../BSP/Debug\libBSP.a(system.o)
 .debug_aranges
                0x00000060       0x20 ../../BSP/Debug\libBSP.a(uart.o)
 .debug_aranges
                0x00000080       0x20 ../../BSP/Debug\libBSP.a(segs.o)

.debug_str      0x00000000      0x49f
 .debug_str     0x00000000       0xd5 ./lab5.o
                                 0xee (size before relaxing)
 .debug_str     0x000000d5       0x92 ../../BSP/Debug\libBSP.a(rtc.o)
                                0x13c (size before relaxing)
 .debug_str     0x00000167      0x26a ../../BSP/Debug\libBSP.a(system.o)
                                0x30a (size before relaxing)
 .debug_str     0x000003d1       0x85 ../../BSP/Debug\libBSP.a(uart.o)
                                0x130 (size before relaxing)
 .debug_str     0x00000456       0x49 ../../BSP/Debug\libBSP.a(segs.o)
                                 0xe2 (size before relaxing)

.comment        0x00000000       0x2a
 .comment       0x00000000       0x2a ./lab5.o
                                 0x2b (size before relaxing)
 .comment       0x00000000       0x2b ../../BSP/Debug\libBSP.a(rtc.o)
 .comment       0x00000000       0x2b ../../BSP/Debug\libBSP.a(system.o)
 .comment       0x00000000       0x2b ../../BSP/Debug\libBSP.a(uart.o)
 .comment       0x00000000       0x2b ../../BSP/Debug\libBSP.a(segs.o)

.ARM.attributes
                0x00000000       0x32
 .ARM.attributes
                0x00000000       0x32 ./lab5.o
 .ARM.attributes
                0x00000032       0x32 ../../BSP/Debug\libBSP.a(rtc.o)
 .ARM.attributes
                0x00000064       0x32 ../../BSP/Debug\libBSP.a(system.o)
 .ARM.attributes
                0x00000096       0x32 ../../BSP/Debug\libBSP.a(uart.o)
 .ARM.attributes
                0x000000c8       0x32 ../../BSP/Debug\libBSP.a(segs.o)

.debug_frame    0x00000000      0x95c
 .debug_frame   0x00000000       0x58 ./lab5.o
 .debug_frame   0x00000058       0xf4 ../../BSP/Debug\libBSP.a(rtc.o)
 .debug_frame   0x0000014c      0x650 ../../BSP/Debug\libBSP.a(system.o)
 .debug_frame   0x0000079c      0x130 ../../BSP/Debug\libBSP.a(uart.o)
 .debug_frame   0x000008cc       0x90 ../../BSP/Debug\libBSP.a(segs.o)
