Archive member included because of file (symbol)

../../BSP/Debug\libBSP.a(keypad.o)
                              ./lab6.o (keypad_pressed)
../../BSP/Debug\libBSP.a(pbs.o)
                              ./lab6.o (pbs_init)
../../BSP/Debug\libBSP.a(system.o)
                              ./lab6.o (sys_init)
../../BSP/Debug\libBSP.a(timers.o)
                              ./lab6.o (timers_init)
../../BSP/Debug\libBSP.a(uart.o)
                              ./lab6.o (uart0_init)
../../BSP/Debug\libBSP.a(segs.o)
                              ../../BSP/Debug\libBSP.a(system.o) (segs_init)
d:/target/eclipsearm/sourcery-g++-lite-arm-2011.03/bin/../lib/gcc/arm-none-eabi/4.5.2\libgcc.a(_udivsi3.o)
                              ../../BSP/Debug\libBSP.a(timers.o) (__aeabi_uidiv)
d:/target/eclipsearm/sourcery-g++-lite-arm-2011.03/bin/../lib/gcc/arm-none-eabi/4.5.2\libgcc.a(_dvmd_tls.o)
                              d:/target/eclipsearm/sourcery-g++-lite-arm-2011.03/bin/../lib/gcc/arm-none-eabi/4.5.2\libgcc.a(_udivsi3.o) (__aeabi_idiv0)
d:/target/eclipsearm/sourcery-g++-lite-arm-2011.03/bin/../lib/gcc/arm-none-eabi/4.5.2\libgcc.a(_aeabi_uldivmod.o)
                              ../../BSP/Debug\libBSP.a(timers.o) (__aeabi_uldivmod)
d:/target/eclipsearm/sourcery-g++-lite-arm-2011.03/bin/../lib/gcc/arm-none-eabi/4.5.2\libgcc.a(bpabi.o)
                              d:/target/eclipsearm/sourcery-g++-lite-arm-2011.03/bin/../lib/gcc/arm-none-eabi/4.5.2\libgcc.a(_aeabi_uldivmod.o) (__gnu_uldivmod_helper)
d:/target/eclipsearm/sourcery-g++-lite-arm-2011.03/bin/../lib/gcc/arm-none-eabi/4.5.2\libgcc.a(_divdi3.o)
                              d:/target/eclipsearm/sourcery-g++-lite-arm-2011.03/bin/../lib/gcc/arm-none-eabi/4.5.2\libgcc.a(bpabi.o) (__divdi3)
d:/target/eclipsearm/sourcery-g++-lite-arm-2011.03/bin/../lib/gcc/arm-none-eabi/4.5.2\libgcc.a(_udivdi3.o)
                              d:/target/eclipsearm/sourcery-g++-lite-arm-2011.03/bin/../lib/gcc/arm-none-eabi/4.5.2\libgcc.a(bpabi.o) (__udivdi3)
d:/target/eclipsearm/sourcery-g++-lite-arm-2011.03/bin/../lib/gcc/arm-none-eabi/4.5.2\libgcc.a(_clzsi2.o)
                              d:/target/eclipsearm/sourcery-g++-lite-arm-2011.03/bin/../lib/gcc/arm-none-eabi/4.5.2\libgcc.a(_divdi3.o) (__clzsi2)

Allocating common symbols
Common symbol       size              file

flagPbs             0x1               ./lab6.o
flagKeypad          0x1               ./lab6.o
flagTimer0          0x1               ./lab6.o

Memory Configuration

Name             Origin             Length             Attributes
*default*        0x00000000         0xffffffff

Linker script and memory map

LOAD ./lab6.o
LOAD ../../BSP/Debug\libBSP.a
START GROUP
LOAD d:/target/eclipsearm/sourcery-g++-lite-arm-2011.03/bin/../lib/gcc/arm-none-eabi/4.5.2\libgcc.a
LOAD d:/target/eclipsearm/sourcery-g++-lite-arm-2011.03/bin/../lib/gcc/arm-none-eabi/4.5.2/../../../../arm-none-eabi/lib\libc.a
END GROUP
                0x0c100000                . = 0xc100000

.text           0x0c100000     0x3cd0
 *(.text)
 .text          0x0c100000      0xb68 ./lab6.o
                0x0c100000                main
                0x0c100a0c                one_second_loop
                0x0c100a50                isr_timer0
                0x0c100a90                isr_keypad
                0x0c100ad0                isr_pbs
 .text          0x0c100b68      0x500 ../../BSP/Debug\libBSP.a(keypad.o)
                0x0c100b68                keypad_scan
                0x0c100d8c                keypad_pressed
                0x0c100dc4                keypad_open
                0x0c100e1c                keypad_close
                0x0c100e60                keypad_init
                0x0c100e7c                keypad_getchar
                0x0c100ef0                keypad_getchartime
                0x0c100f98                keypad_timeout_getchar
 .text          0x0c101068      0x34c ../../BSP/Debug\libBSP.a(pbs.o)
                0x0c101068                pbs_init
                0x0c101084                pb_scan
                0x0c1010e0                pb_pressed
                0x0c101118                pb_getchar
                0x0c10118c                pb_timeout_getchar
                0x0c101260                pb_getchartime
                0x0c101308                pbs_open
                0x0c101370                pbs_close
 .text          0x0c1013b4      0xcfc ../../BSP/Debug\libBSP.a(system.o)
                0x0c1013b4                sys_init
                0x0c101924                isr_SWI_dummy
                0x0c101950                isr_UNDEF_dummy
                0x0c10197c                isr_IRQ_dummy
                0x0c1019a8                isr_FIQ_dummy
                0x0c1019d4                isr_PABORT_dummy
                0x0c101a00                isr_DABORT_dummy
                0x0c101a2c                isr_ADC_dummy
                0x0c101a54                isr_RTC_dummy
                0x0c101a7c                isr_UTXD1_dummy
                0x0c101aa4                isr_UTXD0_dummy
                0x0c101acc                isr_SIO_dummy
                0x0c101af4                isr_IIC_dummy
                0x0c101b1c                isr_URXD1_dummy
                0x0c101b44                isr_URXD0_dummy
                0x0c101b6c                isr_TIMER5_dummy
                0x0c101b94                isr_TIMER4_dummy
                0x0c101bbc                isr_TIMER3_dummy
                0x0c101be4                isr_TIMER2_dummy
                0x0c101c0c                isr_TIMER1_dummy
                0x0c101c34                isr_TIMER0_dummy
                0x0c101c5c                isr_UERR01_dummy
                0x0c101c84                isr_WDT_dummy
                0x0c101cac                isr_BDMA1_dummy
                0x0c101cd4                isr_BDMA0_dummy
                0x0c101cfc                isr_ZDMA1_dummy
                0x0c101d24                isr_ZDMA0_dummy
                0x0c101d4c                isr_TICK_dummy
                0x0c101d74                isr_PB_dummy
                0x0c101d9c                isr_ETHERNET_dummy
                0x0c101dc4                isr_TS_dummy
                0x0c101dec                isr_KEYPAD_dummy
                0x0c101e14                isr_USB_dummy
                0x0c101e60                sleep
 .text          0x0c1020b0      0xa50 ../../BSP/Debug\libBSP.a(timers.o)
                0x0c1020b0                timers_init
                0x0c102270                wait_for_1ms
                0x0c102328                timer3_delay_ms
                0x0c10236c                sw_delay_ms
                0x0c1023c4                wait_for_1s
                0x0c102488                timer3_delay_s
                0x0c1024cc                sw_delay_s
                0x0c102524                timer3_start
                0x0c1025d4                timer3_stop
                0x0c102628                timer3_start_timeout
                0x0c1026e0                timer3_timeout
                0x0c10271c                timer0_open_tick
                0x0c102960                timer0_open_ms
                0x0c102a6c                timer0_close
 .text          0x0c102b00      0x604 ../../BSP/Debug\libBSP.a(uart.o)
                0x0c102b00                uart0_init
                0x0c102b64                uart0_putchar
                0x0c102bc4                uart0_getchar
                0x0c102c0c                uart0_puts
                0x0c102c74                uart0_putint
                0x0c102d84                uart0_puthex
                0x0c102e3c                uart0_gets
                0x0c102ea8                uart0_getint
                0x0c102f60                uart0_gethex
 .text          0x0c103104       0xd4 ../../BSP/Debug\libBSP.a(segs.o)
                0x0c103104                segs_init
                0x0c103120                segs_off
                0x0c103158                segs_putchar
                0x0c1031b0                segs_status
 .text          0x0c1031d8      0x114 d:/target/eclipsearm/sourcery-g++-lite-arm-2011.03/bin/../lib/gcc/arm-none-eabi/4.5.2\libgcc.a(_udivsi3.o)
                0x0c1031d8                __aeabi_uidiv
                0x0c1031d8                __udivsi3
                0x0c1032cc                __aeabi_uidivmod
 .text          0x0c1032ec        0x4 d:/target/eclipsearm/sourcery-g++-lite-arm-2011.03/bin/../lib/gcc/arm-none-eabi/4.5.2\libgcc.a(_dvmd_tls.o)
                0x0c1032ec                __aeabi_idiv0
                0x0c1032ec                __aeabi_ldiv0
 .text          0x0c1032f0       0x3c d:/target/eclipsearm/sourcery-g++-lite-arm-2011.03/bin/../lib/gcc/arm-none-eabi/4.5.2\libgcc.a(_aeabi_uldivmod.o)
                0x0c1032f0                __aeabi_uldivmod
 .text          0x0c10332c       0x80 d:/target/eclipsearm/sourcery-g++-lite-arm-2011.03/bin/../lib/gcc/arm-none-eabi/4.5.2\libgcc.a(bpabi.o)
                0x0c10332c                __gnu_ldivmod_helper
                0x0c10336c                __gnu_uldivmod_helper
 .text          0x0c1033ac      0x4a8 d:/target/eclipsearm/sourcery-g++-lite-arm-2011.03/bin/../lib/gcc/arm-none-eabi/4.5.2\libgcc.a(_divdi3.o)
                0x0c1033ac                __divdi3
 .text          0x0c103854      0x434 d:/target/eclipsearm/sourcery-g++-lite-arm-2011.03/bin/../lib/gcc/arm-none-eabi/4.5.2\libgcc.a(_udivdi3.o)
                0x0c103854                __udivdi3
 .text          0x0c103c88       0x48 d:/target/eclipsearm/sourcery-g++-lite-arm-2011.03/bin/../lib/gcc/arm-none-eabi/4.5.2\libgcc.a(_clzsi2.o)
                0x0c103c88                __clzsi2

.glue_7         0x0c103cd0        0x0
 .glue_7        0x00000000        0x0 linker stubs

.glue_7t        0x0c103cd0        0x0
 .glue_7t       0x00000000        0x0 linker stubs

.vfp11_veneer   0x0c103cd0        0x0
 .vfp11_veneer  0x00000000        0x0 linker stubs

.v4_bx          0x0c103cd0        0x0
 .v4_bx         0x00000000        0x0 linker stubs

.rodata         0x0c103cd0      0xea0
 *(.rodata)
 .rodata        0x0c103cd0      0x8dc ./lab6.o
 .rodata        0x0c1045ac      0x5b4 ../../BSP/Debug\libBSP.a(system.o)
 .rodata        0x0c104b60       0x10 ../../BSP/Debug\libBSP.a(segs.o)

.ARM.extab      0x0c104b70        0x0
 .ARM.extab     0x0c104b70        0x0 d:/target/eclipsearm/sourcery-g++-lite-arm-2011.03/bin/../lib/gcc/arm-none-eabi/4.5.2\libgcc.a(_divdi3.o)
 .ARM.extab     0x0c104b70        0x0 d:/target/eclipsearm/sourcery-g++-lite-arm-2011.03/bin/../lib/gcc/arm-none-eabi/4.5.2\libgcc.a(_udivdi3.o)

.ARM.exidx      0x0c104b70        0x8
 .ARM.exidx     0x0c104b70        0x8 d:/target/eclipsearm/sourcery-g++-lite-arm-2011.03/bin/../lib/gcc/arm-none-eabi/4.5.2\libgcc.a(_divdi3.o)
 .ARM.exidx     0x0c104b78        0x0 d:/target/eclipsearm/sourcery-g++-lite-arm-2011.03/bin/../lib/gcc/arm-none-eabi/4.5.2\libgcc.a(_udivdi3.o)
                                  0x8 (size before relaxing)

.data           0x0c104b78        0x0
 *(.data)
 .data          0x0c104b78        0x0 ./lab6.o
 .data          0x0c104b78        0x0 ../../BSP/Debug\libBSP.a(keypad.o)
 .data          0x0c104b78        0x0 ../../BSP/Debug\libBSP.a(pbs.o)
 .data          0x0c104b78        0x0 ../../BSP/Debug\libBSP.a(system.o)
 .data          0x0c104b78        0x0 ../../BSP/Debug\libBSP.a(timers.o)
 .data          0x0c104b78        0x0 ../../BSP/Debug\libBSP.a(uart.o)
 .data          0x0c104b78        0x0 ../../BSP/Debug\libBSP.a(segs.o)
 .data          0x0c104b78        0x0 d:/target/eclipsearm/sourcery-g++-lite-arm-2011.03/bin/../lib/gcc/arm-none-eabi/4.5.2\libgcc.a(_udivsi3.o)
 .data          0x0c104b78        0x0 d:/target/eclipsearm/sourcery-g++-lite-arm-2011.03/bin/../lib/gcc/arm-none-eabi/4.5.2\libgcc.a(_dvmd_tls.o)
 .data          0x0c104b78        0x0 d:/target/eclipsearm/sourcery-g++-lite-arm-2011.03/bin/../lib/gcc/arm-none-eabi/4.5.2\libgcc.a(_aeabi_uldivmod.o)
 .data          0x0c104b78        0x0 d:/target/eclipsearm/sourcery-g++-lite-arm-2011.03/bin/../lib/gcc/arm-none-eabi/4.5.2\libgcc.a(bpabi.o)
 .data          0x0c104b78        0x0 d:/target/eclipsearm/sourcery-g++-lite-arm-2011.03/bin/../lib/gcc/arm-none-eabi/4.5.2\libgcc.a(_divdi3.o)
 .data          0x0c104b78        0x0 d:/target/eclipsearm/sourcery-g++-lite-arm-2011.03/bin/../lib/gcc/arm-none-eabi/4.5.2\libgcc.a(_udivdi3.o)
 .data          0x0c104b78        0x0 d:/target/eclipsearm/sourcery-g++-lite-arm-2011.03/bin/../lib/gcc/arm-none-eabi/4.5.2\libgcc.a(_clzsi2.o)

.bss            0x0c104b78        0xc
 *(.bss)
 .bss           0x0c104b78        0x0 ./lab6.o
 .bss           0x0c104b78        0x0 ../../BSP/Debug\libBSP.a(keypad.o)
 .bss           0x0c104b78        0x0 ../../BSP/Debug\libBSP.a(pbs.o)
 .bss           0x0c104b78        0x0 ../../BSP/Debug\libBSP.a(system.o)
 .bss           0x0c104b78        0x8 ../../BSP/Debug\libBSP.a(timers.o)
 .bss           0x0c104b80        0x0 ../../BSP/Debug\libBSP.a(uart.o)
 .bss           0x0c104b80        0x1 ../../BSP/Debug\libBSP.a(segs.o)
 .bss           0x0c104b81        0x0 d:/target/eclipsearm/sourcery-g++-lite-arm-2011.03/bin/../lib/gcc/arm-none-eabi/4.5.2\libgcc.a(_udivsi3.o)
 .bss           0x0c104b81        0x0 d:/target/eclipsearm/sourcery-g++-lite-arm-2011.03/bin/../lib/gcc/arm-none-eabi/4.5.2\libgcc.a(_dvmd_tls.o)
 .bss           0x0c104b81        0x0 d:/target/eclipsearm/sourcery-g++-lite-arm-2011.03/bin/../lib/gcc/arm-none-eabi/4.5.2\libgcc.a(_aeabi_uldivmod.o)
 .bss           0x0c104b81        0x0 d:/target/eclipsearm/sourcery-g++-lite-arm-2011.03/bin/../lib/gcc/arm-none-eabi/4.5.2\libgcc.a(bpabi.o)
 .bss           0x0c104b81        0x0 d:/target/eclipsearm/sourcery-g++-lite-arm-2011.03/bin/../lib/gcc/arm-none-eabi/4.5.2\libgcc.a(_divdi3.o)
 .bss           0x0c104b81        0x0 d:/target/eclipsearm/sourcery-g++-lite-arm-2011.03/bin/../lib/gcc/arm-none-eabi/4.5.2\libgcc.a(_udivdi3.o)
 .bss           0x0c104b81        0x0 d:/target/eclipsearm/sourcery-g++-lite-arm-2011.03/bin/../lib/gcc/arm-none-eabi/4.5.2\libgcc.a(_clzsi2.o)
 COMMON         0x0c104b81        0x3 ./lab6.o
                0x0c104b81                flagPbs
                0x0c104b82                flagKeypad
                0x0c104b83                flagTimer0
                0x0c104b84                end = .
OUTPUT(lab6.elf elf32-littlearm)

.debug_abbrev   0x00000000      0x618
 .debug_abbrev  0x00000000       0xd2 ./lab6.o
 .debug_abbrev  0x000000d2       0xe9 ../../BSP/Debug\libBSP.a(keypad.o)
 .debug_abbrev  0x000001bb       0xd2 ../../BSP/Debug\libBSP.a(pbs.o)
 .debug_abbrev  0x0000028d       0xeb ../../BSP/Debug\libBSP.a(system.o)
 .debug_abbrev  0x00000378       0xf0 ../../BSP/Debug\libBSP.a(timers.o)
 .debug_abbrev  0x00000468       0xfd ../../BSP/Debug\libBSP.a(uart.o)
 .debug_abbrev  0x00000565       0xb3 ../../BSP/Debug\libBSP.a(segs.o)

.debug_info     0x00000000      0xfe2
 .debug_info    0x00000000      0x1ab ./lab6.o
 .debug_info    0x000001ab      0x1be ../../BSP/Debug\libBSP.a(keypad.o)
 .debug_info    0x00000369      0x1af ../../BSP/Debug\libBSP.a(pbs.o)
 .debug_info    0x00000518      0x422 ../../BSP/Debug\libBSP.a(system.o)
 .debug_info    0x0000093a      0x2c6 ../../BSP/Debug\libBSP.a(timers.o)
 .debug_info    0x00000c00      0x2d5 ../../BSP/Debug\libBSP.a(uart.o)
 .debug_info    0x00000ed5      0x10d ../../BSP/Debug\libBSP.a(segs.o)

.debug_line     0x00000000      0x9cd
 .debug_line    0x00000000      0x24d ./lab6.o
 .debug_line    0x0000024d      0x11f ../../BSP/Debug\libBSP.a(keypad.o)
 .debug_line    0x0000036c       0xf6 ../../BSP/Debug\libBSP.a(pbs.o)
 .debug_line    0x00000462      0x230 ../../BSP/Debug\libBSP.a(system.o)
 .debug_line    0x00000692      0x18f ../../BSP/Debug\libBSP.a(timers.o)
 .debug_line    0x00000821      0x119 ../../BSP/Debug\libBSP.a(uart.o)
 .debug_line    0x0000093a       0x93 ../../BSP/Debug\libBSP.a(segs.o)

.debug_macinfo  0x00000000    0x2232d
 .debug_macinfo
                0x00000000     0x5445 ./lab6.o
 .debug_macinfo
                0x00005445     0x4eba ../../BSP/Debug\libBSP.a(keypad.o)
 .debug_macinfo
                0x0000a2ff     0x4d91 ../../BSP/Debug\libBSP.a(pbs.o)
 .debug_macinfo
                0x0000f090     0x5574 ../../BSP/Debug\libBSP.a(system.o)
 .debug_macinfo
                0x00014604     0x4d1b ../../BSP/Debug\libBSP.a(timers.o)
 .debug_macinfo
                0x0001931f     0x430d ../../BSP/Debug\libBSP.a(uart.o)
 .debug_macinfo
                0x0001d62c     0x4d01 ../../BSP/Debug\libBSP.a(segs.o)

.debug_loc      0x00000000      0xef4
 .debug_loc     0x00000000       0xdc ./lab6.o
 .debug_loc     0x000000dc      0x160 ../../BSP/Debug\libBSP.a(keypad.o)
 .debug_loc     0x0000023c      0x160 ../../BSP/Debug\libBSP.a(pbs.o)
 .debug_loc     0x0000039c      0x688 ../../BSP/Debug\libBSP.a(system.o)
 .debug_loc     0x00000a24      0x294 ../../BSP/Debug\libBSP.a(timers.o)
 .debug_loc     0x00000cb8      0x18c ../../BSP/Debug\libBSP.a(uart.o)
 .debug_loc     0x00000e44       0xb0 ../../BSP/Debug\libBSP.a(segs.o)

.debug_pubnames
                0x00000000      0x65d
 .debug_pubnames
                0x00000000       0x83 ./lab6.o
 .debug_pubnames
                0x00000083       0xab ../../BSP/Debug\libBSP.a(keypad.o)
 .debug_pubnames
                0x0000012e       0x8e ../../BSP/Debug\libBSP.a(pbs.o)
 .debug_pubnames
                0x000001bc      0x29d ../../BSP/Debug\libBSP.a(system.o)
 .debug_pubnames
                0x00000459      0x10f ../../BSP/Debug\libBSP.a(timers.o)
 .debug_pubnames
                0x00000568       0xa7 ../../BSP/Debug\libBSP.a(uart.o)
 .debug_pubnames
                0x0000060f       0x4e ../../BSP/Debug\libBSP.a(segs.o)

.debug_pubtypes
                0x00000000      0x153
 .debug_pubtypes
                0x00000000       0x3e ./lab6.o
 .debug_pubtypes
                0x0000003e       0x32 ../../BSP/Debug\libBSP.a(keypad.o)
 .debug_pubtypes
                0x00000070       0x32 ../../BSP/Debug\libBSP.a(pbs.o)
 .debug_pubtypes
                0x000000a2       0x27 ../../BSP/Debug\libBSP.a(system.o)
 .debug_pubtypes
                0x000000c9       0x3d ../../BSP/Debug\libBSP.a(timers.o)
 .debug_pubtypes
                0x00000106       0x31 ../../BSP/Debug\libBSP.a(uart.o)
 .debug_pubtypes
                0x00000137       0x1c ../../BSP/Debug\libBSP.a(segs.o)

.debug_aranges  0x00000000       0xe0
 .debug_aranges
                0x00000000       0x20 ./lab6.o
 .debug_aranges
                0x00000020       0x20 ../../BSP/Debug\libBSP.a(keypad.o)
 .debug_aranges
                0x00000040       0x20 ../../BSP/Debug\libBSP.a(pbs.o)
 .debug_aranges
                0x00000060       0x20 ../../BSP/Debug\libBSP.a(system.o)
 .debug_aranges
                0x00000080       0x20 ../../BSP/Debug\libBSP.a(timers.o)
 .debug_aranges
                0x000000a0       0x20 ../../BSP/Debug\libBSP.a(uart.o)
 .debug_aranges
                0x000000c0       0x20 ../../BSP/Debug\libBSP.a(segs.o)

.debug_str      0x00000000      0x634
 .debug_str     0x00000000       0xfa ./lab6.o
                                0x118 (size before relaxing)
 .debug_str     0x000000fa       0xa0 ../../BSP/Debug\libBSP.a(keypad.o)
                                0x132 (size before relaxing)
 .debug_str     0x0000019a       0x69 ../../BSP/Debug\libBSP.a(pbs.o)
                                0x112 (size before relaxing)
 .debug_str     0x00000203      0x26a ../../BSP/Debug\libBSP.a(system.o)
                                0x303 (size before relaxing)
 .debug_str     0x0000046d       0xf9 ../../BSP/Debug\libBSP.a(timers.o)
                                0x19e (size before relaxing)
 .debug_str     0x00000566       0x85 ../../BSP/Debug\libBSP.a(uart.o)
                                0x129 (size before relaxing)
 .debug_str     0x000005eb       0x49 ../../BSP/Debug\libBSP.a(segs.o)
                                 0xdb (size before relaxing)

.comment        0x00000000       0x2a
 .comment       0x00000000       0x2a ./lab6.o
                                 0x2b (size before relaxing)
 .comment       0x00000000       0x2b ../../BSP/Debug\libBSP.a(keypad.o)
 .comment       0x00000000       0x2b ../../BSP/Debug\libBSP.a(pbs.o)
 .comment       0x00000000       0x2b ../../BSP/Debug\libBSP.a(system.o)
 .comment       0x00000000       0x2b ../../BSP/Debug\libBSP.a(timers.o)
 .comment       0x00000000       0x2b ../../BSP/Debug\libBSP.a(uart.o)
 .comment       0x00000000       0x2b ../../BSP/Debug\libBSP.a(segs.o)

.ARM.attributes
                0x00000000       0x32
 .ARM.attributes
                0x00000000       0x32 ./lab6.o
 .ARM.attributes
                0x00000032       0x32 ../../BSP/Debug\libBSP.a(keypad.o)
 .ARM.attributes
                0x00000064       0x32 ../../BSP/Debug\libBSP.a(pbs.o)
 .ARM.attributes
                0x00000096       0x32 ../../BSP/Debug\libBSP.a(system.o)
 .ARM.attributes
                0x000000c8       0x32 ../../BSP/Debug\libBSP.a(timers.o)
 .ARM.attributes
                0x000000fa       0x32 ../../BSP/Debug\libBSP.a(uart.o)
 .ARM.attributes
                0x0000012c       0x32 ../../BSP/Debug\libBSP.a(segs.o)
 .ARM.attributes
                0x0000015e       0x1a d:/target/eclipsearm/sourcery-g++-lite-arm-2011.03/bin/../lib/gcc/arm-none-eabi/4.5.2\libgcc.a(_udivsi3.o)
 .ARM.attributes
                0x00000178       0x18 d:/target/eclipsearm/sourcery-g++-lite-arm-2011.03/bin/../lib/gcc/arm-none-eabi/4.5.2\libgcc.a(_dvmd_tls.o)
 .ARM.attributes
                0x00000190       0x1a d:/target/eclipsearm/sourcery-g++-lite-arm-2011.03/bin/../lib/gcc/arm-none-eabi/4.5.2\libgcc.a(_aeabi_uldivmod.o)
 .ARM.attributes
                0x000001aa       0x34 d:/target/eclipsearm/sourcery-g++-lite-arm-2011.03/bin/../lib/gcc/arm-none-eabi/4.5.2\libgcc.a(bpabi.o)
 .ARM.attributes
                0x000001de       0x34 d:/target/eclipsearm/sourcery-g++-lite-arm-2011.03/bin/../lib/gcc/arm-none-eabi/4.5.2\libgcc.a(_divdi3.o)
 .ARM.attributes
                0x00000212       0x34 d:/target/eclipsearm/sourcery-g++-lite-arm-2011.03/bin/../lib/gcc/arm-none-eabi/4.5.2\libgcc.a(_udivdi3.o)
 .ARM.attributes
                0x00000246       0x1a d:/target/eclipsearm/sourcery-g++-lite-arm-2011.03/bin/../lib/gcc/arm-none-eabi/4.5.2\libgcc.a(_clzsi2.o)

.debug_frame    0x00000000      0xca4
 .debug_frame   0x00000000       0xcc ./lab6.o
 .debug_frame   0x000000cc      0x110 ../../BSP/Debug\libBSP.a(keypad.o)
 .debug_frame   0x000001dc      0x110 ../../BSP/Debug\libBSP.a(pbs.o)
 .debug_frame   0x000002ec      0x518 ../../BSP/Debug\libBSP.a(system.o)
 .debug_frame   0x00000804      0x1f8 ../../BSP/Debug\libBSP.a(timers.o)
 .debug_frame   0x000009fc      0x130 ../../BSP/Debug\libBSP.a(uart.o)
 .debug_frame   0x00000b2c       0x90 ../../BSP/Debug\libBSP.a(segs.o)
 .debug_frame   0x00000bbc       0x20 d:/target/eclipsearm/sourcery-g++-lite-arm-2011.03/bin/../lib/gcc/arm-none-eabi/4.5.2\libgcc.a(_udivsi3.o)
 .debug_frame   0x00000bdc       0x50 d:/target/eclipsearm/sourcery-g++-lite-arm-2011.03/bin/../lib/gcc/arm-none-eabi/4.5.2\libgcc.a(bpabi.o)
 .debug_frame   0x00000c2c       0x3c d:/target/eclipsearm/sourcery-g++-lite-arm-2011.03/bin/../lib/gcc/arm-none-eabi/4.5.2\libgcc.a(_divdi3.o)
 .debug_frame   0x00000c68       0x3c d:/target/eclipsearm/sourcery-g++-lite-arm-2011.03/bin/../lib/gcc/arm-none-eabi/4.5.2\libgcc.a(_udivdi3.o)
